Archive member included to satisfy reference by file (symbol)

liblua.a(lapi.c.o)            CMakeFiles/LuaPicoTest.dir/src/lua_libraries/lua_gpio.c.o (lua_settop)
liblua.a(lauxlib.c.o)         CMakeFiles/LuaPicoTest.dir/src/lua_libraries/lua_gpio.c.o (luaL_checkinteger)
liblua.a(ldebug.c.o)          liblua.a(lauxlib.c.o) (lua_getstack)
liblua.a(ldo.c.o)             liblua.a(lapi.c.o) (luaD_throw)
liblua.a(ldump.c.o)           liblua.a(lapi.c.o) (luaU_dump)
liblua.a(lfunc.c.o)           liblua.a(lapi.c.o) (luaF_newCclosure)
liblua.a(lgc.c.o)             liblua.a(lapi.c.o) (luaC_barrier_)
liblua.a(linit.c.o)           CMakeFiles/LuaPicoTest.dir/src/lua_libraries/lua_init.c.o (luaL_openselectedlibs)
liblua.a(liolib.c.o)          liblua.a(linit.c.o) (luaopen_io)
liblua.a(lmathlib.c.o)        liblua.a(linit.c.o) (luaopen_math)
liblua.a(lmem.c.o)            liblua.a(ldo.c.o) (luaM_free_)
liblua.a(loadlib.c.o)         liblua.a(linit.c.o) (luaopen_package)
liblua.a(lobject.c.o)         liblua.a(lapi.c.o) (luaO_codeparam)
liblua.a(lopcodes.c.o)        liblua.a(ldebug.c.o) (luaP_isIT)
liblua.a(loslib.c.o)          liblua.a(linit.c.o) (luaopen_os)
liblua.a(lparser.c.o)         liblua.a(ldo.c.o) (luaY_parser)
liblua.a(lstate.c.o)          liblua.a(lapi.c.o) (luaE_setdebt)
liblua.a(lstring.c.o)         liblua.a(lgc.c.o) (luaS_resize)
liblua.a(lstrlib.c.o)         liblua.a(linit.c.o) (luaopen_string)
liblua.a(ltable.c.o)          liblua.a(lapi.c.o) (luaH_next)
liblua.a(ltablib.c.o)         liblua.a(linit.c.o) (luaopen_table)
liblua.a(ltm.c.o)             liblua.a(lstate.c.o) (luaT_init)
liblua.a(lundump.c.o)         liblua.a(ldo.c.o) (luaU_undump)
liblua.a(lutf8lib.c.o)        liblua.a(linit.c.o) (luaopen_utf8)
liblua.a(lvm.c.o)             liblua.a(lapi.c.o) (luaV_tonumber_)
liblua.a(lzio.c.o)            liblua.a(ldo.c.o) (luaZ_fill)
liblua.a(lbaselib.c.o)        liblua.a(linit.c.o) (luaopen_base)
liblua.a(lcode.c.o)           liblua.a(lparser.c.o) (luaK_semerror)
liblua.a(lcorolib.c.o)        liblua.a(linit.c.o) (luaopen_coroutine)
liblua.a(lctype.c.o)          liblua.a(lobject.c.o) (luai_ctype_)
liblua.a(ldblib.c.o)          liblua.a(linit.c.o) (luaopen_debug)
liblua.a(llex.c.o)            liblua.a(lstate.c.o) (luaX_init)
/usr/lib/gcc/arm-none-eabi/13.2.1/../../../arm-none-eabi/lib/thumb/v6-m/nofp/libm.a(libm_a-s_frexp.o)
                              liblua.a(lmathlib.c.o) (frexp)
/usr/lib/gcc/arm-none-eabi/13.2.1/thumb/v6-m/nofp/libgcc.a(_dvmd_tls.o)
                              CMakeFiles/LuaPicoTest.dir/home/benji/pico-sdk/src/rp2_common/pico_divider/divider_hardware.S.o (__aeabi_idiv0)
/usr/lib/gcc/arm-none-eabi/13.2.1/../../../arm-none-eabi/lib/thumb/v6-m/nofp/libg.a(libc_a-getenv.o)
                              liblua.a(loadlib.c.o) (getenv)
/usr/lib/gcc/arm-none-eabi/13.2.1/../../../arm-none-eabi/lib/thumb/v6-m/nofp/libg.a(libc_a-fread.o)
                              liblua.a(lauxlib.c.o) (fread)
/usr/lib/gcc/arm-none-eabi/13.2.1/../../../arm-none-eabi/lib/thumb/v6-m/nofp/libg.a(libc_a-getc.o)
                              liblua.a(lauxlib.c.o) (getc)
/usr/lib/gcc/arm-none-eabi/13.2.1/../../../arm-none-eabi/lib/thumb/v6-m/nofp/libg.a(libc_a-memchr-stub.o)
                              liblua.a(lstrlib.c.o) (memchr)
/usr/lib/gcc/arm-none-eabi/13.2.1/../../../arm-none-eabi/lib/thumb/v6-m/nofp/libg.a(libc_a-localeconv.o)
                              liblua.a(liolib.c.o) (localeconv)
/usr/lib/gcc/arm-none-eabi/13.2.1/../../../arm-none-eabi/lib/thumb/v6-m/nofp/libg.a(libc_a-ftell.o)
                              liblua.a(liolib.c.o) (ftell)
/usr/lib/gcc/arm-none-eabi/13.2.1/../../../arm-none-eabi/lib/thumb/v6-m/nofp/libg.a(libc_a-system.o)
                              liblua.a(loslib.c.o) (system)
/usr/lib/gcc/arm-none-eabi/13.2.1/../../../arm-none-eabi/lib/thumb/v6-m/nofp/libg.a(libc_a-strtod.o)
                              liblua.a(lobject.c.o) (strtod)
/usr/lib/gcc/arm-none-eabi/13.2.1/../../../arm-none-eabi/lib/thumb/v6-m/nofp/libg.a(libc_a-lcltime.o)
                              liblua.a(loslib.c.o) (localtime)
/usr/lib/gcc/arm-none-eabi/13.2.1/../../../arm-none-eabi/lib/thumb/v6-m/nofp/libg.a(libc_a-locale.o)
                              /usr/lib/gcc/arm-none-eabi/13.2.1/../../../arm-none-eabi/lib/thumb/v6-m/nofp/libg.a(libc_a-localeconv.o) (__global_locale)
/usr/lib/gcc/arm-none-eabi/13.2.1/../../../arm-none-eabi/lib/thumb/v6-m/nofp/libg.a(libc_a-strchr.o)
                              liblua.a(ldebug.c.o) (strchr)
/usr/lib/gcc/arm-none-eabi/13.2.1/../../../arm-none-eabi/lib/thumb/v6-m/nofp/libg.a(libc_a-strcmp.o)
                              liblua.a(lauxlib.c.o) (strcmp)
/usr/lib/gcc/arm-none-eabi/13.2.1/../../../arm-none-eabi/lib/thumb/v6-m/nofp/libg.a(libc_a-gdtoa-gethex.o)
                              /usr/lib/gcc/arm-none-eabi/13.2.1/../../../arm-none-eabi/lib/thumb/v6-m/nofp/libg.a(libc_a-strtod.o) (__gethex)
[...]
Memory Configuration

Name             Origin             Length             Attributes
FLASH            0x10000000         0x00200000         xr
RAM              0x20000000         0x00040000         xrw
SCRATCH_X        0x20040000         0x00001000         xrw
SCRATCH_Y        0x20041000         0x00001000         xrw
*default*        0x00000000         0xffffffff

Linker script and memory map

LOAD /usr/lib/gcc/arm-none-eabi/13.2.1/thumb/v6-m/nofp/crti.o
LOAD /usr/lib/gcc/arm-none-eabi/13.2.1/thumb/v6-m/nofp/crtbegin.o
LOAD /usr/lib/gcc/arm-none-eabi/13.2.1/../../../arm-none-eabi/lib/thumb/v6-m/nofp/crt0.o

.flash_begin    0x10000000        0x0
                0x10000000                        __flash_binary_start = .

.boot2          0x10000000      0x100
                0x10000000                        __boot2_start__ = .
 *(.boot2)
 .boot2         0x10000000      0x100 pico-sdk/src/rp2040/boot_stage2/CMakeFiles/bs2_default_library.dir/bs2_default_padded_checksummed.S.o
                0x10000100                        __boot2_end__ = .
                0x00000001                        ASSERT (((__boot2_end__ - __boot2_start__) == 0x100), ERROR: Pico second stage bootloader must be 256 bytes in size)

.text           0x10000100    0x3cc98
                0x10000100                        __logical_binary_start = .
 *(.vectors)
 .vectors       0x10000100       0xd4 CMakeFiles/LuaPicoTest.dir/home/benji/pico-sdk/src/rp2_common/pico_crt0/crt0.S.o
                0x10000100                __vectors
                0x10000100                __VECTOR_TABLE
                0x100001c0                isr_irq30
                0x100001c0                __unhandled_user_irq
                0x100001c0                isr_irq13
                0x100001c0                isr_irq27
                0x100001c0                isr_irq31
                0x100001c0                isr_irq5
                0x100001c0                isr_irq11
                0x100001c0                isr_irq23
                0x100001c0                isr_irq18
                0x100001c0                isr_irq28
                0x100001c0                isr_irq19
                0x100001c0                isr_irq0
                0x100001c0                isr_irq6
                0x100001c0                isr_irq22
                0x100001c0                isr_irq17
                0x100001c0                isr_irq14
                0x100001c0                __vectors_end
                0x100001c0                __default_isrs_start
                0x100001c0                isr_irq2
                0x100001c0                isr_irq10
                0x100001c0                isr_irq8
                0x100001c0                isr_irq24
                0x100001c0                isr_irq1
                0x100001c0                isr_irq7
                0x100001c0                isr_irq21
                0x100001c0                isr_irq20
                0x100001c0                isr_irq15
                0x100001c0                isr_irq25
                0x100001c0                isr_irq4
                0x100001c0                isr_irq16
                0x100001c0                isr_irq29
                0x100001c0                isr_irq26
                0x100001c0                isr_irq3
                0x100001c0                isr_irq12
                0x100001c0                isr_irq9
                0x100001c6                unhandled_user_irq_num_in_r0
                0x100001c8                isr_invalid
                0x100001ca                isr_nmi
                0x100001cc                isr_hardfault
                0x100001ce                isr_svcall
                0x100001d0                isr_pendsv
                0x100001d2                isr_systick
                0x100001d4                __default_isrs_end
 *(.binary_info_header)
 .binary_info_header
                0x100001d4       0x14 CMakeFiles/LuaPicoTest.dir/home/benji/pico-sdk/src/rp2_common/pico_crt0/crt0.S.o
                0x100001e8                        __binary_info_header_end = .
 *(.embedded_block)
                0x100001e8                        __embedded_block_end = .
 *(.reset)
 .reset         0x100001e8       0x9c CMakeFiles/LuaPicoTest.dir/home/benji/pico-sdk/src/rp2_common/pico_crt0/crt0.S.o
                0x100001e8                _entry_point
 *(.init)
 .init          0x10000284        0x4 /usr/lib/gcc/arm-none-eabi/13.2.1/thumb/v6-m/nofp/crti.o
                0x10000284                _init
 *(EXCLUDE_FILE(*libm.a: *libc.a:*lib_a-mem*.o *libgcc.a:) .text*)
 .text          0x10000288       0x98 /usr/lib/gcc/arm-none-eabi/13.2.1/thumb/v6-m/nofp/crtbegin.o
 .text.startup.main
                0x10000320       0x68 CMakeFiles/LuaPicoTest.dir/main.c.o
                0x10000320                main
 .text.lua_gpio_init
                0x10000388       0x2c CMakeFiles/LuaPicoTest.dir/src/lua_libraries/lua_gpio.c.o
 .text.lua_gpio_set_output
                0x100003b4       0x3c CMakeFiles/LuaPicoTest.dir/src/lua_libraries/lua_gpio.c.o
 .text.lua_open_gpio_library
                0x100003f0       0x6c CMakeFiles/LuaPicoTest.dir/src/lua_libraries/lua_gpio.c.o
                0x100003f0                lua_open_gpio_library
 .text.init_lua
                0x1000045c       0x38 CMakeFiles/LuaPicoTest.dir/src/lua_libraries/lua_init.c.o
                0x1000045c                init_lua
 .text.lua_delay
                0x10000494       0x10 CMakeFiles/LuaPicoTest.dir/src/lua_libraries/lua_timer.c.o
 .text.lua_open_timer_library
                0x100004a4       0x50 CMakeFiles/LuaPicoTest.dir/src/lua_libraries/lua_timer.c.o
                0x100004a4                lua_open_timer_library
 .text.hal_gpio_init
                0x100004f4       0x14 CMakeFiles/LuaPicoTest.dir/src/hal/hal_gpio.c.o
                0x100004f4                hal_gpio_init
 .text.hal_gpio_set_output
                0x10000508       0x14 CMakeFiles/LuaPicoTest.dir/src/hal/hal_gpio.c.o
                0x10000508                hal_gpio_set_output
 .text.hal_timer_delay_ms
                0x1000051c       0x4c CMakeFiles/LuaPicoTest.dir/src/hal/hal_timer.c.o
                0x1000051c                hal_timer_delay_ms
 .text.gpio_set_function
                0x10000568       0x34 CMakeFiles/LuaPicoTest.dir/home/benji/pico-sdk/src/rp2_common/hardware_gpio/gpio.c.o
                0x10000568                gpio_set_function
 .text.gpio_init
                0x1000059c       0x40 CMakeFiles/LuaPicoTest.dir/home/benji/pico-sdk/src/rp2_common/hardware_gpio/gpio.c.o
                0x1000059c                gpio_init
 .text.rp2040_chip_version
                0x100005dc        0xc CMakeFiles/LuaPicoTest.dir/home/benji/pico-sdk/src/rp2040/pico_platform/platform.c.o
                0x100005dc                rp2040_chip_version
 .text.panic    0x100005e8       0x30 CMakeFiles/LuaPicoTest.dir/home/benji/pico-sdk/src/rp2_common/pico_platform_panic/panic.c.o
                0x100005e8                panic
 .text.hw_claim_or_assert
                0x10000618       0x44 CMakeFiles/LuaPicoTest.dir/home/benji/pico-sdk/src/common/hardware_claim/claim.c.o
                0x10000618                hw_claim_or_assert
 .text.hw_claim_unused_from_range
                0x1000065c       0x9c CMakeFiles/LuaPicoTest.dir/home/benji/pico-sdk/src/common/hardware_claim/claim.c.o
                0x1000065c                hw_claim_unused_from_range
 .text.next_striped_spin_lock_num
                0x100006f8       0x18 CMakeFiles/LuaPicoTest.dir/home/benji/pico-sdk/src/rp2_common/hardware_sync/sync.c.o
                0x100006f8                next_striped_spin_lock_num
 .text.spin_lock_claim_unused
                0x10000710       0x24 CMakeFiles/LuaPicoTest.dir/home/benji/pico-sdk/src/rp2_common/hardware_sync/sync.c.o
                0x10000710                spin_lock_claim_unused
 .text.spin_locks_reset
                0x10000734       0x1c CMakeFiles/LuaPicoTest.dir/home/benji/pico-sdk/src/rp2_common/hardware_sync_spin_lock/sync_spin_lock.c.o
                0x10000734                spin_locks_reset
 .text.runtime_init_per_core_irq_priorities
                0x10000750       0x24 CMakeFiles/LuaPicoTest.dir/home/benji/pico-sdk/src/rp2_common/hardware_irq/irq.c.o
                0x10000750                runtime_init_per_core_irq_priorities
 .text.irq_set_enabled
                0x10000774       0x24 CMakeFiles/LuaPicoTest.dir/home/benji/pico-sdk/src/rp2_common/hardware_irq/irq.c.o
                0x10000774                irq_set_enabled
 .text.irq_is_enabled
                0x10000798       0x18 CMakeFiles/LuaPicoTest.dir/home/benji/pico-sdk/src/rp2_common/hardware_irq/irq.c.o
                0x10000798                irq_is_enabled
 .text.irq_set_pending
                0x100007b0       0x10 CMakeFiles/LuaPicoTest.dir/home/benji/pico-sdk/src/rp2_common/hardware_irq/irq.c.o
                0x100007b0                irq_set_pending
 .text.irq_has_shared_handler
                0x100007c0       0x24 CMakeFiles/LuaPicoTest.dir/home/benji/pico-sdk/src/rp2_common/hardware_irq/irq.c.o
                0x100007c0                irq_has_shared_handler
 .text.irq_set_exclusive_handler
                0x100007e4       0x54 CMakeFiles/LuaPicoTest.dir/home/benji/pico-sdk/src/rp2_common/hardware_irq/irq.c.o
                0x100007e4                irq_set_exclusive_handler
 .text.irq_add_shared_handler
                0x10000838      0x1f4 CMakeFiles/LuaPicoTest.dir/home/benji/pico-sdk/src/rp2_common/hardware_irq/irq.c.o
                0x10000838                irq_add_shared_handler
 .text.irq_remove_handler
                0x10000a2c      0x1d4 CMakeFiles/LuaPicoTest.dir/home/benji/pico-sdk/src/rp2_common/hardware_irq/irq.c.o
                0x10000a2c                irq_remove_handler
 .text.irq_add_tail_to_free_list
                0x10000c00       0xb4 CMakeFiles/LuaPicoTest.dir/home/benji/pico-sdk/src/rp2_common/hardware_irq/irq.c.o
                0x10000c00                irq_add_tail_to_free_list
 .text.user_irq_claim_unused
                0x10000cb4       0x2c CMakeFiles/LuaPicoTest.dir/home/benji/pico-sdk/src/rp2_common/hardware_irq/irq.c.o
                0x10000cb4                user_irq_claim_unused
 .text.lock_init
                0x10000ce0       0x10 CMakeFiles/LuaPicoTest.dir/home/benji/pico-sdk/src/common/pico_sync/lock_core.c.o
                0x10000ce0                lock_init
 .text.runtime_init_mutex
                0x10000cf0       0x50 CMakeFiles/LuaPicoTest.dir/home/benji/pico-sdk/src/common/pico_sync/mutex.c.o
                0x10000cf0                runtime_init_mutex
 .text.mutex_init
                0x10000d40       0x1c CMakeFiles/LuaPicoTest.dir/home/benji/pico-sdk/src/common/pico_sync/mutex.c.o
                0x10000d40                mutex_init
 .text.critical_section_init
                0x10000d5c       0x1c CMakeFiles/LuaPicoTest.dir/home/benji/pico-sdk/src/common/pico_sync/critical_section.c.o
                0x10000d5c                critical_section_init
 .text.critical_section_init_with_lock_num
                0x10000d78       0x14 CMakeFiles/LuaPicoTest.dir/home/benji/pico-sdk/src/common/pico_sync/critical_section.c.o
                0x10000d78                critical_section_init_with_lock_num
 .text.sleep_until_callback
                0x10000d8c       0x30 CMakeFiles/LuaPicoTest.dir/home/benji/pico-sdk/src/common/pico_time/time.c.o
 .text.alarm_pool_irq_handler
                0x10000dbc      0x2fc CMakeFiles/LuaPicoTest.dir/home/benji/pico-sdk/src/common/pico_time/time.c.o
 .text.runtime_init_default_alarm_pool
                0x100010b8       0xdc CMakeFiles/LuaPicoTest.dir/home/benji/pico-sdk/src/common/pico_time/time.c.o
                0x100010b8                runtime_init_default_alarm_pool
 .text.alarm_pool_get_default
                0x10001194        0x8 CMakeFiles/LuaPicoTest.dir/home/benji/pico-sdk/src/common/pico_time/time.c.o
                0x10001194                alarm_pool_get_default
 .text.alarm_pool_add_alarm_at
                0x1000119c       0xd4 CMakeFiles/LuaPicoTest.dir/home/benji/pico-sdk/src/common/pico_time/time.c.o
                0x1000119c                alarm_pool_add_alarm_at
 .text.alarm_pool_add_alarm_at_force_in_context
                0x10001270       0xb0 CMakeFiles/LuaPicoTest.dir/home/benji/pico-sdk/src/common/pico_time/time.c.o
                0x10001270                alarm_pool_add_alarm_at_force_in_context
 .text.alarm_pool_cancel_alarm
                0x10001320       0x74 CMakeFiles/LuaPicoTest.dir/home/benji/pico-sdk/src/common/pico_time/time.c.o
                0x10001320                alarm_pool_cancel_alarm
 .text.alarm_pool_core_num
                0x10001394        0x4 CMakeFiles/LuaPicoTest.dir/home/benji/pico-sdk/src/common/pico_time/time.c.o
                0x10001394                alarm_pool_core_num
 .text.best_effort_wfe_or_timeout
                0x10001398       0xf8 CMakeFiles/LuaPicoTest.dir/home/benji/pico-sdk/src/common/pico_time/time.c.o
                0x10001398                best_effort_wfe_or_timeout
 .text.timer_hardware_alarm_claim
                0x10001490       0x14 CMakeFiles/LuaPicoTest.dir/home/benji/pico-sdk/src/rp2_common/hardware_timer/timer.c.o
                0x10001490                timer_hardware_alarm_claim
 .text.timer_time_us_64
                0x100014a4       0x10 CMakeFiles/LuaPicoTest.dir/home/benji/pico-sdk/src/rp2_common/hardware_timer/timer.c.o
                0x100014a4                timer_time_us_64
 .text.time_us_64
                0x100014b4       0x14 CMakeFiles/LuaPicoTest.dir/home/benji/pico-sdk/src/rp2_common/hardware_timer/timer.c.o
                0x100014b4                time_us_64
 .text.busy_wait_us
                0x100014c8       0x68 CMakeFiles/LuaPicoTest.dir/home/benji/pico-sdk/src/rp2_common/hardware_timer/timer.c.o
                0x100014c8                busy_wait_us
 .text.uart_init
                0x10001530      0x120 CMakeFiles/LuaPicoTest.dir/home/benji/pico-sdk/src/rp2_common/hardware_uart/uart.c.o
                0x10001530                uart_init
 .text.clock_configure_int_divider
                0x10001650       0xf4 CMakeFiles/LuaPicoTest.dir/home/benji/pico-sdk/src/rp2_common/hardware_clocks/clocks.c.o
                0x10001650                clock_configure_int_divider
 .text.clock_configure_undivided
                0x10001744       0xe8 CMakeFiles/LuaPicoTest.dir/home/benji/pico-sdk/src/rp2_common/hardware_clocks/clocks.c.o
                0x10001744                clock_configure_undivided
 .text.clock_get_hz
                0x1000182c        0xc CMakeFiles/LuaPicoTest.dir/home/benji/pico-sdk/src/rp2_common/hardware_clocks/clocks.c.o
                0x1000182c                clock_get_hz
 .text.pll_init
                0x10001838       0xa4 CMakeFiles/LuaPicoTest.dir/home/benji/pico-sdk/src/rp2_common/hardware_pll/pll.c.o
                0x10001838                pll_init
 .text.watchdog_reboot
                0x100018dc       0x9c CMakeFiles/LuaPicoTest.dir/home/benji/pico-sdk/src/rp2_common/hardware_watchdog/watchdog.c.o
                0x100018dc                watchdog_reboot
 .text.tick_start
                0x10001978       0x10 CMakeFiles/LuaPicoTest.dir/home/benji/pico-sdk/src/rp2_common/hardware_ticks/ticks.c.o
                0x10001978                tick_start
 .text.rom_func_lookup
                0x10001988       0x10 CMakeFiles/LuaPicoTest.dir/home/benji/pico-sdk/src/rp2_common/pico_bootrom/bootrom.c.o
                0x10001988                rom_func_lookup
 .text.rom_data_lookup
                0x10001998       0x10 CMakeFiles/LuaPicoTest.dir/home/benji/pico-sdk/src/rp2_common/pico_bootrom/bootrom.c.o
                0x10001998                rom_data_lookup
 .text.rom_funcs_lookup
                0x100019a8       0x44 CMakeFiles/LuaPicoTest.dir/home/benji/pico-sdk/src/rp2_common/pico_bootrom/bootrom.c.o
                0x100019a8                rom_funcs_lookup
 .text.rom_reset_usb_boot_extra
                0x100019ec       0x28 CMakeFiles/LuaPicoTest.dir/home/benji/pico-sdk/src/rp2_common/pico_bootrom/bootrom.c.o
                0x100019ec                rom_reset_usb_boot_extra
 .text.xosc_init
                0x10001a14       0x28 CMakeFiles/LuaPicoTest.dir/home/benji/pico-sdk/src/rp2_common/hardware_xosc/xosc.c.o
                0x10001a14                xosc_init
 .text.first_per_core_initializer
                0x10001a3c        0x4 CMakeFiles/LuaPicoTest.dir/home/benji/pico-sdk/src/rp2_common/pico_runtime/runtime.c.o
 .text.hard_assertion_failure
                0x10001a40        0xc CMakeFiles/LuaPicoTest.dir/home/benji/pico-sdk/src/rp2_common/pico_runtime/runtime.c.o
                0x10001a40                hard_assertion_failure
 .text.runtime_run_initializers
                0x10001a4c       0x28 CMakeFiles/LuaPicoTest.dir/home/benji/pico-sdk/src/rp2_common/pico_runtime/runtime.c.o
                0x10001a4c                runtime_run_initializers
 .text.runtime_init_early_resets
                0x10001a74       0x2c CMakeFiles/LuaPicoTest.dir/home/benji/pico-sdk/src/rp2_common/pico_runtime_init/runtime_init.c.o
                0x10001a74                runtime_init_early_resets
 .text.runtime_init_usb_power_down
                0x10001aa0       0x1c CMakeFiles/LuaPicoTest.dir/home/benji/pico-sdk/src/rp2_common/pico_runtime_init/runtime_init.c.o
                0x10001aa0                runtime_init_usb_power_down
 .text.runtime_init_post_clock_resets
                0x10001abc       0x20 CMakeFiles/LuaPicoTest.dir/home/benji/pico-sdk/src/rp2_common/pico_runtime_init/runtime_init.c.o
                0x10001abc                runtime_init_post_clock_resets
 .text.runtime_init_rp2040_gpio_ie_disable
                0x10001adc       0x14 CMakeFiles/LuaPicoTest.dir/home/benji/pico-sdk/src/rp2_common/pico_runtime_init/runtime_init.c.o
                0x10001adc                runtime_init_rp2040_gpio_ie_disable
 .text.runtime_init_spin_locks_reset
                0x10001af0        0x8 CMakeFiles/LuaPicoTest.dir/home/benji/pico-sdk/src/rp2_common/pico_runtime_init/runtime_init.c.o
                0x10001af0                runtime_init_spin_locks_reset
 .text.runtime_init_install_ram_vector_table
                0x10001af8       0xb4 CMakeFiles/LuaPicoTest.dir/home/benji/pico-sdk/src/rp2_common/pico_runtime_init/runtime_init.c.o
                0x10001af8                runtime_init_install_ram_vector_table
 .text.runtime_init_clocks
                0x10001bac       0xd8 CMakeFiles/LuaPicoTest.dir/home/benji/pico-sdk/src/rp2_common/pico_runtime_init/runtime_init_clocks.c.o
                0x10001bac                runtime_init_clocks
 .text          0x10001c84       0x10 CMakeFiles/LuaPicoTest.dir/home/benji/pico-sdk/src/rp2_common/pico_bit_ops/bit_ops_aeabi.S.o
 .text.__wrap___aeabi_idiv
                0x10001c94       0x50 CMakeFiles/LuaPicoTest.dir/home/benji/pico-sdk/src/rp2_common/pico_divider/divider_hardware.S.o
                0x10001c94                __wrap___aeabi_idivmod
                0x10001c94                divmod_s32s32
                0x10001c94                div_s32s32
                0x10001c94                __wrap___aeabi_idiv
                0x10001c9c                divmod_s32s32_unsafe
                0x10001cc8                divmod_s32s32_savestate
 .text.__wrap___aeabi_uidiv
                0x10001ce4       0x4c CMakeFiles/LuaPicoTest.dir/home/benji/pico-sdk/src/rp2_common/pico_divider/divider_hardware.S.o
                0x10001ce4                __wrap___aeabi_uidiv
                0x10001ce4                __wrap___aeabi_uidivmod
                0x10001ce4                div_u32u32
                0x10001ce4                divmod_u32u32
                0x10001cec                divmod_u32u32_unsafe
                0x10001d14                divmod_u32u32_savestate
 .text.__wrap___aeabi_ldiv
                0x10001d30      0x424 CMakeFiles/LuaPicoTest.dir/home/benji/pico-sdk/src/rp2_common/pico_divider/divider_hardware.S.o
                0x10001d30                div_s64s64
                0x10001d30                divmod_s64s64
                0x10001d30                __wrap___aeabi_ldivmod
                0x10001d60                div_u64u64
                0x10001d60                divmod_u64u64
                0x10001d60                __wrap___aeabi_uldivmod
                0x10001d70                divmod_u64u64_savestate
                0x10001d90                divmod_s64s64_unsafe
                0x10001e18                divmod_u64u64_unsafe
 .text.__wrap___aeabi_darithmetic
                0x10002154       0x60 CMakeFiles/LuaPicoTest.dir/home/benji/pico-sdk/src/rp2_common/pico_double/double_aeabi_rp2040.S.o
                0x10002154                __wrap___aeabi_drsub
                0x1000215a                __wrap___aeabi_dsub
                0x10002164                __wrap___aeabi_dadd
                0x1000216e                __wrap___aeabi_ddiv
                0x100021a2                __wrap___aeabi_dmul
 .text.__wrap___aeabi_cdcmple
                0x100021b4       0x6c CMakeFiles/LuaPicoTest.dir/home/benji/pico-sdk/src/rp2_common/pico_double/double_aeabi_rp2040.S.o
                0x100021b4                __wrap___aeabi_cdrcmple
                0x100021c4                __wrap___aeabi_cdcmple
                0x100021c4                __wrap___aeabi_cdcmpeq
 .text.__wrap___aeabi_dcmpeq
                0x10002220       0x10 CMakeFiles/LuaPicoTest.dir/home/benji/pico-sdk/src/rp2_common/pico_double/double_aeabi_rp2040.S.o
                0x10002220                __wrap___aeabi_dcmpeq
 .text.__wrap___aeabi_dcmplt
                0x10002230        0xc CMakeFiles/LuaPicoTest.dir/home/benji/pico-sdk/src/rp2_common/pico_double/double_aeabi_rp2040.S.o
                0x10002230                __wrap___aeabi_dcmplt
 .text.__wrap___aeabi_dcmple
                0x1000223c       0x10 CMakeFiles/LuaPicoTest.dir/home/benji/pico-sdk/src/rp2_common/pico_double/double_aeabi_rp2040.S.o
                0x1000223c                __wrap___aeabi_dcmple
 .text.__wrap___aeabi_dcmpge
                0x1000224c       0x10 CMakeFiles/LuaPicoTest.dir/home/benji/pico-sdk/src/rp2_common/pico_double/double_aeabi_rp2040.S.o
                0x1000224c                __wrap___aeabi_dcmpge
 .text.__wrap___aeabi_dcmpgt
                0x1000225c        0xa CMakeFiles/LuaPicoTest.dir/home/benji/pico-sdk/src/rp2_common/pico_double/double_aeabi_rp2040.S.o
                0x1000225c                __wrap___aeabi_dcmpgt
 .text.__wrap___aeabi_dcmpun
                0x10002266       0x18 CMakeFiles/LuaPicoTest.dir/home/benji/pico-sdk/src/rp2_common/pico_double/double_aeabi_rp2040.S.o
                0x10002266                __wrap___aeabi_dcmpun
 *fill*         0x1000227e        0x2 
 .text.__wrap___aeabi_i2d
                0x10002280       0x38 CMakeFiles/LuaPicoTest.dir/home/benji/pico-sdk/src/rp2_common/pico_double/double_aeabi_rp2040.S.o
                0x10002280                __wrap___aeabi_ui2d
                0x10002280                uint2double
                0x10002288                __wrap___aeabi_i2d
                0x10002288                int2double
 .text.__wrap___aeabi_d2iz
                0x100022b8       0x48 CMakeFiles/LuaPicoTest.dir/home/benji/pico-sdk/src/rp2_common/pico_double/double_aeabi_rp2040.S.o
                0x100022b8                __wrap___aeabi_d2iz
                0x100022b8                double2int_z
 .text.__wrap___aeabi_d2uiz
                0x10002300       0x10 CMakeFiles/LuaPicoTest.dir/home/benji/pico-sdk/src/rp2_common/pico_double/double_aeabi_rp2040.S.o
                0x10002300                double2uint_z
                0x10002300                double2uint
                0x10002300                __wrap___aeabi_d2uiz
 .text.fix642double
                0x10002310       0x10 CMakeFiles/LuaPicoTest.dir/home/benji/pico-sdk/src/rp2_common/pico_double/double_aeabi_rp2040.S.o
                0x10002310                fix642double
 .text.__wrap___aeabi_l2d
                0x10002320       0x10 CMakeFiles/LuaPicoTest.dir/home/benji/pico-sdk/src/rp2_common/pico_double/double_aeabi_rp2040.S.o
                0x10002320                __wrap___aeabi_l2d
                0x10002320                int642double
 .text.__wrap___aeabi_d2lz
                0x10002330       0x26 CMakeFiles/LuaPicoTest.dir/home/benji/pico-sdk/src/rp2_common/pico_double/double_aeabi_rp2040.S.o
                0x10002330                __wrap___aeabi_d2lz
                0x10002330                double2int64_z
 *fill*         0x10002356        0x2 
 .text.double2int64
                0x10002358       0x10 CMakeFiles/LuaPicoTest.dir/home/benji/pico-sdk/src/rp2_common/pico_double/double_aeabi_rp2040.S.o
                0x10002358                double2int64
 .text.double2ufix64
                0x10002368       0x10 CMakeFiles/LuaPicoTest.dir/home/benji/pico-sdk/src/rp2_common/pico_double/double_aeabi_rp2040.S.o
                0x10002368                double2ufix64
                0x10002368                double2ufix64_z
 .text.__wrap___aeabi_d2f
                0x10002378       0x10 CMakeFiles/LuaPicoTest.dir/home/benji/pico-sdk/src/rp2_common/pico_double/double_aeabi_rp2040.S.o
                0x10002378                __wrap___aeabi_d2f
 .text.__wrap_srqt
                0x10002388       0x10 CMakeFiles/LuaPicoTest.dir/home/benji/pico-sdk/src/rp2_common/pico_double/double_aeabi_rp2040.S.o
                0x10002388                __wrap_sqrt
 .text.__wrap_sincostan_remainder
                0x10002398       0x14 CMakeFiles/LuaPicoTest.dir/home/benji/pico-sdk/src/rp2_common/pico_double/double_aeabi_rp2040.S.o
                0x10002398                sincostan_remainder
 .text.__wrap_cos
                0x100023ac       0x24 CMakeFiles/LuaPicoTest.dir/home/benji/pico-sdk/src/rp2_common/pico_double/double_aeabi_rp2040.S.o
                0x100023ac                __wrap_cos
 .text.__wrap_sin
                0x100023d0       0x24 CMakeFiles/LuaPicoTest.dir/home/benji/pico-sdk/src/rp2_common/pico_double/double_aeabi_rp2040.S.o
                0x100023d0                __wrap_sin
 .text.__wrap_tan
                0x100023f4       0x54 CMakeFiles/LuaPicoTest.dir/home/benji/pico-sdk/src/rp2_common/pico_double/double_aeabi_rp2040.S.o
                0x100023f4                __wrap_tan
 .text.__wrap_atan2
                0x10002448       0x10 CMakeFiles/LuaPicoTest.dir/home/benji/pico-sdk/src/rp2_common/pico_double/double_aeabi_rp2040.S.o
                0x10002448                __wrap_atan2
 .text.__wrap_exp
                0x10002458       0x10 CMakeFiles/LuaPicoTest.dir/home/benji/pico-sdk/src/rp2_common/pico_double/double_aeabi_rp2040.S.o
                0x10002458                __wrap_exp
 .text.__wrap_log
                0x10002468       0x10 CMakeFiles/LuaPicoTest.dir/home/benji/pico-sdk/src/rp2_common/pico_double/double_aeabi_rp2040.S.o
                0x10002468                __wrap_log
 .text.missing_double_func_shim
                0x10002478        0xc CMakeFiles/LuaPicoTest.dir/home/benji/pico-sdk/src/rp2_common/pico_double/double_init_rom_rp2040.c.o
 .text.__aeabi_double_init
                0x10002484       0xa0 CMakeFiles/LuaPicoTest.dir/home/benji/pico-sdk/src/rp2_common/pico_double/double_init_rom_rp2040.c.o
                0x10002484                __aeabi_double_init
 .text.dpow_1   0x10002524      0x288 CMakeFiles/LuaPicoTest.dir/home/benji/pico-sdk/src/rp2_common/pico_double/double_math.c.o
 .text.dpow_int2
                0x100027ac       0xd8 CMakeFiles/LuaPicoTest.dir/home/benji/pico-sdk/src/rp2_common/pico_double/double_math.c.o
 .text.dpow_0   0x10002884      0x174 CMakeFiles/LuaPicoTest.dir/home/benji/pico-sdk/src/rp2_common/pico_double/double_math.c.o
 .text.__wrap_ldexp
                0x100029f8       0x4c CMakeFiles/LuaPicoTest.dir/home/benji/pico-sdk/src/rp2_common/pico_double/double_math.c.o
                0x100029f8                __wrap_ldexp
 .text.__wrap_round
                0x10002a44       0x9c CMakeFiles/LuaPicoTest.dir/home/benji/pico-sdk/src/rp2_common/pico_double/double_math.c.o
                0x10002a44                __wrap_round
 .text.__wrap_floor
                0x10002ae0       0x90 CMakeFiles/LuaPicoTest.dir/home/benji/pico-sdk/src/rp2_common/pico_double/double_math.c.o
                0x10002ae0                __wrap_floor
 .text.__wrap_ceil
                0x10002b70       0x94 CMakeFiles/LuaPicoTest.dir/home/benji/pico-sdk/src/rp2_common/pico_double/double_math.c.o
                0x10002b70                __wrap_ceil
 .text.__wrap_asin
                0x10002c04       0x58 CMakeFiles/LuaPicoTest.dir/home/benji/pico-sdk/src/rp2_common/pico_double/double_math.c.o
                0x10002c04                __wrap_asin
 .text.__wrap_acos
                0x10002c5c       0x54 CMakeFiles/LuaPicoTest.dir/home/benji/pico-sdk/src/rp2_common/pico_double/double_math.c.o
                0x10002c5c                __wrap_acos
 .text.__wrap_exp2
                0x10002cb0       0xbc CMakeFiles/LuaPicoTest.dir/home/benji/pico-sdk/src/rp2_common/pico_double/double_math.c.o
                0x10002cb0                __wrap_exp2
 .text.__wrap_log10
                0x10002d6c       0x18 CMakeFiles/LuaPicoTest.dir/home/benji/pico-sdk/src/rp2_common/pico_double/double_math.c.o
                0x10002d6c                __wrap_log10
 .text.__wrap_pow
                0x10002d84      0x320 CMakeFiles/LuaPicoTest.dir/home/benji/pico-sdk/src/rp2_common/pico_double/double_math.c.o
                0x10002d84                __wrap_pow
 .text.__wrap_fmod
                0x100030a4      0x184 CMakeFiles/LuaPicoTest.dir/home/benji/pico-sdk/src/rp2_common/pico_double/double_math.c.o
                0x100030a4                __wrap_fmod
 .text.__wrap_remquo
                0x10003228      0x27c CMakeFiles/LuaPicoTest.dir/home/benji/pico-sdk/src/rp2_common/pico_double/double_math.c.o
                0x10003228                __wrap_remquo
 .text.__wrap_remainder
                0x100034a4       0x10 CMakeFiles/LuaPicoTest.dir/home/benji/pico-sdk/src/rp2_common/pico_double/double_math.c.o
                0x100034a4                __wrap_remainder
 .text.double_table_shim_on_use_helper
                0x100034b4       0x2c CMakeFiles/LuaPicoTest.dir/home/benji/pico-sdk/src/rp2_common/pico_double/double_v1_rom_shim_rp2040.S.o
                0x100034b4                double_table_shim_on_use_helper
 .text.__aeabi_lmul
                0x100034e0       0x32 CMakeFiles/LuaPicoTest.dir/home/benji/pico-sdk/src/rp2_common/pico_int64_ops/pico_int64_ops_aeabi.S.o
                0x100034e0                __wrap___aeabi_lmul
 *fill*         0x10003512        0x2 
 .text.__wrap___aeabi_cfcmple
                0x10003514       0x50 CMakeFiles/LuaPicoTest.dir/home/benji/pico-sdk/src/rp2_common/pico_float/float_aeabi_rp2040.S.o
                0x10003514                __wrap___aeabi_cfrcmple
                0x10003520                __wrap___aeabi_cfcmpeq
                0x10003520                __wrap___aeabi_cfcmple
 .text.__wrap___aeabi_fcmple
                0x10003564       0x10 CMakeFiles/LuaPicoTest.dir/home/benji/pico-sdk/src/rp2_common/pico_float/float_aeabi_rp2040.S.o
                0x10003564                __wrap___aeabi_fcmple
 .text.__wrap___aeabi_fcmpun
                0x10003574       0x18 CMakeFiles/LuaPicoTest.dir/home/benji/pico-sdk/src/rp2_common/pico_float/float_aeabi_rp2040.S.o
                0x10003574                __wrap___aeabi_fcmpun
 .text.__wrap___aeabi_f2d
                0x1000358c        0xc CMakeFiles/LuaPicoTest.dir/home/benji/pico-sdk/src/rp2_common/pico_float/float_aeabi_rp2040.S.o
                0x1000358c                __wrap___aeabi_f2d
 .text.missing_float_func_shim
                0x10003598        0xc CMakeFiles/LuaPicoTest.dir/home/benji/pico-sdk/src/rp2_common/pico_float/float_init_rom_rp2040.c.o
 .text.__aeabi_float_init
                0x100035a4       0x5c CMakeFiles/LuaPicoTest.dir/home/benji/pico-sdk/src/rp2_common/pico_float/float_init_rom_rp2040.c.o
                0x100035a4                __aeabi_float_init
 .text.__wrap_malloc
                0x10003600       0x24 CMakeFiles/LuaPicoTest.dir/home/benji/pico-sdk/src/rp2_common/pico_malloc/malloc.c.o
                0x10003600                __wrap_malloc
 .text.__wrap_realloc
                0x10003624       0x24 CMakeFiles/LuaPicoTest.dir/home/benji/pico-sdk/src/rp2_common/pico_malloc/malloc.c.o
                0x10003624                __wrap_realloc
 .text.__wrap_free
                0x10003648        0x8 CMakeFiles/LuaPicoTest.dir/home/benji/pico-sdk/src/rp2_common/pico_malloc/malloc.c.o
                0x10003648                __wrap_free
 .text          0x10003650       0x10 CMakeFiles/LuaPicoTest.dir/home/benji/pico-sdk/src/rp2_common/pico_mem_ops/mem_ops_aeabi.S.o
                0x10003650                __aeabi_mem_init
 .text.memset   0x10003660        0xc CMakeFiles/LuaPicoTest.dir/home/benji/pico-sdk/src/rp2_common/pico_mem_ops/mem_ops_aeabi.S.o
                0x10003660                __wrap_memset
 .text.memcpy   0x1000366c        0xc CMakeFiles/LuaPicoTest.dir/home/benji/pico-sdk/src/rp2_common/pico_mem_ops/mem_ops_aeabi.S.o
                0x1000366c                __wrap___aeabi_memcpy
                0x1000366c                __wrap_memcpy
 .text._out_buffer
                0x10003678        0x8 CMakeFiles/LuaPicoTest.dir/home/benji/pico-sdk/src/rp2_common/pico_printf/printf.c.o
 .text._out_null
                0x10003680        0x4 CMakeFiles/LuaPicoTest.dir/home/benji/pico-sdk/src/rp2_common/pico_printf/printf.c.o
 .text._out_rev
                0x10003684       0xac CMakeFiles/LuaPicoTest.dir/home/benji/pico-sdk/src/rp2_common/pico_printf/printf.c.o
 .text._ntoa_format
                0x10003730      0x250 CMakeFiles/LuaPicoTest.dir/home/benji/pico-sdk/src/rp2_common/pico_printf/printf.c.o
 .text._out_char
                0x10003980       0x10 CMakeFiles/LuaPicoTest.dir/home/benji/pico-sdk/src/rp2_common/pico_printf/printf.c.o
 .text._out_fct
                0x10003990       0x10 CMakeFiles/LuaPicoTest.dir/home/benji/pico-sdk/src/rp2_common/pico_printf/printf.c.o
 .text._etoa    0x100039a0      0x464 CMakeFiles/LuaPicoTest.dir/home/benji/pico-sdk/src/rp2_common/pico_printf/printf.c.o
 .text._ftoa    0x10003e04      0x3c0 CMakeFiles/LuaPicoTest.dir/home/benji/pico-sdk/src/rp2_common/pico_printf/printf.c.o
 .text._vsnprintf
                0x100041c4      0xbc8 CMakeFiles/LuaPicoTest.dir/home/benji/pico-sdk/src/rp2_common/pico_printf/printf.c.o
 .text.__wrap_snprintf
                0x10004d8c       0x28 CMakeFiles/LuaPicoTest.dir/home/benji/pico-sdk/src/rp2_common/pico_printf/printf.c.o
                0x10004d8c                __wrap_snprintf
 .text.vfctprintf
                0x10004db4       0x20 CMakeFiles/LuaPicoTest.dir/home/benji/pico-sdk/src/rp2_common/pico_printf/printf.c.o
                0x10004db4                vfctprintf
 .text.weak_raw_printf
                0x10004dd4       0x40 CMakeFiles/LuaPicoTest.dir/home/benji/pico-sdk/src/rp2_common/pico_printf/printf.c.o
                0x10004dd4                weak_raw_printf
 .text.weak_raw_vprintf
                0x10004e14       0x30 CMakeFiles/LuaPicoTest.dir/home/benji/pico-sdk/src/rp2_common/pico_printf/printf.c.o
                0x10004e14                weak_raw_vprintf
 .text._exit    0x10004e44        0x4 CMakeFiles/LuaPicoTest.dir/home/benji/pico-sdk/src/rp2_common/pico_clib_interface/newlib_interface.c.o
                0x10004e44                _exit
 .text._sbrk    0x10004e48       0x34 CMakeFiles/LuaPicoTest.dir/home/benji/pico-sdk/src/rp2_common/pico_clib_interface/newlib_interface.c.o
                0x10004e48                _sbrk
 .text._gettimeofday
                0x10004e7c       0x30 CMakeFiles/LuaPicoTest.dir/home/benji/pico-sdk/src/rp2_common/pico_clib_interface/newlib_interface.c.o
                0x10004e7c                _gettimeofday
 .text._times   0x10004eac       0x24 CMakeFiles/LuaPicoTest.dir/home/benji/pico-sdk/src/rp2_common/pico_clib_interface/newlib_interface.c.o
                0x10004eac                _times
 .text._getpid  0x10004ed0        0x4 CMakeFiles/LuaPicoTest.dir/home/benji/pico-sdk/src/rp2_common/pico_clib_interface/newlib_interface.c.o
                0x10004ed0                _getpid
 .text._kill    0x10004ed4        0x8 CMakeFiles/LuaPicoTest.dir/home/benji/pico-sdk/src/rp2_common/pico_clib_interface/newlib_interface.c.o
                0x10004ed4                _kill
 .text._read    0x10004edc       0x24 CMakeFiles/LuaPicoTest.dir/home/benji/pico-sdk/src/rp2_common/pico_clib_interface/newlib_interface.c.o
                0x10004edc                _read
 .text._write   0x10004f00       0x24 CMakeFiles/LuaPicoTest.dir/home/benji/pico-sdk/src/rp2_common/pico_clib_interface/newlib_interface.c.o
                0x10004f00                _write
 .text._open    0x10004f24        0xc CMakeFiles/LuaPicoTest.dir/home/benji/pico-sdk/src/rp2_common/pico_clib_interface/newlib_interface.c.o
                0x10004f24                _open
 .text._close   0x10004f30        0x8 CMakeFiles/LuaPicoTest.dir/home/benji/pico-sdk/src/rp2_common/pico_clib_interface/newlib_interface.c.o
                0x10004f30                _close
 .text._lseek   0x10004f38        0x8 CMakeFiles/LuaPicoTest.dir/home/benji/pico-sdk/src/rp2_common/pico_clib_interface/newlib_interface.c.o
                0x10004f38                _lseek
 .text._fstat   0x10004f40        0x8 CMakeFiles/LuaPicoTest.dir/home/benji/pico-sdk/src/rp2_common/pico_clib_interface/newlib_interface.c.o
                0x10004f40                _fstat
 .text._isatty  0x10004f48        0xc CMakeFiles/LuaPicoTest.dir/home/benji/pico-sdk/src/rp2_common/pico_clib_interface/newlib_interface.c.o
                0x10004f48                _isatty
 .text.exit     0x10004f54        0x8 CMakeFiles/LuaPicoTest.dir/home/benji/pico-sdk/src/rp2_common/pico_clib_interface/newlib_interface.c.o
                0x10004f54                exit
 .text.__assert_func
                0x10004f5c       0x38 CMakeFiles/LuaPicoTest.dir/home/benji/pico-sdk/src/rp2_common/pico_clib_interface/newlib_interface.c.o
                0x10004f5c                __assert_func
 .text.runtime_init
                0x10004f94       0x2c CMakeFiles/LuaPicoTest.dir/home/benji/pico-sdk/src/rp2_common/pico_clib_interface/newlib_interface.c.o
                0x10004f94                runtime_init
 .text.stdio_out_chars_no_crlf
                0x10004fc0       0x10 CMakeFiles/LuaPicoTest.dir/home/benji/pico-sdk/src/rp2_common/pico_stdio/stdio.c.o
 .text.stdio_out_chars_crlf
                0x10004fd0       0x94 CMakeFiles/LuaPicoTest.dir/home/benji/pico-sdk/src/rp2_common/pico_stdio/stdio.c.o
 .text.stdio_buffered_printer
                0x10005064       0x64 CMakeFiles/LuaPicoTest.dir/home/benji/pico-sdk/src/rp2_common/pico_stdio/stdio.c.o
 .text.stdio_put_string
                0x100050c8      0x100 CMakeFiles/LuaPicoTest.dir/home/benji/pico-sdk/src/rp2_common/pico_stdio/stdio.c.o
                0x100050c8                stdio_put_string
 .text.stdio_get_until
                0x100051c8       0x84 CMakeFiles/LuaPicoTest.dir/home/benji/pico-sdk/src/rp2_common/pico_stdio/stdio.c.o
                0x100051c8                stdio_get_until
 .text.stdio_set_driver_enabled
                0x1000524c       0x30 CMakeFiles/LuaPicoTest.dir/home/benji/pico-sdk/src/rp2_common/pico_stdio/stdio.c.o
                0x1000524c                stdio_set_driver_enabled
 .text.stdio_init_all
                0x1000527c       0x10 CMakeFiles/LuaPicoTest.dir/home/benji/pico-sdk/src/rp2_common/pico_stdio/stdio.c.o
                0x1000527c                stdio_init_all
 .text.__wrap_putchar
                0x1000528c       0x98 CMakeFiles/LuaPicoTest.dir/home/benji/pico-sdk/src/rp2_common/pico_stdio/stdio.c.o
                0x1000528c                stdio_putchar
                0x1000528c                __wrap_putchar
 .text.__wrap_puts
                0x10005324       0x3c CMakeFiles/LuaPicoTest.dir/home/benji/pico-sdk/src/rp2_common/pico_stdio/stdio.c.o
                0x10005324                __wrap_puts
                0x10005324                stdio_puts
 .text.__wrap_vprintf
                0x10005360       0xd4 CMakeFiles/LuaPicoTest.dir/home/benji/pico-sdk/src/rp2_common/pico_stdio/stdio.c.o
                0x10005360                __wrap_vprintf
                0x10005360                stdio_vprintf
 .text.__wrap_printf
                0x10005434       0x18 CMakeFiles/LuaPicoTest.dir/home/benji/pico-sdk/src/rp2_common/pico_stdio/stdio.c.o
                0x10005434                stdio_printf
                0x10005434                __wrap_printf
 .text.stdio_uart_out_chars
                0x1000544c       0x4c CMakeFiles/LuaPicoTest.dir/home/benji/pico-sdk/src/rp2_common/pico_stdio_uart/stdio_uart.c.o
 .text.stdio_uart_in_chars
                0x10005498       0x90 CMakeFiles/LuaPicoTest.dir/home/benji/pico-sdk/src/rp2_common/pico_stdio_uart/stdio_uart.c.o
                0x10005498                stdio_uart_in_chars
 .text.on_uart_rx
                0x10005528       0x28 CMakeFiles/LuaPicoTest.dir/home/benji/pico-sdk/src/rp2_common/pico_stdio_uart/stdio_uart.c.o
 .text.stdio_uart_out_flush
                0x10005550       0x14 CMakeFiles/LuaPicoTest.dir/home/benji/pico-sdk/src/rp2_common/pico_stdio_uart/stdio_uart.c.o
 .text.stdio_uart_set_chars_available_callback
                0x10005564       0x84 CMakeFiles/LuaPicoTest.dir/home/benji/pico-sdk/src/rp2_common/pico_stdio_uart/stdio_uart.c.o
 .text.stdio_uart_init
                0x100055e8       0x50 CMakeFiles/LuaPicoTest.dir/home/benji/pico-sdk/src/rp2_common/pico_stdio_uart/stdio_uart.c.o
                0x100055e8                stdio_uart_init
 .text.resetd_init
                0x10005638        0x4 CMakeFiles/LuaPicoTest.dir/home/benji/pico-sdk/src/rp2_common/pico_stdio_usb/reset_interface.c.o
 .text.resetd_reset
                0x1000563c        0xc CMakeFiles/LuaPicoTest.dir/home/benji/pico-sdk/src/rp2_common/pico_stdio_usb/reset_interface.c.o
 .text.resetd_open
                0x10005648       0x28 CMakeFiles/LuaPicoTest.dir/home/benji/pico-sdk/src/rp2_common/pico_stdio_usb/reset_interface.c.o
 .text.resetd_xfer_cb
                0x10005670        0x4 CMakeFiles/LuaPicoTest.dir/home/benji/pico-sdk/src/rp2_common/pico_stdio_usb/reset_interface.c.o
 .text.resetd_control_xfer_cb
                0x10005674       0x5c CMakeFiles/LuaPicoTest.dir/home/benji/pico-sdk/src/rp2_common/pico_stdio_usb/reset_interface.c.o
 .text.tud_descriptor_bos_cb
                0x100056d0        0x8 CMakeFiles/LuaPicoTest.dir/home/benji/pico-sdk/src/rp2_common/pico_stdio_usb/reset_interface.c.o
                0x100056d0                tud_descriptor_bos_cb
 .text.tud_vendor_control_xfer_cb
                0x100056d8       0x34 CMakeFiles/LuaPicoTest.dir/home/benji/pico-sdk/src/rp2_common/pico_stdio_usb/reset_interface.c.o
                0x100056d8                tud_vendor_control_xfer_cb
 .text.usbd_app_driver_get_cb
                0x1000570c        0xc CMakeFiles/LuaPicoTest.dir/home/benji/pico-sdk/src/rp2_common/pico_stdio_usb/reset_interface.c.o
                0x1000570c                usbd_app_driver_get_cb
 .text.tud_cdc_line_coding_cb
                0x10005718       0x2c CMakeFiles/LuaPicoTest.dir/home/benji/pico-sdk/src/rp2_common/pico_stdio_usb/reset_interface.c.o
                0x10005718                tud_cdc_line_coding_cb
 .text.stdio_usb_set_chars_available_callback
                0x10005744       0x14 CMakeFiles/LuaPicoTest.dir/home/benji/pico-sdk/src/rp2_common/pico_stdio_usb/stdio_usb.c.o
                0x10005744                stdio_usb_set_chars_available_callback
 .text.usb_irq  0x10005758       0x10 CMakeFiles/LuaPicoTest.dir/home/benji/pico-sdk/src/rp2_common/pico_stdio_usb/stdio_usb.c.o
 .text.timer_task
                0x10005768       0x64 CMakeFiles/LuaPicoTest.dir/home/benji/pico-sdk/src/rp2_common/pico_stdio_usb/stdio_usb.c.o
 .text.stdio_usb_in_chars
                0x100057cc       0x90 CMakeFiles/LuaPicoTest.dir/home/benji/pico-sdk/src/rp2_common/pico_stdio_usb/stdio_usb.c.o
                0x100057cc                stdio_usb_in_chars
 .text.stdio_usb_out_flush
                0x1000585c       0x50 CMakeFiles/LuaPicoTest.dir/home/benji/pico-sdk/src/rp2_common/pico_stdio_usb/stdio_usb.c.o
 .text.stdio_usb_out_chars
                0x100058ac      0x104 CMakeFiles/LuaPicoTest.dir/home/benji/pico-sdk/src/rp2_common/pico_stdio_usb/stdio_usb.c.o
 .text.low_priority_worker_irq
                0x100059b0       0xcc CMakeFiles/LuaPicoTest.dir/home/benji/pico-sdk/src/rp2_common/pico_stdio_usb/stdio_usb.c.o
 .text.stdio_usb_init
                0x10005a7c       0xec CMakeFiles/LuaPicoTest.dir/home/benji/pico-sdk/src/rp2_common/pico_stdio_usb/stdio_usb.c.o
                0x10005a7c                stdio_usb_init
 .text.tud_descriptor_device_cb
                0x10005b68        0x8 CMakeFiles/LuaPicoTest.dir/home/benji/pico-sdk/src/rp2_common/pico_stdio_usb/stdio_usb_descriptors.c.o
                0x10005b68                tud_descriptor_device_cb
 .text.tud_descriptor_configuration_cb
                0x10005b70        0x8 CMakeFiles/LuaPicoTest.dir/home/benji/pico-sdk/src/rp2_common/pico_stdio_usb/stdio_usb_descriptors.c.o
                0x10005b70                tud_descriptor_configuration_cb
 .text.tud_descriptor_string_cb
                0x10005b78       0x78 CMakeFiles/LuaPicoTest.dir/home/benji/pico-sdk/src/rp2_common/pico_stdio_usb/stdio_usb_descriptors.c.o
                0x10005b78                tud_descriptor_string_cb
 .text.startup._retrieve_unique_id_on_boot
                0x10005bf0       0x10 CMakeFiles/LuaPicoTest.dir/home/benji/pico-sdk/src/rp2_common/pico_unique_id/unique_id.c.o
 .text.pico_get_unique_board_id_string
                0x10005c00      0x1a8 CMakeFiles/LuaPicoTest.dir/home/benji/pico-sdk/src/rp2_common/pico_unique_id/unique_id.c.o
                0x10005c00                pico_get_unique_board_id_string
 .text.flash_get_unique_id
                0x10005da8       0x3c CMakeFiles/LuaPicoTest.dir/home/benji/pico-sdk/src/rp2_common/hardware_flash/flash.c.o
                0x10005da8                flash_get_unique_id
 .text.dcd_init
                0x10005de4       0x90 CMakeFiles/LuaPicoTest.dir/home/benji/pico-sdk/lib/tinyusb/src/portable/raspberrypi/rp2040/dcd_rp2040.c.o
                0x10005de4                dcd_init
 .text.dcd_int_enable
                0x10005e74        0xc CMakeFiles/LuaPicoTest.dir/home/benji/pico-sdk/lib/tinyusb/src/portable/raspberrypi/rp2040/dcd_rp2040.c.o
                0x10005e74                dcd_int_enable
 .text.dcd_set_address
                0x10005e80       0x14 CMakeFiles/LuaPicoTest.dir/home/benji/pico-sdk/lib/tinyusb/src/portable/raspberrypi/rp2040/dcd_rp2040.c.o
                0x10005e80                dcd_set_address
 .text.dcd_sof_enable
                0x10005e94       0x1c CMakeFiles/LuaPicoTest.dir/home/benji/pico-sdk/lib/tinyusb/src/portable/raspberrypi/rp2040/dcd_rp2040.c.o
                0x10005e94                dcd_sof_enable
 .text.dcd_edpt0_status_complete
                0x10005eb0       0x1c CMakeFiles/LuaPicoTest.dir/home/benji/pico-sdk/lib/tinyusb/src/portable/raspberrypi/rp2040/dcd_rp2040.c.o
                0x10005eb0                dcd_edpt0_status_complete
 .text.dcd_edpt_open
                0x10005ecc      0x114 CMakeFiles/LuaPicoTest.dir/home/benji/pico-sdk/lib/tinyusb/src/portable/raspberrypi/rp2040/dcd_rp2040.c.o
                0x10005ecc                dcd_edpt_open
 .text.dcd_edpt_close_all
                0x10005fe0        0x8 CMakeFiles/LuaPicoTest.dir/home/benji/pico-sdk/lib/tinyusb/src/portable/raspberrypi/rp2040/dcd_rp2040.c.o
                0x10005fe0                dcd_edpt_close_all
 .text.dcd_edpt_xfer
                0x10005fe8       0x24 CMakeFiles/LuaPicoTest.dir/home/benji/pico-sdk/lib/tinyusb/src/portable/raspberrypi/rp2040/dcd_rp2040.c.o
                0x10005fe8                dcd_edpt_xfer
 .text.dcd_edpt_stall
                0x1000600c       0x34 CMakeFiles/LuaPicoTest.dir/home/benji/pico-sdk/lib/tinyusb/src/portable/raspberrypi/rp2040/dcd_rp2040.c.o
                0x1000600c                dcd_edpt_stall
 .text.dcd_edpt_clear_stall
                0x10006040       0x30 CMakeFiles/LuaPicoTest.dir/home/benji/pico-sdk/lib/tinyusb/src/portable/raspberrypi/rp2040/dcd_rp2040.c.o
                0x10006040                dcd_edpt_clear_stall
 .text.rp2040_usb_init
                0x10006070       0x40 CMakeFiles/LuaPicoTest.dir/home/benji/pico-sdk/lib/tinyusb/src/portable/raspberrypi/rp2040/rp2040_usb.c.o
                0x10006070                rp2040_usb_init
 .text.hw_endpoint_xfer_start
                0x100060b0       0x40 CMakeFiles/LuaPicoTest.dir/home/benji/pico-sdk/lib/tinyusb/src/portable/raspberrypi/rp2040/rp2040_usb.c.o
                0x100060b0                hw_endpoint_xfer_start
 .text.tud_event_hook_cb
                0x100060f0        0x4 CMakeFiles/LuaPicoTest.dir/home/benji/pico-sdk/lib/tinyusb/src/device/usbd.c.o
                0x100060f0                tud_event_hook_cb
 .text.tud_sof_cb
                0x100060f4        0x4 CMakeFiles/LuaPicoTest.dir/home/benji/pico-sdk/lib/tinyusb/src/device/usbd.c.o
                0x100060f4                tud_sof_cb
 .text.tud_descriptor_device_qualifier_cb
                0x100060f8        0x4 CMakeFiles/LuaPicoTest.dir/home/benji/pico-sdk/lib/tinyusb/src/device/usbd.c.o
                0x100060f8                tud_descriptor_device_qualifier_cb
 .text.tud_descriptor_other_speed_configuration_cb
                0x100060fc        0x4 CMakeFiles/LuaPicoTest.dir/home/benji/pico-sdk/lib/tinyusb/src/device/usbd.c.o
                0x100060fc                tud_descriptor_other_speed_configuration_cb
 .text.tud_mount_cb
                0x10006100        0x4 CMakeFiles/LuaPicoTest.dir/home/benji/pico-sdk/lib/tinyusb/src/device/usbd.c.o
                0x10006100                tud_mount_cb
 .text.tud_umount_cb
                0x10006104        0x4 CMakeFiles/LuaPicoTest.dir/home/benji/pico-sdk/lib/tinyusb/src/device/usbd.c.o
                0x10006104                tud_umount_cb
 .text.tud_suspend_cb
                0x10006108        0x4 CMakeFiles/LuaPicoTest.dir/home/benji/pico-sdk/lib/tinyusb/src/device/usbd.c.o
                0x10006108                tud_suspend_cb
 .text.tud_resume_cb
                0x1000610c        0x4 CMakeFiles/LuaPicoTest.dir/home/benji/pico-sdk/lib/tinyusb/src/device/usbd.c.o
                0x1000610c                tud_resume_cb
 .text.tud_mounted
                0x10006110       0x10 CMakeFiles/LuaPicoTest.dir/home/benji/pico-sdk/lib/tinyusb/src/device/usbd.c.o
                0x10006110                tud_mounted
 .text.tud_suspended
                0x10006120       0x10 CMakeFiles/LuaPicoTest.dir/home/benji/pico-sdk/lib/tinyusb/src/device/usbd.c.o
                0x10006120                tud_suspended
 .text.tud_rhport_init
                0x10006130       0xfc CMakeFiles/LuaPicoTest.dir/home/benji/pico-sdk/lib/tinyusb/src/device/usbd.c.o
                0x10006130                tud_rhport_init
 .text.tud_task_ext
                0x1000622c      0x800 CMakeFiles/LuaPicoTest.dir/home/benji/pico-sdk/lib/tinyusb/src/device/usbd.c.o
                0x1000622c                tud_task_ext
 .text.usbd_open_edpt_pair
                0x10006a2c       0x9c CMakeFiles/LuaPicoTest.dir/home/benji/pico-sdk/lib/tinyusb/src/device/usbd.c.o
                0x10006a2c                usbd_open_edpt_pair
 .text.usbd_edpt_open
                0x10006ac8       0x34 CMakeFiles/LuaPicoTest.dir/home/benji/pico-sdk/lib/tinyusb/src/device/usbd.c.o
                0x10006ac8                usbd_edpt_open
 .text.usbd_edpt_claim
                0x10006afc       0x28 CMakeFiles/LuaPicoTest.dir/home/benji/pico-sdk/lib/tinyusb/src/device/usbd.c.o
                0x10006afc                usbd_edpt_claim
 .text.usbd_edpt_release
                0x10006b24       0x28 CMakeFiles/LuaPicoTest.dir/home/benji/pico-sdk/lib/tinyusb/src/device/usbd.c.o
                0x10006b24                usbd_edpt_release
 .text.usbd_edpt_xfer
                0x10006b4c       0x4c CMakeFiles/LuaPicoTest.dir/home/benji/pico-sdk/lib/tinyusb/src/device/usbd.c.o
                0x10006b4c                usbd_edpt_xfer
 .text.tud_control_status
                0x10006b98       0x2c CMakeFiles/LuaPicoTest.dir/home/benji/pico-sdk/lib/tinyusb/src/device/usbd_control.c.o
                0x10006b98                tud_control_status
 .text.tud_control_xfer
                0x10006bc4       0xac CMakeFiles/LuaPicoTest.dir/home/benji/pico-sdk/lib/tinyusb/src/device/usbd_control.c.o
                0x10006bc4                tud_control_xfer
 .text.usbd_control_reset
                0x10006c70       0x14 CMakeFiles/LuaPicoTest.dir/home/benji/pico-sdk/lib/tinyusb/src/device/usbd_control.c.o
                0x10006c70                usbd_control_reset
 .text.usbd_control_set_complete_callback
                0x10006c84        0xc CMakeFiles/LuaPicoTest.dir/home/benji/pico-sdk/lib/tinyusb/src/device/usbd_control.c.o
                0x10006c84                usbd_control_set_complete_callback
 .text.usbd_control_set_request
                0x10006c90       0x1c CMakeFiles/LuaPicoTest.dir/home/benji/pico-sdk/lib/tinyusb/src/device/usbd_control.c.o
                0x10006c90                usbd_control_set_request
 .text.usbd_control_xfer_cb
                0x10006cac       0xec CMakeFiles/LuaPicoTest.dir/home/benji/pico-sdk/lib/tinyusb/src/device/usbd_control.c.o
                0x10006cac                usbd_control_xfer_cb
 .text._prep_out_transaction.isra.0
                0x10006d98       0x6c CMakeFiles/LuaPicoTest.dir/home/benji/pico-sdk/lib/tinyusb/src/class/cdc/cdc_device.c.o
 .text.tud_cdc_n_connected
                0x10006e04       0x2c CMakeFiles/LuaPicoTest.dir/home/benji/pico-sdk/lib/tinyusb/src/class/cdc/cdc_device.c.o
                0x10006e04                tud_cdc_n_connected
 .text.tud_cdc_n_available
                0x10006e30       0x14 CMakeFiles/LuaPicoTest.dir/home/benji/pico-sdk/lib/tinyusb/src/class/cdc/cdc_device.c.o
                0x10006e30                tud_cdc_n_available
 .text.tud_cdc_n_read
                0x10006e44       0x94 CMakeFiles/LuaPicoTest.dir/home/benji/pico-sdk/lib/tinyusb/src/class/cdc/cdc_device.c.o
                0x10006e44                tud_cdc_n_read
 .text.tud_cdc_n_write_flush
                0x10006ed8       0x74 CMakeFiles/LuaPicoTest.dir/home/benji/pico-sdk/lib/tinyusb/src/class/cdc/cdc_device.c.o
                0x10006ed8                tud_cdc_n_write_flush
 .text.tud_cdc_n_write
                0x10006f4c       0x40 CMakeFiles/LuaPicoTest.dir/home/benji/pico-sdk/lib/tinyusb/src/class/cdc/cdc_device.c.o
                0x10006f4c                tud_cdc_n_write
 .text.tud_cdc_n_write_available
                0x10006f8c       0x14 CMakeFiles/LuaPicoTest.dir/home/benji/pico-sdk/lib/tinyusb/src/class/cdc/cdc_device.c.o
                0x10006f8c                tud_cdc_n_write_available
 .text.cdcd_init
                0x10006fa0       0x70 CMakeFiles/LuaPicoTest.dir/home/benji/pico-sdk/lib/tinyusb/src/class/cdc/cdc_device.c.o
                0x10006fa0                cdcd_init
 .text.cdcd_deinit
                0x10007010       0x34 CMakeFiles/LuaPicoTest.dir/home/benji/pico-sdk/lib/tinyusb/src/class/cdc/cdc_device.c.o
                0x10007010                cdcd_deinit
 .text.cdcd_reset
                0x10007044       0x4c CMakeFiles/LuaPicoTest.dir/home/benji/pico-sdk/lib/tinyusb/src/class/cdc/cdc_device.c.o
                0x10007044                cdcd_reset
 .text.cdcd_open
                0x10007090       0xa8 CMakeFiles/LuaPicoTest.dir/home/benji/pico-sdk/lib/tinyusb/src/class/cdc/cdc_device.c.o
                0x10007090                cdcd_open
 .text.cdcd_control_xfer_cb
                0x10007138       0xe8 CMakeFiles/LuaPicoTest.dir/home/benji/pico-sdk/lib/tinyusb/src/class/cdc/cdc_device.c.o
                0x10007138                cdcd_control_xfer_cb
 .text.cdcd_xfer_cb
                0x10007220      0x100 CMakeFiles/LuaPicoTest.dir/home/benji/pico-sdk/lib/tinyusb/src/class/cdc/cdc_device.c.o
                0x10007220                cdcd_xfer_cb
 .text.vendord_init
                0x10007320       0x5c CMakeFiles/LuaPicoTest.dir/home/benji/pico-sdk/lib/tinyusb/src/class/vendor/vendor_device.c.o
                0x10007320                vendord_init
 .text.vendord_deinit
                0x1000737c       0x1c CMakeFiles/LuaPicoTest.dir/home/benji/pico-sdk/lib/tinyusb/src/class/vendor/vendor_device.c.o
                0x1000737c                vendord_deinit
 .text.vendord_reset
                0x10007398       0x28 CMakeFiles/LuaPicoTest.dir/home/benji/pico-sdk/lib/tinyusb/src/class/vendor/vendor_device.c.o
                0x10007398                vendord_reset
 .text.vendord_open
                0x100073c0      0x128 CMakeFiles/LuaPicoTest.dir/home/benji/pico-sdk/lib/tinyusb/src/class/vendor/vendor_device.c.o
                0x100073c0                vendord_open
 .text.vendord_xfer_cb
                0x100074e8       0x9c CMakeFiles/LuaPicoTest.dir/home/benji/pico-sdk/lib/tinyusb/src/class/vendor/vendor_device.c.o
                0x100074e8                vendord_xfer_cb
 .text.tusb_rhport_init
                0x10007584       0x48 CMakeFiles/LuaPicoTest.dir/home/benji/pico-sdk/lib/tinyusb/src/tusb.c.o
                0x10007584                tusb_rhport_init
 .text.tu_edpt_claim
                0x100075cc       0x50 CMakeFiles/LuaPicoTest.dir/home/benji/pico-sdk/lib/tinyusb/src/tusb.c.o
                0x100075cc                tu_edpt_claim
 .text.tu_edpt_release
                0x1000761c       0x38 CMakeFiles/LuaPicoTest.dir/home/benji/pico-sdk/lib/tinyusb/src/tusb.c.o
                0x1000761c                tu_edpt_release
 .text.tu_edpt_validate
                0x10007654       0x7c CMakeFiles/LuaPicoTest.dir/home/benji/pico-sdk/lib/tinyusb/src/tusb.c.o
                0x10007654                tu_edpt_validate
 .text.tu_edpt_bind_driver
                0x100076d0       0x34 CMakeFiles/LuaPicoTest.dir/home/benji/pico-sdk/lib/tinyusb/src/tusb.c.o
                0x100076d0                tu_edpt_bind_driver
 .text.tu_edpt_stream_init
                0x10007704       0x6c CMakeFiles/LuaPicoTest.dir/home/benji/pico-sdk/lib/tinyusb/src/tusb.c.o
                0x10007704                tu_edpt_stream_init
 .text.tu_edpt_stream_deinit
                0x10007770        0x4 CMakeFiles/LuaPicoTest.dir/home/benji/pico-sdk/lib/tinyusb/src/tusb.c.o
                0x10007770                tu_edpt_stream_deinit
 .text.tu_edpt_stream_write_zlp_if_needed
                0x10007774       0x68 CMakeFiles/LuaPicoTest.dir/home/benji/pico-sdk/lib/tinyusb/src/tusb.c.o
                0x10007774                tu_edpt_stream_write_zlp_if_needed
 .text.tu_edpt_stream_write_xfer
                0x100077dc       0x64 CMakeFiles/LuaPicoTest.dir/home/benji/pico-sdk/lib/tinyusb/src/tusb.c.o
                0x100077dc                tu_edpt_stream_write_xfer
 .text.tu_edpt_stream_read_xfer
                0x10007840       0xdc CMakeFiles/LuaPicoTest.dir/home/benji/pico-sdk/lib/tinyusb/src/tusb.c.o
                0x10007840                tu_edpt_stream_read_xfer
 .text.tu_fifo_config
                0x1000791c       0x6c CMakeFiles/LuaPicoTest.dir/home/benji/pico-sdk/lib/tinyusb/src/common/tusb_fifo.c.o
                0x1000791c                tu_fifo_config
 .text.tu_fifo_count
                0x10007988       0x2c CMakeFiles/LuaPicoTest.dir/home/benji/pico-sdk/lib/tinyusb/src/common/tusb_fifo.c.o
                0x10007988                tu_fifo_count
 .text.tu_fifo_empty
                0x100079b4       0x10 CMakeFiles/LuaPicoTest.dir/home/benji/pico-sdk/lib/tinyusb/src/common/tusb_fifo.c.o
                0x100079b4                tu_fifo_empty
 .text.tu_fifo_remaining
                0x100079c4       0x2c CMakeFiles/LuaPicoTest.dir/home/benji/pico-sdk/lib/tinyusb/src/common/tusb_fifo.c.o
                0x100079c4                tu_fifo_remaining
 .text.tu_fifo_read
                0x100079f0       0x9c CMakeFiles/LuaPicoTest.dir/home/benji/pico-sdk/lib/tinyusb/src/common/tusb_fifo.c.o
                0x100079f0                tu_fifo_read
 .text.tu_fifo_read_n
                0x10007a8c       0xe8 CMakeFiles/LuaPicoTest.dir/home/benji/pico-sdk/lib/tinyusb/src/common/tusb_fifo.c.o
                0x10007a8c                tu_fifo_read_n
 .text.tu_fifo_write
                0x10007b74       0xa8 CMakeFiles/LuaPicoTest.dir/home/benji/pico-sdk/lib/tinyusb/src/common/tusb_fifo.c.o
                0x10007b74                tu_fifo_write
 .text.tu_fifo_write_n
                0x10007c1c      0x178 CMakeFiles/LuaPicoTest.dir/home/benji/pico-sdk/lib/tinyusb/src/common/tusb_fifo.c.o
                0x10007c1c                tu_fifo_write_n
 .text.tu_fifo_clear
                0x10007d94       0x40 CMakeFiles/LuaPicoTest.dir/home/benji/pico-sdk/lib/tinyusb/src/common/tusb_fifo.c.o
                0x10007d94                tu_fifo_clear
 .text.tu_fifo_set_overwritable
                0x10007dd4       0x48 CMakeFiles/LuaPicoTest.dir/home/benji/pico-sdk/lib/tinyusb/src/common/tusb_fifo.c.o
                0x10007dd4                tu_fifo_set_overwritable
 .text          0x10007e1c     0x2440 liblua.a(lapi.c.o)
                0x10007e28                lua_checkstack
                0x10007e5c                lua_xmove
                0x10007ea4                lua_atpanic
                0x10007eb0                lua_version
                0x10007ebc                lua_absindex
                0x10007edc                lua_gettop
                0x10007eec                lua_settop
                0x10007f44                lua_closeslot
                0x10007f68                lua_rotate
                0x1000803c                lua_copy
                0x10008150                lua_pushvalue
                0x100081b4                lua_type
                0x1000821c                lua_typename
                0x1000822c                lua_iscfunction
                0x10008298                lua_isinteger
                0x100082f4                lua_isnumber
                0x10008360                lua_isstring
                0x100083c4                lua_isuserdata
                0x10008430                lua_rawequal
                0x100084e8                lua_arith
                0x10008524                lua_compare
                0x10008600                lua_numbertocstring
                0x10008680                lua_stringtonumber
                0x10008698                lua_tonumberx
                0x10008724                lua_tointegerx
                0x100087b0                lua_toboolean
                0x1000881c                lua_tolstring
                0x10008918                lua_rawlen
                0x100089b8                lua_tocfunction
                0x10008a28                lua_touserdata
                0x10008aa0                lua_tothread
                0x10008b00                lua_topointer
                0x10008b98                lua_pushnil
                0x10008ba4                lua_pushnumber
                0x10008bbc                lua_pushinteger
                0x10008bd4                lua_pushlstring
                0x10008c20                lua_pushexternalstring
                0x10008c64                lua_pushstring
                0x10008cb4                lua_pushvfstring
                0x10008cd4                lua_pushfstring
                0x10008d10                lua_pushcclosure
                0x10008d88                lua_pushboolean
                0x10008d9c                lua_pushlightuserdata
                0x10008dac                lua_pushthread
                0x10008dcc                lua_getglobal
                0x10008e3c                lua_gettable
                0x10008ed0                lua_getfield
                0x10008f90                lua_geti
                0x1000909c                lua_rawget
                0x10009114                lua_rawgeti
                0x100091d0                lua_rawgetp
                0x10009254                lua_createtable
                0x10009294                lua_getmetatable
                0x10009330                lua_getiuservalue
                0x100093bc                lua_setglobal
                0x10009448                lua_settable
                0x10009508                lua_setfield
                0x100095e4                lua_seti
                0x1000970c                lua_rawset
                0x100097a8                lua_rawsetp
                0x1000984c                lua_rawseti
                0x100098e0                lua_setmetatable
                0x100099bc                lua_setiuservalue
                0x10009a60                lua_callk
                0x10009aac                lua_pcallk
                0x10009b64                lua_load
                0x10009be4                lua_dump
                0x10009c10                lua_status
                0x10009c14                lua_gc
                0x10009d2c                lua_error
                0x10009d50                lua_next
                0x10009dc0                lua_toclose
                0x10009dec                lua_concat
                0x10009e2c                lua_len
                0x10009e90                lua_getallocf
                0x10009ea0                lua_setallocf
                0x10009ea8                lua_setwarnf
                0x10009eb8                lua_warning
                0x10009ec0                lua_newuserdatauv
                0x10009ef8                lua_getupvalue
                0x10009fd4                lua_setupvalue
                0x1000a0c8                lua_upvalueid
                0x1000a164                lua_upvaluejoin
 .text          0x1000a25c     0x1c2c liblua.a(lauxlib.c.o)
                0x1000a3a0                luaL_alloc
                0x1000a5b4                luaL_where
                0x1000a5f8                luaL_error
                0x1000a7a8                luaL_argerror
                0x1000a86c                luaL_typeerror
                0x1000aa8c                luaL_fileresult
                0x1000aaf4                luaL_execresult
                0x1000ab54                luaL_newmetatable
                0x1000abb4                luaL_setmetatable
                0x1000abd0                luaL_testudata
                0x1000ac24                luaL_checkudata
                0x1000ac84                luaL_checkoption
                0x1000ad08                luaL_checkstack
                0x1000ad3c                luaL_checktype
                0x1000ad64                luaL_checkany
                0x1000ad84                luaL_checklstring
                0x1000adac                luaL_optlstring
                0x1000adfc                luaL_checknumber
                0x1000ae30                luaL_optnumber
                0x1000ae74                luaL_checkinteger
                0x1000aec4                luaL_optinteger
                0x1000af24                luaL_prepbuffsize
                0x1000af40                luaL_addlstring
                0x1000af74                luaL_addstring
                0x1000afb0                luaL_pushresult
                0x1000b038                luaL_traceback
                0x1000b390                luaL_pushresultsize
                0x1000b3a0                luaL_addvalue
                0x1000b3f4                luaL_buffinit
                0x1000b410                luaL_buffinitsize
                0x1000b44c                luaL_ref
                0x1000b4fc                luaL_unref
                0x1000b53c                luaL_loadfilex
                0x1000b80c                luaL_loadbufferx
                0x1000b828                luaL_loadstring
                0x1000b854                luaL_getmetafield
                0x1000b8a4                luaL_callmeta
                0x1000b91c                luaL_len
                0x1000b95c                luaL_tolstring
                0x1000bad4                luaL_setfuncs
                0x1000bb64                luaL_getsubtable
                0x1000bbb0                luaL_requiref
                0x1000bca0                luaL_addgsub
                0x1000bd70                luaL_gsub
                0x1000bdc0                luaL_makeseed
                0x1000bde4                luaL_newstate
                0x1000be34                luaL_checkversion_
 .text          0x1000be88     0x12a0 liblua.a(ldebug.c.o)
                0x1000c280                luaG_getfuncline
                0x1000c2e8                lua_sethook
                0x1000c330                lua_gethook
                0x1000c334                lua_gethookmask
                0x1000c338                lua_gethookcount
                0x1000c33c                lua_getstack
                0x1000c364                luaG_findlocal
                0x1000c40c                lua_getlocal
                0x1000c4d0                lua_setlocal
                0x1000c574                lua_getinfo
                0x1000ca50                luaG_addinfo
                0x1000ca9c                luaG_errormsg
                0x1000cb04                luaG_runerror
                0x1000cbe4                luaG_typeerror
                0x1000cc10                luaG_concaterror
                0x1000cc30                luaG_opinterror
                0x1000cc48                luaG_forerror
                0x1000cc64                luaG_tointerror
                0x1000cc94                luaG_ordererror
                0x1000ccd4                luaG_errnnil
                0x1000cd10                luaG_callerror
                0x1000ce3c                luaG_tracecall
                0x1000ce6c                luaG_traceexec
 .text          0x1000d128     0x1d28 liblua.a(ldo.c.o)
                0x1000d20c                luaD_seterrorobj
                0x1000d238                luaD_throw
                0x1000d344                luaD_throwbaselevel
                0x1000d360                luaD_rawrunprotected
                0x1000d3a8                luaD_errerr
                0x1000d3d0                luaD_checkminstack
                0x1000d3f4                luaD_reallocstack
                0x1000d6bc                luaD_growstack
                0x1000d740                luaD_shrinkstack
                0x1000d7c0                luaD_inctop
                0x1000d834                luaD_hook
                0x1000d938                luaD_hookcall
                0x1000da78                luaD_poscall
                0x1000ddb0                luaD_pretailcall
                0x1000e024                luaD_precall
                0x1000e348                luaD_call
                0x1000e694                luaD_callnoyield
                0x1000e9f0                lua_resume
                0x1000eb2c                lua_isyieldable
                0x1000eb3c                lua_yieldk
                0x1000eb8c                luaD_closeprotected
                0x1000ebcc                luaD_pcall
                0x1000ecd4                luaD_protectedparser
 .text          0x1000ee50      0xf2c liblua.a(ldump.c.o)
                0x1000fb98                luaU_dump
 .text          0x1000fd7c      0x450 liblua.a(lfunc.c.o)
                0x1000fd7c                luaF_newCclosure
                0x1000fd90                luaF_newLclosure
                0x1000fdbc                luaF_initupvals
                0x1000fe28                luaF_findupval
                0x1000fe80                luaF_newtbcupval
                0x1000fef0                luaF_unlinkupval
                0x1000ff00                luaF_closeupval
                0x1000ff84                luaF_close
                0x100100b4                luaF_newproto
                0x100100ec                luaF_protosize
                0x10010120                luaF_freeproto
                0x10010190                luaF_getlocalname
 .text          0x100101cc     0x3258 liblua.a(lgc.c.o)
                0x1001224c                luaC_barrier_
                0x100123d8                luaC_barrierback_
                0x1001243c                luaC_fix
                0x10012458                luaC_newobjdt
                0x10012480                luaC_newobj
                0x100124a4                luaC_checkfinalizer
                0x100125e0                luaC_changemode
                0x100127a4                luaC_freeallobjects
                0x10012900                luaC_runtilstate
                0x10012c6c                luaC_step
                0x10013248                luaC_fullgc
 .text          0x10013424       0x84 liblua.a(linit.c.o)
                0x10013424                luaL_openselectedlibs
 .text          0x100134a8     0x1288 liblua.a(liolib.c.o)
                0x100145b0                luaopen_io
 .text          0x10014730     0x13a4 liblua.a(lmathlib.c.o)
                0x10015614                luaopen_math
 .text          0x10015ad4      0x2d4 liblua.a(lmem.c.o)
                0x10015ad4                luaM_growaux_
                0x10015ba0                luaM_shrinkvector_
                0x10015c34                luaM_toobig
                0x10015c40                luaM_free_
                0x10015c58                luaM_realloc_
                0x10015cc8                luaM_saferealloc_
                0x10015d3c                luaM_malloc_
 .text          0x10015da8      0xac4 liblua.a(loadlib.c.o)
                0x100166ec                luaopen_package
 .text          0x1001686c      0xe28 liblua.a(lobject.c.o)
                0x10016ae0                luaO_ceillog2
                0x10016b00                luaO_codeparam
                0x10016b60                luaO_applyparam
                0x10016bbc                luaO_rawarith
                0x10016d38                luaO_arith
                0x10016eb0                luaO_hexavalue
                0x10016ed0                luaO_str2num
                0x10017198                luaO_utf8esc
                0x100171d8                luaO_tostringbuff
                0x10017280                luaO_tostring
                0x10017354                luaO_pushvfstring
                0x100175b8                luaO_pushfstring
                0x100175e0                luaO_chunkid
 .text          0x10017694       0x5c liblua.a(lopcodes.c.o)
                0x10017694                luaP_isOT
                0x100176b8                luaP_isIT
 .text          0x100176f0      0x6b8 liblua.a(loslib.c.o)
                0x10017d74                luaopen_os
 .text          0x10017da8     0x3790 liblua.a(lparser.c.o)
                0x1001b324                luaY_checklimit
                0x1001b338                luaY_nvarstack
                0x1001b36c                luaY_parser
 .text          0x1001b538      0x678 liblua.a(lstate.c.o)
                0x1001b6b8                luaE_setdebt
                0x1001b6d4                luaE_extendCI
                0x1001b6f4                luaE_shrinkCI
                0x1001b724                luaE_checkcstack
                0x1001b744                luaE_incCstack
                0x1001b76c                luaE_threadsize
                0x1001b788                lua_newthread
                0x1001b848                luaE_freethread
                0x1001b8a0                luaE_resetthread
                0x1001b908                lua_closethread
                0x1001b98c                lua_newstate
                0x1001bae4                lua_close
                0x1001baf8                luaE_warning
                0x1001bb10                luaE_warnerror
 .text          0x1001bbb0      0x75c liblua.a(lstring.c.o)
                0x1001bbe4                luaS_eqstr
                0x1001bc1c                luaS_hashlongstr
                0x1001bc4c                luaS_resize
                0x1001be94                luaS_clearcache
                0x1001bec8                luaS_init
                0x1001c0b8                luaS_sizelngstr
                0x1001c0d0                luaS_createlngstrobj
                0x1001c0fc                luaS_remove
                0x1001c128                luaS_newlstr
                0x1001c178                luaS_new
                0x1001c228                luaS_newudata
                0x1001c280                luaS_newextlstr
                0x1001c2f4                luaS_normstr
 .text          0x1001c30c     0x3188 liblua.a(lstrlib.c.o)
                0x1001f400                luaopen_string
 .text          0x1001f494     0x17a8 liblua.a(ltable.c.o)
                0x1001f970                luaH_next
                0x1001fa64                luaH_resize
                0x10020020                luaH_resizearray
                0x10020038                luaH_new
                0x10020058                luaH_size
                0x10020084                luaH_free
                0x100200cc                luaH_getint
                0x10020188                luaH_Hgetshortstr
                0x100201c4                luaH_getshortstr
                0x10020214                luaH_getstr
                0x10020288                luaH_get
                0x10020334                luaH_psetint
                0x100203dc                luaH_psetshortstr
                0x100204a4                luaH_psetstr
                0x1002050c                luaH_pset
                0x100205a8                luaH_finishset
                0x10020690                luaH_set
                0x1002074c                luaH_setint
                0x10020828                luaH_getn
 .text          0x10020c3c      0xd00 liblua.a(ltablib.c.o)
                0x10021908                luaopen_table
 .text          0x1002193c      0xb80 liblua.a(ltm.c.o)
                0x1002193c                luaT_init
                0x1002196c                luaT_gettm
                0x10021990                luaT_gettmbyobj
                0x100219cc                luaT_objtypename
                0x10021a30                luaT_callTM
                0x10021a94                luaT_callTMres
                0x10021b0c                luaT_trybinTM
                0x10021c54                luaT_tryconcatTM
                0x10021d4c                luaT_trybinassocTM
                0x10021d74                luaT_trybiniTM
                0x10021eb8                luaT_callorderTM
                0x10021fd4                luaT_callorderiTM
                0x10022138                luaT_adjustvarargs
                0x100222a0                luaT_getvararg
                0x10022350                luaT_getvarargs
 .text          0x100224bc      0xff0 liblua.a(lundump.c.o)
                0x1002312c                luaU_undump
 .text          0x100234ac      0xb1c liblua.a(lutf8lib.c.o)
                0x10023f74                luaopen_utf8
 .text          0x10023fc8     0x44c8 liblua.a(lvm.c.o)
                0x10024238                luaV_tonumber_
                0x100242a0                luaV_flttointeger
                0x1002433c                luaV_tointegerns
                0x100243e0                luaV_tointeger
                0x100244b8                luaV_finishget
                0x10024598                luaV_finishset
                0x100246f0                luaV_lessthan
                0x10024918                luaV_lessequal
                0x10024b5c                luaV_equalobj
                0x10024d4c                luaV_concat
                0x10024d58                luaV_objlen
                0x10024df8                luaV_idiv
                0x10024e68                luaV_mod
                0x10024eb8                luaV_modf
                0x10024f1c                luaV_shiftl
                0x10024f84                luaV_finishOp
                0x10025050                luaV_execute
 .text          0x10028490       0xe0 liblua.a(lzio.c.o)
                0x10028490                luaZ_fill
                0x100284c0                luaZ_init
                0x100284d0                luaZ_read
                0x10028530                luaZ_getaddr
 .text          0x10028570      0xb7c liblua.a(lbaselib.c.o)
                0x10029090                luaopen_base
 .text          0x100290ec     0x319c liblua.a(lcode.c.o)
                0x100298f8                luaK_semerror
                0x10029928                luaK_exp2const
                0x100299c4                luaK_nil
                0x10029b40                luaK_concat
                0x10029ba0                luaK_jump
                0x10029c94                luaK_ret
                0x10029da8                luaK_getlabel
                0x10029db0                luaK_patchlist
                0x10029dbc                luaK_patchtohere
                0x10029dcc                luaK_code
                0x10029eb8                luaK_codeABCk
                0x10029fb4                luaK_codevABCk
                0x1002a0b0                luaK_codeABx
                0x1002a1a0                luaK_checkstack
                0x1002a1c8                luaK_reserveregs
                0x1002a1fc                luaK_int
                0x1002a2a8                luaK_setreturns
                0x1002a320                luaK_setoneret
                0x1002a360                luaK_vapar2local
                0x1002a370                luaK_dischargevars
                0x1002a9cc                luaK_exp2nextreg
                0x1002aa3c                luaK_exp2anyreg
                0x1002aae0                luaK_codecheckglobal
                0x1002ae10                luaK_exp2anyregup
                0x1002aec4                luaK_exp2val
                0x1002af74                luaK_storevar
                0x1002b0e8                luaK_goiftrue
                0x1002b168                luaK_self
                0x1002b24c                luaK_indexed
                0x1002b374                luaK_prefix
                0x1002b500                luaK_infix
                0x1002b668                luaK_posfix
                0x1002bf7c                luaK_fixline
                0x1002c070                luaK_settablesize
                0x1002c0d8                luaK_setlist
                0x1002c12c                luaK_finish
 .text          0x1002c288      0x3a4 liblua.a(lcorolib.c.o)
                0x1002c5f8                luaopen_coroutine
 .text          0x1002c62c      0xbe4 liblua.a(ldblib.c.o)
                0x1002d1dc                luaopen_debug
 .text          0x1002d210     0x1788 liblua.a(llex.c.o)
                0x1002d210                luaX_init
                0x1002d24c                luaX_token2str
                0x1002e888                luaX_syntaxerror
                0x1002e890                luaX_newstring
                0x1002e8ec                luaX_setinput
                0x1002e958                luaX_next
                0x1002e988                luaX_lookahead
 .text          0x1002e998       0x30 /usr/lib/gcc/arm-none-eabi/13.2.1/../../../arm-none-eabi/lib/thumb/v6-m/nofp/libg.a(libc_a-getenv.o)
                0x1002e998                _findenv
                0x1002e9b0                getenv
 .text          0x1002e9c8      0x198 /usr/lib/gcc/arm-none-eabi/13.2.1/../../../arm-none-eabi/lib/thumb/v6-m/nofp/libg.a(libc_a-fread.o)
                0x1002e9c8                _fread_r
                0x1002eb40                fread
 .text          0x1002eb60       0x70 /usr/lib/gcc/arm-none-eabi/13.2.1/../../../arm-none-eabi/lib/thumb/v6-m/nofp/libg.a(libc_a-getc.o)
                0x1002eb60                _getc_r
                0x1002eb94                getc
 .text          0x1002ebd0       0x74 /usr/lib/gcc/arm-none-eabi/13.2.1/../../../arm-none-eabi/lib/thumb/v6-m/nofp/libg.a(libc_a-memchr-stub.o)
                0x1002ebd0                memchr
 .text          0x1002ec44       0x14 /usr/lib/gcc/arm-none-eabi/13.2.1/../../../arm-none-eabi/lib/thumb/v6-m/nofp/libg.a(libc_a-localeconv.o)
                0x1002ec44                __localeconv_l
                0x1002ec48                _localeconv_r
                0x1002ec50                localeconv
 .text          0x1002ec58       0x1c /usr/lib/gcc/arm-none-eabi/13.2.1/../../../arm-none-eabi/lib/thumb/v6-m/nofp/libg.a(libc_a-ftell.o)
                0x1002ec58                _ftell_r
                0x1002ec60                ftell
 .text          0x1002ec74       0x30 /usr/lib/gcc/arm-none-eabi/13.2.1/../../../arm-none-eabi/lib/thumb/v6-m/nofp/libg.a(libc_a-system.o)
                0x1002ec74                _system_r
                0x1002ec8c                system
 .text          0x1002eca4     0x10b8 /usr/lib/gcc/arm-none-eabi/13.2.1/../../../arm-none-eabi/lib/thumb/v6-m/nofp/libg.a(libc_a-strtod.o)
                0x1002ecd4                _strtod_l
                0x1002fb8c                _strtod_r
                0x1002fb9c                strtod_l
                0x1002fbb4                strtod
                0x1002fbd0                strtof_l
                0x1002fc88                strtof
 .text          0x1002fd5c       0x14 /usr/lib/gcc/arm-none-eabi/13.2.1/../../../arm-none-eabi/lib/thumb/v6-m/nofp/libg.a(libc_a-lcltime.o)
                0x1002fd5c                localtime
 .text          0x1002fd70       0x98 /usr/lib/gcc/arm-none-eabi/13.2.1/../../../arm-none-eabi/lib/thumb/v6-m/nofp/libg.a(libc_a-locale.o)
                0x1002fd70                _setlocale_r
                0x1002fdb4                __locale_mb_cur_max
                0x1002fdc4                setlocale
 .text          0x1002fe08       0xc4 /usr/lib/gcc/arm-none-eabi/13.2.1/../../../arm-none-eabi/lib/thumb/v6-m/nofp/libg.a(libc_a-strchr.o)
                0x1002fe08                strchr
 .text          0x1002fecc       0x88 /usr/lib/gcc/arm-none-eabi/13.2.1/../../../arm-none-eabi/lib/thumb/v6-m/nofp/libg.a(libc_a-strcmp.o)
                0x1002fecc                strcmp
 .text          0x1002ff54      0x658 /usr/lib/gcc/arm-none-eabi/13.2.1/../../../arm-none-eabi/lib/thumb/v6-m/nofp/libg.a(libc_a-gdtoa-gethex.o)
                0x10030004                __gethex
 .text          0x100305ac      0x19c /usr/lib/gcc/arm-none-eabi/13.2.1/../../../arm-none-eabi/lib/thumb/v6-m/nofp/libg.a(libc_a-tmpnam.o)
                0x10030620                _tmpnam_r
                0x10030668                _tempnam_r
                0x100306e0                tempnam
                0x100306f8                tmpnam
 .text          0x10030748      0x600 /usr/lib/gcc/arm-none-eabi/13.2.1/../../../arm-none-eabi/lib/thumb/v6-m/nofp/libg.a(libc_a-strstr.o)
                0x10030bcc                strstr
 .text          0x10030d48        0xc /usr/lib/gcc/arm-none-eabi/13.2.1/../../../arm-none-eabi/lib/thumb/v6-m/nofp/libg.a(libc_a-difftime.o)
                0x10030d48                difftime
 .text          0x10030d54       0x44 /usr/lib/gcc/arm-none-eabi/13.2.1/../../../arm-none-eabi/lib/thumb/v6-m/nofp/libg.a(libc_a-mbtowc_r.o)
                0x10030d54                _mbtowc_r
                0x10030d6c                __ascii_mbtowc
 .text          0x10030d98       0xac /usr/lib/gcc/arm-none-eabi/13.2.1/../../../arm-none-eabi/lib/thumb/v6-m/nofp/libg.a(libc_a-ftello.o)
                0x10030d98                _ftello_r
                0x10030e30                ftello
 .text          0x10030e44      0x1c4 /usr/lib/gcc/arm-none-eabi/13.2.1/../../../arm-none-eabi/lib/thumb/v6-m/nofp/libg.a(libc_a-fflush.o)
                0x10030e44                __sflush_r
                0x10030f8c                _fflush_r
                0x10030fb8                fflush
 .text          0x10031008      0x168 /usr/lib/gcc/arm-none-eabi/13.2.1/../../../arm-none-eabi/lib/thumb/v6-m/nofp/libg.a(libc_a-setvbuf.o)
                0x10031008                setvbuf
 .text          0x10031170       0x74 /usr/lib/gcc/arm-none-eabi/13.2.1/../../../arm-none-eabi/lib/thumb/v6-m/nofp/libg.a(libc_a-strncmp.o)
                0x10031170                strncmp
 .text          0x100311e4        0x8 /usr/lib/gcc/arm-none-eabi/13.2.1/../../../arm-none-eabi/lib/thumb/v6-m/nofp/libg.a(libc_a-strcoll.o)
                0x100311e4                strcoll
 .text          0x100311ec       0xb0 /usr/lib/gcc/arm-none-eabi/13.2.1/../../../arm-none-eabi/lib/thumb/v6-m/nofp/libg.a(libc_a-memmove.o)
                0x100311ec                memmove
 .text          0x1003129c      0x194 /usr/lib/gcc/arm-none-eabi/13.2.1/../../../arm-none-eabi/lib/thumb/v6-m/nofp/libg.a(libc_a-freopen.o)
                0x1003129c                _freopen_r
                0x10031418                freopen
 .text          0x10031430       0x34 /usr/lib/gcc/arm-none-eabi/13.2.1/../../../arm-none-eabi/lib/thumb/v6-m/nofp/libg.a(libc_a-setjmp.o)
                0x10031430                setjmp
                0x10031448                longjmp
 .text          0x10031464        0xc /usr/lib/gcc/arm-none-eabi/13.2.1/../../../arm-none-eabi/lib/thumb/v6-m/nofp/libg.a(libc_a-errno.o)
                0x10031464                __errno
 .text          0x10031470      0xc98 /usr/lib/gcc/arm-none-eabi/13.2.1/../../../arm-none-eabi/lib/thumb/v6-m/nofp/libg.a(libc_a-strftime.o)
                0x100320f8                strftime
                0x10032100                strftime_l
 .text          0x10032108        0x8 /usr/lib/gcc/arm-none-eabi/13.2.1/../../../arm-none-eabi/lib/thumb/v6-m/nofp/libg.a(libc_a-labs.o)
                0x10032108                labs
 .text          0x10032110       0xc4 /usr/lib/gcc/arm-none-eabi/13.2.1/../../../arm-none-eabi/lib/thumb/v6-m/nofp/libg.a(libc_a-fgets.o)
                0x10032110                _fgets_r
                0x100321bc                fgets
 .text          0x100321d4       0x10 /usr/lib/gcc/arm-none-eabi/13.2.1/../../../arm-none-eabi/lib/thumb/v6-m/nofp/libg.a(libc_a-abort.o)
                0x100321d4                abort
 .text          0x100321e4       0x2c /usr/lib/gcc/arm-none-eabi/13.2.1/../../../arm-none-eabi/lib/thumb/v6-m/nofp/libg.a(libc_a-remove.o)
                0x100321e4                _remove_r
                0x100321f4                remove
 .text          0x10032210       0x14 /usr/lib/gcc/arm-none-eabi/13.2.1/../../../arm-none-eabi/lib/thumb/v6-m/nofp/libg.a(libc_a-gmtime.o)
                0x10032210                gmtime
 .text          0x10032224       0xa8 /usr/lib/gcc/arm-none-eabi/13.2.1/../../../arm-none-eabi/lib/thumb/v6-m/nofp/libg.a(libc_a-callocr.o)
                0x10032224                _calloc_r
 .text          0x100322cc       0x50 /usr/lib/gcc/arm-none-eabi/13.2.1/../../../arm-none-eabi/lib/thumb/v6-m/nofp/libg.a(libc_a-fputc.o)
                0x100322cc                _fputc_r
                0x100322f0                fputc
 .text          0x1003231c       0x18 /usr/lib/gcc/arm-none-eabi/13.2.1/../../../arm-none-eabi/lib/thumb/v6-m/nofp/libg.a(libc_a-realloc.o)
                0x1003231c                realloc
 .text          0x10032334       0xa0 /usr/lib/gcc/arm-none-eabi/13.2.1/../../../arm-none-eabi/lib/thumb/v6-m/nofp/libg.a(libc_a-flags.o)
                0x10032334                __sflags
 .text          0x100323d4       0x28 /usr/lib/gcc/arm-none-eabi/13.2.1/../../../arm-none-eabi/lib/thumb/v6-m/nofp/libg.a(libc_a-tzset.o)
                0x100323d4                _tzset_unlocked
                0x100323e4                tzset
 .text          0x100323fc       0xb8 /usr/lib/gcc/arm-none-eabi/13.2.1/../../../arm-none-eabi/lib/thumb/v6-m/nofp/libg.a(libc_a-rget.o)
                0x100323fc                __srget_r
                0x10032454                __srget
 .text          0x100324b4      0x5b4 /usr/lib/gcc/arm-none-eabi/13.2.1/../../../arm-none-eabi/lib/thumb/v6-m/nofp/libg.a(libc_a-mallocr.o)
                0x100324b4                _malloc_r
 .text          0x10032a68      0x288 /usr/lib/gcc/arm-none-eabi/13.2.1/../../../arm-none-eabi/lib/thumb/v6-m/nofp/libg.a(libc_a-freer.o)
                0x10032a68                _malloc_trim_r
                0x10032b1c                _free_r
 .text          0x10032cf0       0x88 /usr/lib/gcc/arm-none-eabi/13.2.1/../../../arm-none-eabi/lib/thumb/v6-m/nofp/libg.a(libc_a-tmpfile.o)
                0x10032cf0                _tmpfile_r
                0x10032d68                tmpfile
 .text          0x10032d78       0x18 /usr/lib/gcc/arm-none-eabi/13.2.1/../../../arm-none-eabi/lib/thumb/v6-m/nofp/libg.a(libc_a-rename.o)
                0x10032d78                rename
 .text          0x10032d90       0x20 /usr/lib/gcc/arm-none-eabi/13.2.1/../../../arm-none-eabi/lib/thumb/v6-m/nofp/libg.a(libc_a-fseek.o)
                0x10032d90                _fseek_r
                0x10032d98                fseek
 .text          0x10032db0       0x48 /usr/lib/gcc/arm-none-eabi/13.2.1/../../../arm-none-eabi/lib/thumb/v6-m/nofp/libg.a(libc_a-memcmp.o)
                0x10032db0                memcmp
 .text          0x10032df8       0xa4 /usr/lib/gcc/arm-none-eabi/13.2.1/../../../arm-none-eabi/lib/thumb/v6-m/nofp/libg.a(libc_a-fclose.o)
                0x10032df8                _fclose_r
                0x10032e88                fclose
 .text          0x10032e9c        0x8 /usr/lib/gcc/arm-none-eabi/13.2.1/../../../arm-none-eabi/lib/thumb/v6-m/nofp/libg.a(libc_a-gettzinfo.o)
                0x10032e9c                __gettzinfo
 .text          0x10032ea4       0x2c /usr/lib/gcc/arm-none-eabi/13.2.1/../../../arm-none-eabi/lib/thumb/v6-m/nofp/libg.a(libc_a-wctomb_r.o)
                0x10032ea4                _wctomb_r
                0x10032eb4                __ascii_wctomb
 .text          0x10032ed0      0x2ec /usr/lib/gcc/arm-none-eabi/13.2.1/../../../arm-none-eabi/lib/thumb/v6-m/nofp/libg.a(libc_a-fseeko.o)
                0x10032ed0                _fseeko_r
                0x100331a4                fseeko
 .text          0x100331bc       0x28 /usr/lib/gcc/arm-none-eabi/13.2.1/../../../arm-none-eabi/lib/thumb/v6-m/nofp/libg.a(libc_a-malloc.o)