Archive member included to satisfy reference by file (symbol)

liblua.a(lapi.c.o)            CMakeFiles/LuaPicoTest.dir/src/lua_libraries/lua_gpio.c.o (lua_settop)
liblua.a(lauxlib.c.o)         CMakeFiles/LuaPicoTest.dir/src/lua_libraries/lua_gpio.c.o (luaL_checkinteger)
liblua.a(ldebug.c.o)          liblua.a(lauxlib.c.o) (lua_getstack)
liblua.a(ldo.c.o)             liblua.a(lapi.c.o) (luaD_throw)
liblua.a(ldump.c.o)           liblua.a(lapi.c.o) (luaU_dump)
liblua.a(lfunc.c.o)           liblua.a(lapi.c.o) (luaF_newCclosure)
liblua.a(lgc.c.o)             liblua.a(lapi.c.o) (luaC_barrier_)
liblua.a(linit.c.o)           CMakeFiles/LuaPicoTest.dir/src/lua_libraries/lua_init.c.o (luaL_openselectedlibs)
liblua.a(liolib.c.o)          liblua.a(linit.c.o) (luaopen_io)
liblua.a(lmathlib.c.o)        liblua.a(linit.c.o) (luaopen_math)
liblua.a(lmem.c.o)            liblua.a(ldo.c.o) (luaM_free_)
liblua.a(loadlib.c.o)         liblua.a(linit.c.o) (luaopen_package)
liblua.a(lobject.c.o)         liblua.a(lapi.c.o) (luaO_codeparam)
liblua.a(lopcodes.c.o)        liblua.a(ldebug.c.o) (luaP_isIT)
liblua.a(loslib.c.o)          liblua.a(linit.c.o) (luaopen_os)
liblua.a(lparser.c.o)         liblua.a(ldo.c.o) (luaY_parser)
liblua.a(lstate.c.o)          liblua.a(lapi.c.o) (luaE_setdebt)
liblua.a(lstring.c.o)         liblua.a(lgc.c.o) (luaS_resize)
liblua.a(lstrlib.c.o)         liblua.a(linit.c.o) (luaopen_string)
liblua.a(ltable.c.o)          liblua.a(lapi.c.o) (luaH_next)
liblua.a(ltablib.c.o)         liblua.a(linit.c.o) (luaopen_table)
liblua.a(ltm.c.o)             liblua.a(lstate.c.o) (luaT_init)
liblua.a(lundump.c.o)         liblua.a(ldo.c.o) (luaU_undump)
liblua.a(lutf8lib.c.o)        liblua.a(linit.c.o) (luaopen_utf8)
liblua.a(lvm.c.o)             liblua.a(lapi.c.o) (luaV_tonumber_)
liblua.a(lzio.c.o)            liblua.a(ldo.c.o) (luaZ_fill)
liblua.a(lbaselib.c.o)        liblua.a(linit.c.o) (luaopen_base)
liblua.a(lcode.c.o)           liblua.a(lparser.c.o) (luaK_semerror)
liblua.a(lcorolib.c.o)        liblua.a(linit.c.o) (luaopen_coroutine)
liblua.a(lctype.c.o)          liblua.a(lobject.c.o) (luai_ctype_)
liblua.a(ldblib.c.o)          liblua.a(linit.c.o) (luaopen_debug)
liblua.a(llex.c.o)            liblua.a(lstate.c.o) (luaX_init)
/usr/lib/gcc/arm-none-eabi/13.2.1/../../../arm-none-eabi/lib/thumb/v6-m/nofp/libm.a(libm_a-s_frexp.o)
                              liblua.a(lmathlib.c.o) (frexp)
/usr/lib/gcc/arm-none-eabi/13.2.1/thumb/v6-m/nofp/libgcc.a(_dvmd_tls.o)
                              CMakeFiles/LuaPicoTest.dir/home/benji/pico-sdk/src/rp2_common/pico_divider/divider_hardware.S.o (__aeabi_idiv0)
/usr/lib/gcc/arm-none-eabi/13.2.1/../../../arm-none-eabi/lib/thumb/v6-m/nofp/libg.a(libc_a-getenv.o)
                              liblua.a(loadlib.c.o) (getenv)
/usr/lib/gcc/arm-none-eabi/13.2.1/../../../arm-none-eabi/lib/thumb/v6-m/nofp/libg.a(libc_a-fread.o)
                              liblua.a(lauxlib.c.o) (fread)
/usr/lib/gcc/arm-none-eabi/13.2.1/../../../arm-none-eabi/lib/thumb/v6-m/nofp/libg.a(libc_a-getc.o)
                              liblua.a(lauxlib.c.o) (getc)
/usr/lib/gcc/arm-none-eabi/13.2.1/../../../arm-none-eabi/lib/thumb/v6-m/nofp/libg.a(libc_a-memchr-stub.o)
                              liblua.a(lstrlib.c.o) (memchr)
/usr/lib/gcc/arm-none-eabi/13.2.1/../../../arm-none-eabi/lib/thumb/v6-m/nofp/libg.a(libc_a-localeconv.o)
                              liblua.a(liolib.c.o) (localeconv)
/usr/lib/gcc/arm-none-eabi/13.2.1/../../../arm-none-eabi/lib/thumb/v6-m/nofp/libg.a(libc_a-ftell.o)
                              liblua.a(liolib.c.o) (ftell)
/usr/lib/gcc/arm-none-eabi/13.2.1/../../../arm-none-eabi/lib/thumb/v6-m/nofp/libg.a(libc_a-system.o)
                              liblua.a(loslib.c.o) (system)
/usr/lib/gcc/arm-none-eabi/13.2.1/../../../arm-none-eabi/lib/thumb/v6-m/nofp/libg.a(libc_a-strtod.o)
                              liblua.a(lobject.c.o) (strtod)
/usr/lib/gcc/arm-none-eabi/13.2.1/../../../arm-none-eabi/lib/thumb/v6-m/nofp/libg.a(libc_a-lcltime.o)
                              liblua.a(loslib.c.o) (localtime)
/usr/lib/gcc/arm-none-eabi/13.2.1/../../../arm-none-eabi/lib/thumb/v6-m/nofp/libg.a(libc_a-locale.o)
                              /usr/lib/gcc/arm-none-eabi/13.2.1/../../../arm-none-eabi/lib/thumb/v6-m/nofp/libg.a(libc_a-localeconv.o) (__global_locale)
/usr/lib/gcc/arm-none-eabi/13.2.1/../../../arm-none-eabi/lib/thumb/v6-m/nofp/libg.a(libc_a-strchr.o)
                              liblua.a(ldebug.c.o) (strchr)
/usr/lib/gcc/arm-none-eabi/13.2.1/../../../arm-none-eabi/lib/thumb/v6-m/nofp/libg.a(libc_a-strcmp.o)
                              liblua.a(lauxlib.c.o) (strcmp)
/usr/lib/gcc/arm-none-eabi/13.2.1/../../../arm-none-eabi/lib/thumb/v6-m/nofp/libg.a(libc_a-gdtoa-gethex.o)
                              /usr/lib/gcc/arm-none-eabi/13.2.1/../../../arm-none-eabi/lib/thumb/v6-m/nofp/libg.a(libc_a-strtod.o) (__gethex)
[...]
Memory Configuration

Name             Origin             Length             Attributes
FLASH            0x10000000         0x00200000         xr
RAM              0x20000000         0x00040000         xrw
SCRATCH_X        0x20040000         0x00001000         xrw
SCRATCH_Y        0x20041000         0x00001000         xrw
*default*        0x00000000         0xffffffff

Linker script and memory map

LOAD /usr/lib/gcc/arm-none-eabi/13.2.1/thumb/v6-m/nofp/crti.o
LOAD /usr/lib/gcc/arm-none-eabi/13.2.1/thumb/v6-m/nofp/crtbegin.o
LOAD /usr/lib/gcc/arm-none-eabi/13.2.1/../../../arm-none-eabi/lib/thumb/v6-m/nofp/crt0.o

.flash_begin    0x10000000        0x0
                0x10000000                        __flash_binary_start = .

.boot2          0x10000000      0x100
                0x10000000                        __boot2_start__ = .
 *(.boot2)
 .boot2         0x10000000      0x100 pico-sdk/src/rp2040/boot_stage2/CMakeFiles/bs2_default_library.dir/bs2_default_padded_checksummed.S.o
                0x10000100                        __boot2_end__ = .
                0x00000001                        ASSERT (((__boot2_end__ - __boot2_start__) == 0x100), ERROR: Pico second stage bootloader must be 256 bytes in size)

.text           0x10000100    0x3cd68
                0x10000100                        __logical_binary_start = .
 *(.vectors)
 .vectors       0x10000100       0xd4 CMakeFiles/LuaPicoTest.dir/home/benji/pico-sdk/src/rp2_common/pico_crt0/crt0.S.o
                0x10000100                __vectors
                0x10000100                __VECTOR_TABLE
                0x100001c0                isr_irq30
                0x100001c0                __unhandled_user_irq
                0x100001c0                isr_irq13
                0x100001c0                isr_irq27
                0x100001c0                isr_irq31
                0x100001c0                isr_irq5
                0x100001c0                isr_irq11
                0x100001c0                isr_irq23
                0x100001c0                isr_irq18
                0x100001c0                isr_irq28
                0x100001c0                isr_irq19
                0x100001c0                isr_irq0
                0x100001c0                isr_irq6
                0x100001c0                isr_irq22
                0x100001c0                isr_irq17
                0x100001c0                isr_irq14
                0x100001c0                __vectors_end
                0x100001c0                __default_isrs_start
                0x100001c0                isr_irq2
                0x100001c0                isr_irq10
                0x100001c0                isr_irq8
                0x100001c0                isr_irq24
                0x100001c0                isr_irq1
                0x100001c0                isr_irq7
                0x100001c0                isr_irq21
                0x100001c0                isr_irq20
                0x100001c0                isr_irq15
                0x100001c0                isr_irq25
                0x100001c0                isr_irq4
                0x100001c0                isr_irq16
                0x100001c0                isr_irq29
                0x100001c0                isr_irq26
                0x100001c0                isr_irq3
                0x100001c0                isr_irq12
                0x100001c0                isr_irq9
                0x100001c6                unhandled_user_irq_num_in_r0
                0x100001c8                isr_invalid
                0x100001ca                isr_nmi
                0x100001cc                isr_hardfault
                0x100001ce                isr_svcall
                0x100001d0                isr_pendsv
                0x100001d2                isr_systick
                0x100001d4                __default_isrs_end
 *(.binary_info_header)
 .binary_info_header
                0x100001d4       0x14 CMakeFiles/LuaPicoTest.dir/home/benji/pico-sdk/src/rp2_common/pico_crt0/crt0.S.o
                0x100001e8                        __binary_info_header_end = .
 *(.embedded_block)
                0x100001e8                        __embedded_block_end = .
 *(.reset)
 .reset         0x100001e8       0x9c CMakeFiles/LuaPicoTest.dir/home/benji/pico-sdk/src/rp2_common/pico_crt0/crt0.S.o
                0x100001e8                _entry_point
 *(.init)
 .init          0x10000284        0x4 /usr/lib/gcc/arm-none-eabi/13.2.1/thumb/v6-m/nofp/crti.o
                0x10000284                _init
 *(EXCLUDE_FILE(*libm.a: *libc.a:*lib_a-mem*.o *libgcc.a:) .text*)
 .text          0x10000288       0x98 /usr/lib/gcc/arm-none-eabi/13.2.1/thumb/v6-m/nofp/crtbegin.o
 .text.startup.main
                0x10000320       0x68 CMakeFiles/LuaPicoTest.dir/main.c.o
                0x10000320                main
 .text.lua_gpio_get_input
                0x10000388       0x20 CMakeFiles/LuaPicoTest.dir/src/lua_libraries/lua_gpio.c.o
 .text.lua_gpio_set_input
                0x100003a8       0x14 CMakeFiles/LuaPicoTest.dir/src/lua_libraries/lua_gpio.c.o
 .text.lua_gpio_set_output
                0x100003bc       0x3c CMakeFiles/LuaPicoTest.dir/src/lua_libraries/lua_gpio.c.o
 .text.lua_open_gpio_library
                0x100003f8       0x88 CMakeFiles/LuaPicoTest.dir/src/lua_libraries/lua_gpio.c.o
                0x100003f8                lua_open_gpio_library
 .text.init_lua
                0x10000480       0x38 CMakeFiles/LuaPicoTest.dir/src/lua_libraries/lua_init.c.o
                0x10000480                init_lua
 .text.lua_delay
                0x100004b8       0x10 CMakeFiles/LuaPicoTest.dir/src/lua_libraries/lua_timer.c.o
 .text.lua_open_timer_library
                0x100004c8       0x50 CMakeFiles/LuaPicoTest.dir/src/lua_libraries/lua_timer.c.o
                0x100004c8                lua_open_timer_library
 .text.hal_gpio_set_output
                0x10000518       0x38 CMakeFiles/LuaPicoTest.dir/src/hal/hal_gpio.c.o
                0x10000518                hal_gpio_set_output
 .text.hal_gpio_set_input
                0x10000550       0x34 CMakeFiles/LuaPicoTest.dir/src/hal/hal_gpio.c.o
                0x10000550                hal_gpio_set_input
 .text.hal_gpio_get_input
                0x10000584       0x40 CMakeFiles/LuaPicoTest.dir/src/hal/hal_gpio.c.o
                0x10000584                hal_gpio_get_input
 .text.hal_timer_delay_ms
                0x100005c4       0x4c CMakeFiles/LuaPicoTest.dir/src/hal/hal_timer.c.o
                0x100005c4                hal_timer_delay_ms
 .text.gpio_set_function
                0x10000610       0x34 CMakeFiles/LuaPicoTest.dir/home/benji/pico-sdk/src/rp2_common/hardware_gpio/gpio.c.o
                0x10000610                gpio_set_function
 .text.gpio_set_pulls
                0x10000644       0x28 CMakeFiles/LuaPicoTest.dir/home/benji/pico-sdk/src/rp2_common/hardware_gpio/gpio.c.o
                0x10000644                gpio_set_pulls
 .text.gpio_init
                0x1000066c       0x40 CMakeFiles/LuaPicoTest.dir/home/benji/pico-sdk/src/rp2_common/hardware_gpio/gpio.c.o
                0x1000066c                gpio_init
 .text.rp2040_chip_version
                0x100006ac        0xc CMakeFiles/LuaPicoTest.dir/home/benji/pico-sdk/src/rp2040/pico_platform/platform.c.o
                0x100006ac                rp2040_chip_version
 .text.panic    0x100006b8       0x30 CMakeFiles/LuaPicoTest.dir/home/benji/pico-sdk/src/rp2_common/pico_platform_panic/panic.c.o
                0x100006b8                panic
 .text.hw_claim_or_assert
                0x100006e8       0x44 CMakeFiles/LuaPicoTest.dir/home/benji/pico-sdk/src/common/hardware_claim/claim.c.o
                0x100006e8                hw_claim_or_assert
 .text.hw_claim_unused_from_range
                0x1000072c       0x9c CMakeFiles/LuaPicoTest.dir/home/benji/pico-sdk/src/common/hardware_claim/claim.c.o
                0x1000072c                hw_claim_unused_from_range
 .text.next_striped_spin_lock_num
                0x100007c8       0x18 CMakeFiles/LuaPicoTest.dir/home/benji/pico-sdk/src/rp2_common/hardware_sync/sync.c.o
                0x100007c8                next_striped_spin_lock_num
 .text.spin_lock_claim_unused
                0x100007e0       0x24 CMakeFiles/LuaPicoTest.dir/home/benji/pico-sdk/src/rp2_common/hardware_sync/sync.c.o
                0x100007e0                spin_lock_claim_unused
 .text.spin_locks_reset
                0x10000804       0x1c CMakeFiles/LuaPicoTest.dir/home/benji/pico-sdk/src/rp2_common/hardware_sync_spin_lock/sync_spin_lock.c.o
                0x10000804                spin_locks_reset
 .text.runtime_init_per_core_irq_priorities
                0x10000820       0x24 CMakeFiles/LuaPicoTest.dir/home/benji/pico-sdk/src/rp2_common/hardware_irq/irq.c.o
                0x10000820                runtime_init_per_core_irq_priorities
 .text.irq_set_enabled
                0x10000844       0x24 CMakeFiles/LuaPicoTest.dir/home/benji/pico-sdk/src/rp2_common/hardware_irq/irq.c.o
                0x10000844                irq_set_enabled
 .text.irq_is_enabled
                0x10000868       0x18 CMakeFiles/LuaPicoTest.dir/home/benji/pico-sdk/src/rp2_common/hardware_irq/irq.c.o
                0x10000868                irq_is_enabled
 .text.irq_set_pending
                0x10000880       0x10 CMakeFiles/LuaPicoTest.dir/home/benji/pico-sdk/src/rp2_common/hardware_irq/irq.c.o
                0x10000880                irq_set_pending
 .text.irq_has_shared_handler
                0x10000890       0x24 CMakeFiles/LuaPicoTest.dir/home/benji/pico-sdk/src/rp2_common/hardware_irq/irq.c.o
                0x10000890                irq_has_shared_handler
 .text.irq_set_exclusive_handler
                0x100008b4       0x54 CMakeFiles/LuaPicoTest.dir/home/benji/pico-sdk/src/rp2_common/hardware_irq/irq.c.o
                0x100008b4                irq_set_exclusive_handler
 .text.irq_add_shared_handler
                0x10000908      0x1f4 CMakeFiles/LuaPicoTest.dir/home/benji/pico-sdk/src/rp2_common/hardware_irq/irq.c.o
                0x10000908                irq_add_shared_handler
 .text.irq_remove_handler
                0x10000afc      0x1d4 CMakeFiles/LuaPicoTest.dir/home/benji/pico-sdk/src/rp2_common/hardware_irq/irq.c.o
                0x10000afc                irq_remove_handler
 .text.irq_add_tail_to_free_list
                0x10000cd0       0xb4 CMakeFiles/LuaPicoTest.dir/home/benji/pico-sdk/src/rp2_common/hardware_irq/irq.c.o
                0x10000cd0                irq_add_tail_to_free_list
 .text.user_irq_claim_unused
                0x10000d84       0x2c CMakeFiles/LuaPicoTest.dir/home/benji/pico-sdk/src/rp2_common/hardware_irq/irq.c.o
                0x10000d84                user_irq_claim_unused
 .text.lock_init
                0x10000db0       0x10 CMakeFiles/LuaPicoTest.dir/home/benji/pico-sdk/src/common/pico_sync/lock_core.c.o
                0x10000db0                lock_init
 .text.runtime_init_mutex
                0x10000dc0       0x50 CMakeFiles/LuaPicoTest.dir/home/benji/pico-sdk/src/common/pico_sync/mutex.c.o
                0x10000dc0                runtime_init_mutex
 .text.mutex_init
                0x10000e10       0x1c CMakeFiles/LuaPicoTest.dir/home/benji/pico-sdk/src/common/pico_sync/mutex.c.o
                0x10000e10                mutex_init
 .text.critical_section_init
                0x10000e2c       0x1c CMakeFiles/LuaPicoTest.dir/home/benji/pico-sdk/src/common/pico_sync/critical_section.c.o
                0x10000e2c                critical_section_init
 .text.critical_section_init_with_lock_num
                0x10000e48       0x14 CMakeFiles/LuaPicoTest.dir/home/benji/pico-sdk/src/common/pico_sync/critical_section.c.o
                0x10000e48                critical_section_init_with_lock_num
 .text.sleep_until_callback
                0x10000e5c       0x30 CMakeFiles/LuaPicoTest.dir/home/benji/pico-sdk/src/common/pico_time/time.c.o
 .text.alarm_pool_irq_handler
                0x10000e8c      0x2fc CMakeFiles/LuaPicoTest.dir/home/benji/pico-sdk/src/common/pico_time/time.c.o
 .text.runtime_init_default_alarm_pool
                0x10001188       0xdc CMakeFiles/LuaPicoTest.dir/home/benji/pico-sdk/src/common/pico_time/time.c.o
                0x10001188                runtime_init_default_alarm_pool
 .text.alarm_pool_get_default
                0x10001264        0x8 CMakeFiles/LuaPicoTest.dir/home/benji/pico-sdk/src/common/pico_time/time.c.o
                0x10001264                alarm_pool_get_default
 .text.alarm_pool_add_alarm_at
                0x1000126c       0xd4 CMakeFiles/LuaPicoTest.dir/home/benji/pico-sdk/src/common/pico_time/time.c.o
                0x1000126c                alarm_pool_add_alarm_at
 .text.alarm_pool_add_alarm_at_force_in_context
                0x10001340       0xb0 CMakeFiles/LuaPicoTest.dir/home/benji/pico-sdk/src/common/pico_time/time.c.o
                0x10001340                alarm_pool_add_alarm_at_force_in_context
 .text.alarm_pool_cancel_alarm
                0x100013f0       0x74 CMakeFiles/LuaPicoTest.dir/home/benji/pico-sdk/src/common/pico_time/time.c.o
                0x100013f0                alarm_pool_cancel_alarm
 .text.alarm_pool_core_num
                0x10001464        0x4 CMakeFiles/LuaPicoTest.dir/home/benji/pico-sdk/src/common/pico_time/time.c.o
                0x10001464                alarm_pool_core_num
 .text.best_effort_wfe_or_timeout
                0x10001468       0xf8 CMakeFiles/LuaPicoTest.dir/home/benji/pico-sdk/src/common/pico_time/time.c.o
                0x10001468                best_effort_wfe_or_timeout
 .text.timer_hardware_alarm_claim
                0x10001560       0x14 CMakeFiles/LuaPicoTest.dir/home/benji/pico-sdk/src/rp2_common/hardware_timer/timer.c.o
                0x10001560                timer_hardware_alarm_claim
 .text.timer_time_us_64
                0x10001574       0x10 CMakeFiles/LuaPicoTest.dir/home/benji/pico-sdk/src/rp2_common/hardware_timer/timer.c.o
                0x10001574                timer_time_us_64
 .text.time_us_64
                0x10001584       0x14 CMakeFiles/LuaPicoTest.dir/home/benji/pico-sdk/src/rp2_common/hardware_timer/timer.c.o
                0x10001584                time_us_64
 .text.busy_wait_us
                0x10001598       0x68 CMakeFiles/LuaPicoTest.dir/home/benji/pico-sdk/src/rp2_common/hardware_timer/timer.c.o
                0x10001598                busy_wait_us
 .text.uart_init
                0x10001600      0x120 CMakeFiles/LuaPicoTest.dir/home/benji/pico-sdk/src/rp2_common/hardware_uart/uart.c.o
                0x10001600                uart_init
 .text.clock_configure_int_divider
                0x10001720       0xf4 CMakeFiles/LuaPicoTest.dir/home/benji/pico-sdk/src/rp2_common/hardware_clocks/clocks.c.o
                0x10001720                clock_configure_int_divider
 .text.clock_configure_undivided
                0x10001814       0xe8 CMakeFiles/LuaPicoTest.dir/home/benji/pico-sdk/src/rp2_common/hardware_clocks/clocks.c.o
                0x10001814                clock_configure_undivided
 .text.clock_get_hz
                0x100018fc        0xc CMakeFiles/LuaPicoTest.dir/home/benji/pico-sdk/src/rp2_common/hardware_clocks/clocks.c.o
                0x100018fc                clock_get_hz
 .text.pll_init
                0x10001908       0xa4 CMakeFiles/LuaPicoTest.dir/home/benji/pico-sdk/src/rp2_common/hardware_pll/pll.c.o
                0x10001908                pll_init
 .text.watchdog_reboot
                0x100019ac       0x9c CMakeFiles/LuaPicoTest.dir/home/benji/pico-sdk/src/rp2_common/hardware_watchdog/watchdog.c.o
                0x100019ac                watchdog_reboot
 .text.tick_start
                0x10001a48       0x10 CMakeFiles/LuaPicoTest.dir/home/benji/pico-sdk/src/rp2_common/hardware_ticks/ticks.c.o
                0x10001a48                tick_start
 .text.rom_func_lookup
                0x10001a58       0x10 CMakeFiles/LuaPicoTest.dir/home/benji/pico-sdk/src/rp2_common/pico_bootrom/bootrom.c.o
                0x10001a58                rom_func_lookup
 .text.rom_data_lookup
                0x10001a68       0x10 CMakeFiles/LuaPicoTest.dir/home/benji/pico-sdk/src/rp2_common/pico_bootrom/bootrom.c.o
                0x10001a68                rom_data_lookup
 .text.rom_funcs_lookup
                0x10001a78       0x44 CMakeFiles/LuaPicoTest.dir/home/benji/pico-sdk/src/rp2_common/pico_bootrom/bootrom.c.o
                0x10001a78                rom_funcs_lookup
 .text.rom_reset_usb_boot_extra
                0x10001abc       0x28 CMakeFiles/LuaPicoTest.dir/home/benji/pico-sdk/src/rp2_common/pico_bootrom/bootrom.c.o
                0x10001abc                rom_reset_usb_boot_extra
 .text.xosc_init
                0x10001ae4       0x28 CMakeFiles/LuaPicoTest.dir/home/benji/pico-sdk/src/rp2_common/hardware_xosc/xosc.c.o
                0x10001ae4                xosc_init
 .text.first_per_core_initializer
                0x10001b0c        0x4 CMakeFiles/LuaPicoTest.dir/home/benji/pico-sdk/src/rp2_common/pico_runtime/runtime.c.o
 .text.hard_assertion_failure
                0x10001b10        0xc CMakeFiles/LuaPicoTest.dir/home/benji/pico-sdk/src/rp2_common/pico_runtime/runtime.c.o
                0x10001b10                hard_assertion_failure
 .text.runtime_run_initializers
                0x10001b1c       0x28 CMakeFiles/LuaPicoTest.dir/home/benji/pico-sdk/src/rp2_common/pico_runtime/runtime.c.o
                0x10001b1c                runtime_run_initializers
 .text.runtime_init_early_resets
                0x10001b44       0x2c CMakeFiles/LuaPicoTest.dir/home/benji/pico-sdk/src/rp2_common/pico_runtime_init/runtime_init.c.o
                0x10001b44                runtime_init_early_resets
 .text.runtime_init_usb_power_down
                0x10001b70       0x1c CMakeFiles/LuaPicoTest.dir/home/benji/pico-sdk/src/rp2_common/pico_runtime_init/runtime_init.c.o
                0x10001b70                runtime_init_usb_power_down
 .text.runtime_init_post_clock_resets
                0x10001b8c       0x20 CMakeFiles/LuaPicoTest.dir/home/benji/pico-sdk/src/rp2_common/pico_runtime_init/runtime_init.c.o
                0x10001b8c                runtime_init_post_clock_resets
 .text.runtime_init_rp2040_gpio_ie_disable
                0x10001bac       0x14 CMakeFiles/LuaPicoTest.dir/home/benji/pico-sdk/src/rp2_common/pico_runtime_init/runtime_init.c.o
                0x10001bac                runtime_init_rp2040_gpio_ie_disable
 .text.runtime_init_spin_locks_reset
                0x10001bc0        0x8 CMakeFiles/LuaPicoTest.dir/home/benji/pico-sdk/src/rp2_common/pico_runtime_init/runtime_init.c.o
                0x10001bc0                runtime_init_spin_locks_reset
 .text.runtime_init_install_ram_vector_table
                0x10001bc8       0xb4 CMakeFiles/LuaPicoTest.dir/home/benji/pico-sdk/src/rp2_common/pico_runtime_init/runtime_init.c.o
                0x10001bc8                runtime_init_install_ram_vector_table
 .text.runtime_init_clocks
                0x10001c7c       0xd8 CMakeFiles/LuaPicoTest.dir/home/benji/pico-sdk/src/rp2_common/pico_runtime_init/runtime_init_clocks.c.o
                0x10001c7c                runtime_init_clocks
 .text          0x10001d54       0x10 CMakeFiles/LuaPicoTest.dir/home/benji/pico-sdk/src/rp2_common/pico_bit_ops/bit_ops_aeabi.S.o
 .text.__wrap___aeabi_idiv
                0x10001d64       0x50 CMakeFiles/LuaPicoTest.dir/home/benji/pico-sdk/src/rp2_common/pico_divider/divider_hardware.S.o
                0x10001d64                __wrap___aeabi_idivmod
                0x10001d64                divmod_s32s32
                0x10001d64                div_s32s32
                0x10001d64                __wrap___aeabi_idiv
                0x10001d6c                divmod_s32s32_unsafe
                0x10001d98                divmod_s32s32_savestate
 .text.__wrap___aeabi_uidiv
                0x10001db4       0x4c CMakeFiles/LuaPicoTest.dir/home/benji/pico-sdk/src/rp2_common/pico_divider/divider_hardware.S.o
                0x10001db4                __wrap___aeabi_uidiv
                0x10001db4                __wrap___aeabi_uidivmod
                0x10001db4                div_u32u32
                0x10001db4                divmod_u32u32
                0x10001dbc                divmod_u32u32_unsafe
                0x10001de4                divmod_u32u32_savestate
 .text.__wrap___aeabi_ldiv
                0x10001e00      0x424 CMakeFiles/LuaPicoTest.dir/home/benji/pico-sdk/src/rp2_common/pico_divider/divider_hardware.S.o
                0x10001e00                div_s64s64
                0x10001e00                divmod_s64s64
                0x10001e00                __wrap___aeabi_ldivmod
                0x10001e30                div_u64u64
                0x10001e30                divmod_u64u64
                0x10001e30                __wrap___aeabi_uldivmod
                0x10001e40                divmod_u64u64_savestate
                0x10001e60                divmod_s64s64_unsafe
                0x10001ee8                divmod_u64u64_unsafe
 .text.__wrap___aeabi_darithmetic
                0x10002224       0x60 CMakeFiles/LuaPicoTest.dir/home/benji/pico-sdk/src/rp2_common/pico_double/double_aeabi_rp2040.S.o
                0x10002224                __wrap___aeabi_drsub
                0x1000222a                __wrap___aeabi_dsub
                0x10002234                __wrap___aeabi_dadd
                0x1000223e                __wrap___aeabi_ddiv
                0x10002272                __wrap___aeabi_dmul
 .text.__wrap___aeabi_cdcmple
                0x10002284       0x6c CMakeFiles/LuaPicoTest.dir/home/benji/pico-sdk/src/rp2_common/pico_double/double_aeabi_rp2040.S.o
                0x10002284                __wrap___aeabi_cdrcmple
                0x10002294                __wrap___aeabi_cdcmple
                0x10002294                __wrap___aeabi_cdcmpeq
 .text.__wrap___aeabi_dcmpeq
                0x100022f0       0x10 CMakeFiles/LuaPicoTest.dir/home/benji/pico-sdk/src/rp2_common/pico_double/double_aeabi_rp2040.S.o
                0x100022f0                __wrap___aeabi_dcmpeq
 .text.__wrap___aeabi_dcmplt
                0x10002300        0xc CMakeFiles/LuaPicoTest.dir/home/benji/pico-sdk/src/rp2_common/pico_double/double_aeabi_rp2040.S.o
                0x10002300                __wrap___aeabi_dcmplt
 .text.__wrap___aeabi_dcmple
                0x1000230c       0x10 CMakeFiles/LuaPicoTest.dir/home/benji/pico-sdk/src/rp2_common/pico_double/double_aeabi_rp2040.S.o
                0x1000230c                __wrap___aeabi_dcmple
 .text.__wrap___aeabi_dcmpge
                0x1000231c       0x10 CMakeFiles/LuaPicoTest.dir/home/benji/pico-sdk/src/rp2_common/pico_double/double_aeabi_rp2040.S.o
                0x1000231c                __wrap___aeabi_dcmpge
 .text.__wrap___aeabi_dcmpgt
                0x1000232c        0xa CMakeFiles/LuaPicoTest.dir/home/benji/pico-sdk/src/rp2_common/pico_double/double_aeabi_rp2040.S.o
                0x1000232c                __wrap___aeabi_dcmpgt
 .text.__wrap___aeabi_dcmpun
                0x10002336       0x18 CMakeFiles/LuaPicoTest.dir/home/benji/pico-sdk/src/rp2_common/pico_double/double_aeabi_rp2040.S.o
                0x10002336                __wrap___aeabi_dcmpun
 *fill*         0x1000234e        0x2 
 .text.__wrap___aeabi_i2d
                0x10002350       0x38 CMakeFiles/LuaPicoTest.dir/home/benji/pico-sdk/src/rp2_common/pico_double/double_aeabi_rp2040.S.o
                0x10002350                __wrap___aeabi_ui2d
                0x10002350                uint2double
                0x10002358                __wrap___aeabi_i2d
                0x10002358                int2double
 .text.__wrap___aeabi_d2iz
                0x10002388       0x48 CMakeFiles/LuaPicoTest.dir/home/benji/pico-sdk/src/rp2_common/pico_double/double_aeabi_rp2040.S.o
                0x10002388                __wrap___aeabi_d2iz
                0x10002388                double2int_z
 .text.__wrap___aeabi_d2uiz
                0x100023d0       0x10 CMakeFiles/LuaPicoTest.dir/home/benji/pico-sdk/src/rp2_common/pico_double/double_aeabi_rp2040.S.o
                0x100023d0                double2uint_z
                0x100023d0                double2uint
                0x100023d0                __wrap___aeabi_d2uiz
 .text.fix642double
                0x100023e0       0x10 CMakeFiles/LuaPicoTest.dir/home/benji/pico-sdk/src/rp2_common/pico_double/double_aeabi_rp2040.S.o
                0x100023e0                fix642double
 .text.__wrap___aeabi_l2d
                0x100023f0       0x10 CMakeFiles/LuaPicoTest.dir/home/benji/pico-sdk/src/rp2_common/pico_double/double_aeabi_rp2040.S.o
                0x100023f0                __wrap___aeabi_l2d
                0x100023f0                int642double
 .text.__wrap___aeabi_d2lz
                0x10002400       0x26 CMakeFiles/LuaPicoTest.dir/home/benji/pico-sdk/src/rp2_common/pico_double/double_aeabi_rp2040.S.o
                0x10002400                __wrap___aeabi_d2lz
                0x10002400                double2int64_z
 *fill*         0x10002426        0x2 
 .text.double2int64
                0x10002428       0x10 CMakeFiles/LuaPicoTest.dir/home/benji/pico-sdk/src/rp2_common/pico_double/double_aeabi_rp2040.S.o
                0x10002428                double2int64
 .text.double2ufix64
                0x10002438       0x10 CMakeFiles/LuaPicoTest.dir/home/benji/pico-sdk/src/rp2_common/pico_double/double_aeabi_rp2040.S.o
                0x10002438                double2ufix64
                0x10002438                double2ufix64_z
 .text.__wrap___aeabi_d2f
                0x10002448       0x10 CMakeFiles/LuaPicoTest.dir/home/benji/pico-sdk/src/rp2_common/pico_double/double_aeabi_rp2040.S.o
                0x10002448                __wrap___aeabi_d2f
 .text.__wrap_srqt
                0x10002458       0x10 CMakeFiles/LuaPicoTest.dir/home/benji/pico-sdk/src/rp2_common/pico_double/double_aeabi_rp2040.S.o
                0x10002458                __wrap_sqrt
 .text.__wrap_sincostan_remainder
                0x10002468       0x14 CMakeFiles/LuaPicoTest.dir/home/benji/pico-sdk/src/rp2_common/pico_double/double_aeabi_rp2040.S.o
                0x10002468                sincostan_remainder
 .text.__wrap_cos
                0x1000247c       0x24 CMakeFiles/LuaPicoTest.dir/home/benji/pico-sdk/src/rp2_common/pico_double/double_aeabi_rp2040.S.o
                0x1000247c                __wrap_cos
 .text.__wrap_sin
                0x100024a0       0x24 CMakeFiles/LuaPicoTest.dir/home/benji/pico-sdk/src/rp2_common/pico_double/double_aeabi_rp2040.S.o
                0x100024a0                __wrap_sin
 .text.__wrap_tan
                0x100024c4       0x54 CMakeFiles/LuaPicoTest.dir/home/benji/pico-sdk/src/rp2_common/pico_double/double_aeabi_rp2040.S.o
                0x100024c4                __wrap_tan
 .text.__wrap_atan2
                0x10002518       0x10 CMakeFiles/LuaPicoTest.dir/home/benji/pico-sdk/src/rp2_common/pico_double/double_aeabi_rp2040.S.o
                0x10002518                __wrap_atan2
 .text.__wrap_exp
                0x10002528       0x10 CMakeFiles/LuaPicoTest.dir/home/benji/pico-sdk/src/rp2_common/pico_double/double_aeabi_rp2040.S.o
                0x10002528                __wrap_exp
 .text.__wrap_log
                0x10002538       0x10 CMakeFiles/LuaPicoTest.dir/home/benji/pico-sdk/src/rp2_common/pico_double/double_aeabi_rp2040.S.o
                0x10002538                __wrap_log
 .text.missing_double_func_shim
                0x10002548        0xc CMakeFiles/LuaPicoTest.dir/home/benji/pico-sdk/src/rp2_common/pico_double/double_init_rom_rp2040.c.o
 .text.__aeabi_double_init
                0x10002554       0xa0 CMakeFiles/LuaPicoTest.dir/home/benji/pico-sdk/src/rp2_common/pico_double/double_init_rom_rp2040.c.o
                0x10002554                __aeabi_double_init
 .text.dpow_1   0x100025f4      0x288 CMakeFiles/LuaPicoTest.dir/home/benji/pico-sdk/src/rp2_common/pico_double/double_math.c.o
 .text.dpow_int2
                0x1000287c       0xd8 CMakeFiles/LuaPicoTest.dir/home/benji/pico-sdk/src/rp2_common/pico_double/double_math.c.o
 .text.dpow_0   0x10002954      0x174 CMakeFiles/LuaPicoTest.dir/home/benji/pico-sdk/src/rp2_common/pico_double/double_math.c.o
 .text.__wrap_ldexp
                0x10002ac8       0x4c CMakeFiles/LuaPicoTest.dir/home/benji/pico-sdk/src/rp2_common/pico_double/double_math.c.o
                0x10002ac8                __wrap_ldexp
 .text.__wrap_round
                0x10002b14       0x9c CMakeFiles/LuaPicoTest.dir/home/benji/pico-sdk/src/rp2_common/pico_double/double_math.c.o
                0x10002b14                __wrap_round
 .text.__wrap_floor
                0x10002bb0       0x90 CMakeFiles/LuaPicoTest.dir/home/benji/pico-sdk/src/rp2_common/pico_double/double_math.c.o
                0x10002bb0                __wrap_floor
 .text.__wrap_ceil
                0x10002c40       0x94 CMakeFiles/LuaPicoTest.dir/home/benji/pico-sdk/src/rp2_common/pico_double/double_math.c.o
                0x10002c40                __wrap_ceil
 .text.__wrap_asin
                0x10002cd4       0x58 CMakeFiles/LuaPicoTest.dir/home/benji/pico-sdk/src/rp2_common/pico_double/double_math.c.o
                0x10002cd4                __wrap_asin
 .text.__wrap_acos
                0x10002d2c       0x54 CMakeFiles/LuaPicoTest.dir/home/benji/pico-sdk/src/rp2_common/pico_double/double_math.c.o
                0x10002d2c                __wrap_acos
 .text.__wrap_exp2
                0x10002d80       0xbc CMakeFiles/LuaPicoTest.dir/home/benji/pico-sdk/src/rp2_common/pico_double/double_math.c.o
                0x10002d80                __wrap_exp2
 .text.__wrap_log10
                0x10002e3c       0x18 CMakeFiles/LuaPicoTest.dir/home/benji/pico-sdk/src/rp2_common/pico_double/double_math.c.o
                0x10002e3c                __wrap_log10
 .text.__wrap_pow
                0x10002e54      0x320 CMakeFiles/LuaPicoTest.dir/home/benji/pico-sdk/src/rp2_common/pico_double/double_math.c.o
                0x10002e54                __wrap_pow
 .text.__wrap_fmod
                0x10003174      0x184 CMakeFiles/LuaPicoTest.dir/home/benji/pico-sdk/src/rp2_common/pico_double/double_math.c.o
                0x10003174                __wrap_fmod
 .text.__wrap_remquo
                0x100032f8      0x27c CMakeFiles/LuaPicoTest.dir/home/benji/pico-sdk/src/rp2_common/pico_double/double_math.c.o
                0x100032f8                __wrap_remquo
 .text.__wrap_remainder
                0x10003574       0x10 CMakeFiles/LuaPicoTest.dir/home/benji/pico-sdk/src/rp2_common/pico_double/double_math.c.o
                0x10003574                __wrap_remainder
 .text.double_table_shim_on_use_helper
                0x10003584       0x2c CMakeFiles/LuaPicoTest.dir/home/benji/pico-sdk/src/rp2_common/pico_double/double_v1_rom_shim_rp2040.S.o
                0x10003584                double_table_shim_on_use_helper
 .text.__aeabi_lmul
                0x100035b0       0x32 CMakeFiles/LuaPicoTest.dir/home/benji/pico-sdk/src/rp2_common/pico_int64_ops/pico_int64_ops_aeabi.S.o
                0x100035b0                __wrap___aeabi_lmul
 *fill*         0x100035e2        0x2 
 .text.__wrap___aeabi_cfcmple
                0x100035e4       0x50 CMakeFiles/LuaPicoTest.dir/home/benji/pico-sdk/src/rp2_common/pico_float/float_aeabi_rp2040.S.o
                0x100035e4                __wrap___aeabi_cfrcmple
                0x100035f0                __wrap___aeabi_cfcmpeq
                0x100035f0                __wrap___aeabi_cfcmple
 .text.__wrap___aeabi_fcmple
                0x10003634       0x10 CMakeFiles/LuaPicoTest.dir/home/benji/pico-sdk/src/rp2_common/pico_float/float_aeabi_rp2040.S.o
                0x10003634                __wrap___aeabi_fcmple
 .text.__wrap___aeabi_fcmpun
                0x10003644       0x18 CMakeFiles/LuaPicoTest.dir/home/benji/pico-sdk/src/rp2_common/pico_float/float_aeabi_rp2040.S.o
                0x10003644                __wrap___aeabi_fcmpun
 .text.__wrap___aeabi_f2d
                0x1000365c        0xc CMakeFiles/LuaPicoTest.dir/home/benji/pico-sdk/src/rp2_common/pico_float/float_aeabi_rp2040.S.o
                0x1000365c                __wrap___aeabi_f2d
 .text.missing_float_func_shim
                0x10003668        0xc CMakeFiles/LuaPicoTest.dir/home/benji/pico-sdk/src/rp2_common/pico_float/float_init_rom_rp2040.c.o
 .text.__aeabi_float_init
                0x10003674       0x5c CMakeFiles/LuaPicoTest.dir/home/benji/pico-sdk/src/rp2_common/pico_float/float_init_rom_rp2040.c.o
                0x10003674                __aeabi_float_init
 .text.__wrap_malloc
                0x100036d0       0x24 CMakeFiles/LuaPicoTest.dir/home/benji/pico-sdk/src/rp2_common/pico_malloc/malloc.c.o
                0x100036d0                __wrap_malloc
 .text.__wrap_realloc
                0x100036f4       0x24 CMakeFiles/LuaPicoTest.dir/home/benji/pico-sdk/src/rp2_common/pico_malloc/malloc.c.o
                0x100036f4                __wrap_realloc
 .text.__wrap_free
                0x10003718        0x8 CMakeFiles/LuaPicoTest.dir/home/benji/pico-sdk/src/rp2_common/pico_malloc/malloc.c.o
                0x10003718                __wrap_free
 .text          0x10003720       0x10 CMakeFiles/LuaPicoTest.dir/home/benji/pico-sdk/src/rp2_common/pico_mem_ops/mem_ops_aeabi.S.o
                0x10003720                __aeabi_mem_init
 .text.memset   0x10003730        0xc CMakeFiles/LuaPicoTest.dir/home/benji/pico-sdk/src/rp2_common/pico_mem_ops/mem_ops_aeabi.S.o
                0x10003730                __wrap_memset
 .text.memcpy   0x1000373c        0xc CMakeFiles/LuaPicoTest.dir/home/benji/pico-sdk/src/rp2_common/pico_mem_ops/mem_ops_aeabi.S.o
                0x1000373c                __wrap___aeabi_memcpy
                0x1000373c                __wrap_memcpy
 .text._out_buffer
                0x10003748        0x8 CMakeFiles/LuaPicoTest.dir/home/benji/pico-sdk/src/rp2_common/pico_printf/printf.c.o
 .text._out_null
                0x10003750        0x4 CMakeFiles/LuaPicoTest.dir/home/benji/pico-sdk/src/rp2_common/pico_printf/printf.c.o
 .text._out_rev
                0x10003754       0xac CMakeFiles/LuaPicoTest.dir/home/benji/pico-sdk/src/rp2_common/pico_printf/printf.c.o
 .text._ntoa_format
                0x10003800      0x250 CMakeFiles/LuaPicoTest.dir/home/benji/pico-sdk/src/rp2_common/pico_printf/printf.c.o
 .text._out_char
                0x10003a50       0x10 CMakeFiles/LuaPicoTest.dir/home/benji/pico-sdk/src/rp2_common/pico_printf/printf.c.o
 .text._out_fct
                0x10003a60       0x10 CMakeFiles/LuaPicoTest.dir/home/benji/pico-sdk/src/rp2_common/pico_printf/printf.c.o
 .text._etoa    0x10003a70      0x464 CMakeFiles/LuaPicoTest.dir/home/benji/pico-sdk/src/rp2_common/pico_printf/printf.c.o
 .text._ftoa    0x10003ed4      0x3c0 CMakeFiles/LuaPicoTest.dir/home/benji/pico-sdk/src/rp2_common/pico_printf/printf.c.o
 .text._vsnprintf
                0x10004294      0xbc8 CMakeFiles/LuaPicoTest.dir/home/benji/pico-sdk/src/rp2_common/pico_printf/printf.c.o
 .text.__wrap_snprintf
                0x10004e5c       0x28 CMakeFiles/LuaPicoTest.dir/home/benji/pico-sdk/src/rp2_common/pico_printf/printf.c.o
                0x10004e5c                __wrap_snprintf
 .text.vfctprintf
                0x10004e84       0x20 CMakeFiles/LuaPicoTest.dir/home/benji/pico-sdk/src/rp2_common/pico_printf/printf.c.o
                0x10004e84                vfctprintf
 .text.weak_raw_printf
                0x10004ea4       0x40 CMakeFiles/LuaPicoTest.dir/home/benji/pico-sdk/src/rp2_common/pico_printf/printf.c.o
                0x10004ea4                weak_raw_printf
 .text.weak_raw_vprintf
                0x10004ee4       0x30 CMakeFiles/LuaPicoTest.dir/home/benji/pico-sdk/src/rp2_common/pico_printf/printf.c.o
                0x10004ee4                weak_raw_vprintf
 .text._exit    0x10004f14        0x4 CMakeFiles/LuaPicoTest.dir/home/benji/pico-sdk/src/rp2_common/pico_clib_interface/newlib_interface.c.o
                0x10004f14                _exit
 .text._sbrk    0x10004f18       0x34 CMakeFiles/LuaPicoTest.dir/home/benji/pico-sdk/src/rp2_common/pico_clib_interface/newlib_interface.c.o
                0x10004f18                _sbrk
 .text._gettimeofday
                0x10004f4c       0x30 CMakeFiles/LuaPicoTest.dir/home/benji/pico-sdk/src/rp2_common/pico_clib_interface/newlib_interface.c.o
                0x10004f4c                _gettimeofday
 .text._times   0x10004f7c       0x24 CMakeFiles/LuaPicoTest.dir/home/benji/pico-sdk/src/rp2_common/pico_clib_interface/newlib_interface.c.o
                0x10004f7c                _times
 .text._getpid  0x10004fa0        0x4 CMakeFiles/LuaPicoTest.dir/home/benji/pico-sdk/src/rp2_common/pico_clib_interface/newlib_interface.c.o
                0x10004fa0                _getpid
 .text._kill    0x10004fa4        0x8 CMakeFiles/LuaPicoTest.dir/home/benji/pico-sdk/src/rp2_common/pico_clib_interface/newlib_interface.c.o
                0x10004fa4                _kill
 .text._read    0x10004fac       0x24 CMakeFiles/LuaPicoTest.dir/home/benji/pico-sdk/src/rp2_common/pico_clib_interface/newlib_interface.c.o
                0x10004fac                _read
 .text._write   0x10004fd0       0x24 CMakeFiles/LuaPicoTest.dir/home/benji/pico-sdk/src/rp2_common/pico_clib_interface/newlib_interface.c.o
                0x10004fd0                _write
 .text._open    0x10004ff4        0xc CMakeFiles/LuaPicoTest.dir/home/benji/pico-sdk/src/rp2_common/pico_clib_interface/newlib_interface.c.o
                0x10004ff4                _open
 .text._close   0x10005000        0x8 CMakeFiles/LuaPicoTest.dir/home/benji/pico-sdk/src/rp2_common/pico_clib_interface/newlib_interface.c.o
                0x10005000                _close
 .text._lseek   0x10005008        0x8 CMakeFiles/LuaPicoTest.dir/home/benji/pico-sdk/src/rp2_common/pico_clib_interface/newlib_interface.c.o
                0x10005008                _lseek
 .text._fstat   0x10005010        0x8 CMakeFiles/LuaPicoTest.dir/home/benji/pico-sdk/src/rp2_common/pico_clib_interface/newlib_interface.c.o
                0x10005010                _fstat
 .text._isatty  0x10005018        0xc CMakeFiles/LuaPicoTest.dir/home/benji/pico-sdk/src/rp2_common/pico_clib_interface/newlib_interface.c.o
                0x10005018                _isatty
 .text.exit     0x10005024        0x8 CMakeFiles/LuaPicoTest.dir/home/benji/pico-sdk/src/rp2_common/pico_clib_interface/newlib_interface.c.o
                0x10005024                exit
 .text.__assert_func
                0x1000502c       0x38 CMakeFiles/LuaPicoTest.dir/home/benji/pico-sdk/src/rp2_common/pico_clib_interface/newlib_interface.c.o
                0x1000502c                __assert_func
 .text.runtime_init
                0x10005064       0x2c CMakeFiles/LuaPicoTest.dir/home/benji/pico-sdk/src/rp2_common/pico_clib_interface/newlib_interface.c.o
                0x10005064                runtime_init
 .text.stdio_out_chars_no_crlf
                0x10005090       0x10 CMakeFiles/LuaPicoTest.dir/home/benji/pico-sdk/src/rp2_common/pico_stdio/stdio.c.o
 .text.stdio_out_chars_crlf
                0x100050a0       0x94 CMakeFiles/LuaPicoTest.dir/home/benji/pico-sdk/src/rp2_common/pico_stdio/stdio.c.o
 .text.stdio_buffered_printer
                0x10005134       0x64 CMakeFiles/LuaPicoTest.dir/home/benji/pico-sdk/src/rp2_common/pico_stdio/stdio.c.o
 .text.stdio_put_string
                0x10005198      0x100 CMakeFiles/LuaPicoTest.dir/home/benji/pico-sdk/src/rp2_common/pico_stdio/stdio.c.o
                0x10005198                stdio_put_string
 .text.stdio_get_until
                0x10005298       0x84 CMakeFiles/LuaPicoTest.dir/home/benji/pico-sdk/src/rp2_common/pico_stdio/stdio.c.o
                0x10005298                stdio_get_until
 .text.stdio_set_driver_enabled
                0x1000531c       0x30 CMakeFiles/LuaPicoTest.dir/home/benji/pico-sdk/src/rp2_common/pico_stdio/stdio.c.o
                0x1000531c                stdio_set_driver_enabled
 .text.stdio_init_all
                0x1000534c       0x10 CMakeFiles/LuaPicoTest.dir/home/benji/pico-sdk/src/rp2_common/pico_stdio/stdio.c.o
                0x1000534c                stdio_init_all
 .text.__wrap_putchar
                0x1000535c       0x98 CMakeFiles/LuaPicoTest.dir/home/benji/pico-sdk/src/rp2_common/pico_stdio/stdio.c.o
                0x1000535c                stdio_putchar
                0x1000535c                __wrap_putchar
 .text.__wrap_puts
                0x100053f4       0x3c CMakeFiles/LuaPicoTest.dir/home/benji/pico-sdk/src/rp2_common/pico_stdio/stdio.c.o
                0x100053f4                __wrap_puts
                0x100053f4                stdio_puts
 .text.__wrap_vprintf
                0x10005430       0xd4 CMakeFiles/LuaPicoTest.dir/home/benji/pico-sdk/src/rp2_common/pico_stdio/stdio.c.o
                0x10005430                __wrap_vprintf
                0x10005430                stdio_vprintf
 .text.__wrap_printf
                0x10005504       0x18 CMakeFiles/LuaPicoTest.dir/home/benji/pico-sdk/src/rp2_common/pico_stdio/stdio.c.o
                0x10005504                stdio_printf
                0x10005504                __wrap_printf
 .text.stdio_uart_out_chars
                0x1000551c       0x4c CMakeFiles/LuaPicoTest.dir/home/benji/pico-sdk/src/rp2_common/pico_stdio_uart/stdio_uart.c.o
 .text.stdio_uart_in_chars
                0x10005568       0x90 CMakeFiles/LuaPicoTest.dir/home/benji/pico-sdk/src/rp2_common/pico_stdio_uart/stdio_uart.c.o
                0x10005568                stdio_uart_in_chars
 .text.on_uart_rx
                0x100055f8       0x28 CMakeFiles/LuaPicoTest.dir/home/benji/pico-sdk/src/rp2_common/pico_stdio_uart/stdio_uart.c.o
 .text.stdio_uart_out_flush
                0x10005620       0x14 CMakeFiles/LuaPicoTest.dir/home/benji/pico-sdk/src/rp2_common/pico_stdio_uart/stdio_uart.c.o
 .text.stdio_uart_set_chars_available_callback
                0x10005634       0x84 CMakeFiles/LuaPicoTest.dir/home/benji/pico-sdk/src/rp2_common/pico_stdio_uart/stdio_uart.c.o
 .text.stdio_uart_init
                0x100056b8       0x50 CMakeFiles/LuaPicoTest.dir/home/benji/pico-sdk/src/rp2_common/pico_stdio_uart/stdio_uart.c.o
                0x100056b8                stdio_uart_init
 .text.resetd_init
                0x10005708        0x4 CMakeFiles/LuaPicoTest.dir/home/benji/pico-sdk/src/rp2_common/pico_stdio_usb/reset_interface.c.o
 .text.resetd_reset
                0x1000570c        0xc CMakeFiles/LuaPicoTest.dir/home/benji/pico-sdk/src/rp2_common/pico_stdio_usb/reset_interface.c.o
 .text.resetd_open
                0x10005718       0x28 CMakeFiles/LuaPicoTest.dir/home/benji/pico-sdk/src/rp2_common/pico_stdio_usb/reset_interface.c.o
 .text.resetd_xfer_cb
                0x10005740        0x4 CMakeFiles/LuaPicoTest.dir/home/benji/pico-sdk/src/rp2_common/pico_stdio_usb/reset_interface.c.o
 .text.resetd_control_xfer_cb
                0x10005744       0x5c CMakeFiles/LuaPicoTest.dir/home/benji/pico-sdk/src/rp2_common/pico_stdio_usb/reset_interface.c.o
 .text.tud_descriptor_bos_cb
                0x100057a0        0x8 CMakeFiles/LuaPicoTest.dir/home/benji/pico-sdk/src/rp2_common/pico_stdio_usb/reset_interface.c.o
                0x100057a0                tud_descriptor_bos_cb
 .text.tud_vendor_control_xfer_cb
                0x100057a8       0x34 CMakeFiles/LuaPicoTest.dir/home/benji/pico-sdk/src/rp2_common/pico_stdio_usb/reset_interface.c.o
                0x100057a8                tud_vendor_control_xfer_cb
 .text.usbd_app_driver_get_cb
                0x100057dc        0xc CMakeFiles/LuaPicoTest.dir/home/benji/pico-sdk/src/rp2_common/pico_stdio_usb/reset_interface.c.o
                0x100057dc                usbd_app_driver_get_cb
 .text.tud_cdc_line_coding_cb
                0x100057e8       0x2c CMakeFiles/LuaPicoTest.dir/home/benji/pico-sdk/src/rp2_common/pico_stdio_usb/reset_interface.c.o
                0x100057e8                tud_cdc_line_coding_cb
 .text.stdio_usb_set_chars_available_callback
                0x10005814       0x14 CMakeFiles/LuaPicoTest.dir/home/benji/pico-sdk/src/rp2_common/pico_stdio_usb/stdio_usb.c.o
                0x10005814                stdio_usb_set_chars_available_callback
 .text.usb_irq  0x10005828       0x10 CMakeFiles/LuaPicoTest.dir/home/benji/pico-sdk/src/rp2_common/pico_stdio_usb/stdio_usb.c.o
 .text.timer_task
                0x10005838       0x64 CMakeFiles/LuaPicoTest.dir/home/benji/pico-sdk/src/rp2_common/pico_stdio_usb/stdio_usb.c.o
 .text.stdio_usb_in_chars
                0x1000589c       0x90 CMakeFiles/LuaPicoTest.dir/home/benji/pico-sdk/src/rp2_common/pico_stdio_usb/stdio_usb.c.o
                0x1000589c                stdio_usb_in_chars
 .text.stdio_usb_out_flush
                0x1000592c       0x50 CMakeFiles/LuaPicoTest.dir/home/benji/pico-sdk/src/rp2_common/pico_stdio_usb/stdio_usb.c.o
 .text.stdio_usb_out_chars
                0x1000597c      0x104 CMakeFiles/LuaPicoTest.dir/home/benji/pico-sdk/src/rp2_common/pico_stdio_usb/stdio_usb.c.o
 .text.low_priority_worker_irq
                0x10005a80       0xcc CMakeFiles/LuaPicoTest.dir/home/benji/pico-sdk/src/rp2_common/pico_stdio_usb/stdio_usb.c.o
 .text.stdio_usb_init
                0x10005b4c       0xec CMakeFiles/LuaPicoTest.dir/home/benji/pico-sdk/src/rp2_common/pico_stdio_usb/stdio_usb.c.o
                0x10005b4c                stdio_usb_init
 .text.tud_descriptor_device_cb
                0x10005c38        0x8 CMakeFiles/LuaPicoTest.dir/home/benji/pico-sdk/src/rp2_common/pico_stdio_usb/stdio_usb_descriptors.c.o
                0x10005c38                tud_descriptor_device_cb
 .text.tud_descriptor_configuration_cb
                0x10005c40        0x8 CMakeFiles/LuaPicoTest.dir/home/benji/pico-sdk/src/rp2_common/pico_stdio_usb/stdio_usb_descriptors.c.o
                0x10005c40                tud_descriptor_configuration_cb
 .text.tud_descriptor_string_cb
                0x10005c48       0x78 CMakeFiles/LuaPicoTest.dir/home/benji/pico-sdk/src/rp2_common/pico_stdio_usb/stdio_usb_descriptors.c.o
                0x10005c48                tud_descriptor_string_cb
 .text.startup._retrieve_unique_id_on_boot
                0x10005cc0       0x10 CMakeFiles/LuaPicoTest.dir/home/benji/pico-sdk/src/rp2_common/pico_unique_id/unique_id.c.o
 .text.pico_get_unique_board_id_string
                0x10005cd0      0x1a8 CMakeFiles/LuaPicoTest.dir/home/benji/pico-sdk/src/rp2_common/pico_unique_id/unique_id.c.o
                0x10005cd0                pico_get_unique_board_id_string
 .text.flash_get_unique_id
                0x10005e78       0x3c CMakeFiles/LuaPicoTest.dir/home/benji/pico-sdk/src/rp2_common/hardware_flash/flash.c.o
                0x10005e78                flash_get_unique_id
 .text.dcd_init
                0x10005eb4       0x90 CMakeFiles/LuaPicoTest.dir/home/benji/pico-sdk/lib/tinyusb/src/portable/raspberrypi/rp2040/dcd_rp2040.c.o
                0x10005eb4                dcd_init
 .text.dcd_int_enable
                0x10005f44        0xc CMakeFiles/LuaPicoTest.dir/home/benji/pico-sdk/lib/tinyusb/src/portable/raspberrypi/rp2040/dcd_rp2040.c.o
                0x10005f44                dcd_int_enable
 .text.dcd_set_address
                0x10005f50       0x14 CMakeFiles/LuaPicoTest.dir/home/benji/pico-sdk/lib/tinyusb/src/portable/raspberrypi/rp2040/dcd_rp2040.c.o
                0x10005f50                dcd_set_address
 .text.dcd_sof_enable
                0x10005f64       0x1c CMakeFiles/LuaPicoTest.dir/home/benji/pico-sdk/lib/tinyusb/src/portable/raspberrypi/rp2040/dcd_rp2040.c.o
                0x10005f64                dcd_sof_enable
 .text.dcd_edpt0_status_complete
                0x10005f80       0x1c CMakeFiles/LuaPicoTest.dir/home/benji/pico-sdk/lib/tinyusb/src/portable/raspberrypi/rp2040/dcd_rp2040.c.o
                0x10005f80                dcd_edpt0_status_complete
 .text.dcd_edpt_open
                0x10005f9c      0x114 CMakeFiles/LuaPicoTest.dir/home/benji/pico-sdk/lib/tinyusb/src/portable/raspberrypi/rp2040/dcd_rp2040.c.o
                0x10005f9c                dcd_edpt_open
 .text.dcd_edpt_close_all
                0x100060b0        0x8 CMakeFiles/LuaPicoTest.dir/home/benji/pico-sdk/lib/tinyusb/src/portable/raspberrypi/rp2040/dcd_rp2040.c.o
                0x100060b0                dcd_edpt_close_all
 .text.dcd_edpt_xfer
                0x100060b8       0x24 CMakeFiles/LuaPicoTest.dir/home/benji/pico-sdk/lib/tinyusb/src/portable/raspberrypi/rp2040/dcd_rp2040.c.o
                0x100060b8                dcd_edpt_xfer
 .text.dcd_edpt_stall
                0x100060dc       0x34 CMakeFiles/LuaPicoTest.dir/home/benji/pico-sdk/lib/tinyusb/src/portable/raspberrypi/rp2040/dcd_rp2040.c.o
                0x100060dc                dcd_edpt_stall
 .text.dcd_edpt_clear_stall
                0x10006110       0x30 CMakeFiles/LuaPicoTest.dir/home/benji/pico-sdk/lib/tinyusb/src/portable/raspberrypi/rp2040/dcd_rp2040.c.o
                0x10006110                dcd_edpt_clear_stall
 .text.rp2040_usb_init
                0x10006140       0x40 CMakeFiles/LuaPicoTest.dir/home/benji/pico-sdk/lib/tinyusb/src/portable/raspberrypi/rp2040/rp2040_usb.c.o
                0x10006140                rp2040_usb_init
 .text.hw_endpoint_xfer_start
                0x10006180       0x40 CMakeFiles/LuaPicoTest.dir/home/benji/pico-sdk/lib/tinyusb/src/portable/raspberrypi/rp2040/rp2040_usb.c.o
                0x10006180                hw_endpoint_xfer_start
 .text.tud_event_hook_cb
                0x100061c0        0x4 CMakeFiles/LuaPicoTest.dir/home/benji/pico-sdk/lib/tinyusb/src/device/usbd.c.o
                0x100061c0                tud_event_hook_cb
 .text.tud_sof_cb
                0x100061c4        0x4 CMakeFiles/LuaPicoTest.dir/home/benji/pico-sdk/lib/tinyusb/src/device/usbd.c.o
                0x100061c4                tud_sof_cb
 .text.tud_descriptor_device_qualifier_cb
                0x100061c8        0x4 CMakeFiles/LuaPicoTest.dir/home/benji/pico-sdk/lib/tinyusb/src/device/usbd.c.o
                0x100061c8                tud_descriptor_device_qualifier_cb
 .text.tud_descriptor_other_speed_configuration_cb
                0x100061cc        0x4 CMakeFiles/LuaPicoTest.dir/home/benji/pico-sdk/lib/tinyusb/src/device/usbd.c.o
                0x100061cc                tud_descriptor_other_speed_configuration_cb
 .text.tud_mount_cb
                0x100061d0        0x4 CMakeFiles/LuaPicoTest.dir/home/benji/pico-sdk/lib/tinyusb/src/device/usbd.c.o
                0x100061d0                tud_mount_cb
 .text.tud_umount_cb
                0x100061d4        0x4 CMakeFiles/LuaPicoTest.dir/home/benji/pico-sdk/lib/tinyusb/src/device/usbd.c.o
                0x100061d4                tud_umount_cb
 .text.tud_suspend_cb
                0x100061d8        0x4 CMakeFiles/LuaPicoTest.dir/home/benji/pico-sdk/lib/tinyusb/src/device/usbd.c.o
                0x100061d8                tud_suspend_cb
 .text.tud_resume_cb
                0x100061dc        0x4 CMakeFiles/LuaPicoTest.dir/home/benji/pico-sdk/lib/tinyusb/src/device/usbd.c.o
                0x100061dc                tud_resume_cb
 .text.tud_mounted
                0x100061e0       0x10 CMakeFiles/LuaPicoTest.dir/home/benji/pico-sdk/lib/tinyusb/src/device/usbd.c.o
                0x100061e0                tud_mounted
 .text.tud_suspended
                0x100061f0       0x10 CMakeFiles/LuaPicoTest.dir/home/benji/pico-sdk/lib/tinyusb/src/device/usbd.c.o
                0x100061f0                tud_suspended
 .text.tud_rhport_init
                0x10006200       0xfc CMakeFiles/LuaPicoTest.dir/home/benji/pico-sdk/lib/tinyusb/src/device/usbd.c.o
                0x10006200                tud_rhport_init
 .text.tud_task_ext
                0x100062fc      0x800 CMakeFiles/LuaPicoTest.dir/home/benji/pico-sdk/lib/tinyusb/src/device/usbd.c.o
                0x100062fc                tud_task_ext
 .text.usbd_open_edpt_pair
                0x10006afc       0x9c CMakeFiles/LuaPicoTest.dir/home/benji/pico-sdk/lib/tinyusb/src/device/usbd.c.o
                0x10006afc                usbd_open_edpt_pair
 .text.usbd_edpt_open
                0x10006b98       0x34 CMakeFiles/LuaPicoTest.dir/home/benji/pico-sdk/lib/tinyusb/src/device/usbd.c.o
                0x10006b98                usbd_edpt_open
 .text.usbd_edpt_claim
                0x10006bcc       0x28 CMakeFiles/LuaPicoTest.dir/home/benji/pico-sdk/lib/tinyusb/src/device/usbd.c.o
                0x10006bcc                usbd_edpt_claim
 .text.usbd_edpt_release
                0x10006bf4       0x28 CMakeFiles/LuaPicoTest.dir/home/benji/pico-sdk/lib/tinyusb/src/device/usbd.c.o
                0x10006bf4                usbd_edpt_release
 .text.usbd_edpt_xfer
                0x10006c1c       0x4c CMakeFiles/LuaPicoTest.dir/home/benji/pico-sdk/lib/tinyusb/src/device/usbd.c.o
                0x10006c1c                usbd_edpt_xfer
 .text.tud_control_status
                0x10006c68       0x2c CMakeFiles/LuaPicoTest.dir/home/benji/pico-sdk/lib/tinyusb/src/device/usbd_control.c.o
                0x10006c68                tud_control_status
 .text.tud_control_xfer
                0x10006c94       0xac CMakeFiles/LuaPicoTest.dir/home/benji/pico-sdk/lib/tinyusb/src/device/usbd_control.c.o
                0x10006c94                tud_control_xfer
 .text.usbd_control_reset
                0x10006d40       0x14 CMakeFiles/LuaPicoTest.dir/home/benji/pico-sdk/lib/tinyusb/src/device/usbd_control.c.o
                0x10006d40                usbd_control_reset
 .text.usbd_control_set_complete_callback
                0x10006d54        0xc CMakeFiles/LuaPicoTest.dir/home/benji/pico-sdk/lib/tinyusb/src/device/usbd_control.c.o
                0x10006d54                usbd_control_set_complete_callback
 .text.usbd_control_set_request
                0x10006d60       0x1c CMakeFiles/LuaPicoTest.dir/home/benji/pico-sdk/lib/tinyusb/src/device/usbd_control.c.o
                0x10006d60                usbd_control_set_request
 .text.usbd_control_xfer_cb
                0x10006d7c       0xec CMakeFiles/LuaPicoTest.dir/home/benji/pico-sdk/lib/tinyusb/src/device/usbd_control.c.o
                0x10006d7c                usbd_control_xfer_cb
 .text._prep_out_transaction.isra.0
                0x10006e68       0x6c CMakeFiles/LuaPicoTest.dir/home/benji/pico-sdk/lib/tinyusb/src/class/cdc/cdc_device.c.o
 .text.tud_cdc_n_connected
                0x10006ed4       0x2c CMakeFiles/LuaPicoTest.dir/home/benji/pico-sdk/lib/tinyusb/src/class/cdc/cdc_device.c.o
                0x10006ed4                tud_cdc_n_connected
 .text.tud_cdc_n_available
                0x10006f00       0x14 CMakeFiles/LuaPicoTest.dir/home/benji/pico-sdk/lib/tinyusb/src/class/cdc/cdc_device.c.o
                0x10006f00                tud_cdc_n_available
 .text.tud_cdc_n_read
                0x10006f14       0x94 CMakeFiles/LuaPicoTest.dir/home/benji/pico-sdk/lib/tinyusb/src/class/cdc/cdc_device.c.o
                0x10006f14                tud_cdc_n_read
 .text.tud_cdc_n_write_flush
                0x10006fa8       0x74 CMakeFiles/LuaPicoTest.dir/home/benji/pico-sdk/lib/tinyusb/src/class/cdc/cdc_device.c.o
                0x10006fa8                tud_cdc_n_write_flush
 .text.tud_cdc_n_write
                0x1000701c       0x40 CMakeFiles/LuaPicoTest.dir/home/benji/pico-sdk/lib/tinyusb/src/class/cdc/cdc_device.c.o
                0x1000701c                tud_cdc_n_write
 .text.tud_cdc_n_write_available
                0x1000705c       0x14 CMakeFiles/LuaPicoTest.dir/home/benji/pico-sdk/lib/tinyusb/src/class/cdc/cdc_device.c.o
                0x1000705c                tud_cdc_n_write_available
 .text.cdcd_init
                0x10007070       0x70 CMakeFiles/LuaPicoTest.dir/home/benji/pico-sdk/lib/tinyusb/src/class/cdc/cdc_device.c.o
                0x10007070                cdcd_init
 .text.cdcd_deinit
                0x100070e0       0x34 CMakeFiles/LuaPicoTest.dir/home/benji/pico-sdk/lib/tinyusb/src/class/cdc/cdc_device.c.o
                0x100070e0                cdcd_deinit
 .text.cdcd_reset
                0x10007114       0x4c CMakeFiles/LuaPicoTest.dir/home/benji/pico-sdk/lib/tinyusb/src/class/cdc/cdc_device.c.o
                0x10007114                cdcd_reset
 .text.cdcd_open
                0x10007160       0xa8 CMakeFiles/LuaPicoTest.dir/home/benji/pico-sdk/lib/tinyusb/src/class/cdc/cdc_device.c.o
                0x10007160                cdcd_open
 .text.cdcd_control_xfer_cb
                0x10007208       0xe8 CMakeFiles/LuaPicoTest.dir/home/benji/pico-sdk/lib/tinyusb/src/class/cdc/cdc_device.c.o
                0x10007208                cdcd_control_xfer_cb
 .text.cdcd_xfer_cb
                0x100072f0      0x100 CMakeFiles/LuaPicoTest.dir/home/benji/pico-sdk/lib/tinyusb/src/class/cdc/cdc_device.c.o
                0x100072f0                cdcd_xfer_cb
 .text.vendord_init
                0x100073f0       0x5c CMakeFiles/LuaPicoTest.dir/home/benji/pico-sdk/lib/tinyusb/src/class/vendor/vendor_device.c.o
                0x100073f0                vendord_init
 .text.vendord_deinit
                0x1000744c       0x1c CMakeFiles/LuaPicoTest.dir/home/benji/pico-sdk/lib/tinyusb/src/class/vendor/vendor_device.c.o
                0x1000744c                vendord_deinit
 .text.vendord_reset
                0x10007468       0x28 CMakeFiles/LuaPicoTest.dir/home/benji/pico-sdk/lib/tinyusb/src/class/vendor/vendor_device.c.o
                0x10007468                vendord_reset
 .text.vendord_open
                0x10007490      0x128 CMakeFiles/LuaPicoTest.dir/home/benji/pico-sdk/lib/tinyusb/src/class/vendor/vendor_device.c.o
                0x10007490                vendord_open
 .text.vendord_xfer_cb
                0x100075b8       0x9c CMakeFiles/LuaPicoTest.dir/home/benji/pico-sdk/lib/tinyusb/src/class/vendor/vendor_device.c.o
                0x100075b8                vendord_xfer_cb
 .text.tusb_rhport_init
                0x10007654       0x48 CMakeFiles/LuaPicoTest.dir/home/benji/pico-sdk/lib/tinyusb/src/tusb.c.o
                0x10007654                tusb_rhport_init
 .text.tu_edpt_claim
                0x1000769c       0x50 CMakeFiles/LuaPicoTest.dir/home/benji/pico-sdk/lib/tinyusb/src/tusb.c.o
                0x1000769c                tu_edpt_claim
 .text.tu_edpt_release
                0x100076ec       0x38 CMakeFiles/LuaPicoTest.dir/home/benji/pico-sdk/lib/tinyusb/src/tusb.c.o
                0x100076ec                tu_edpt_release
 .text.tu_edpt_validate
                0x10007724       0x7c CMakeFiles/LuaPicoTest.dir/home/benji/pico-sdk/lib/tinyusb/src/tusb.c.o
                0x10007724                tu_edpt_validate
 .text.tu_edpt_bind_driver
                0x100077a0       0x34 CMakeFiles/LuaPicoTest.dir/home/benji/pico-sdk/lib/tinyusb/src/tusb.c.o
                0x100077a0                tu_edpt_bind_driver
 .text.tu_edpt_stream_init
                0x100077d4       0x6c CMakeFiles/LuaPicoTest.dir/home/benji/pico-sdk/lib/tinyusb/src/tusb.c.o
                0x100077d4                tu_edpt_stream_init
 .text.tu_edpt_stream_deinit
                0x10007840        0x4 CMakeFiles/LuaPicoTest.dir/home/benji/pico-sdk/lib/tinyusb/src/tusb.c.o
                0x10007840                tu_edpt_stream_deinit
 .text.tu_edpt_stream_write_zlp_if_needed
                0x10007844       0x68 CMakeFiles/LuaPicoTest.dir/home/benji/pico-sdk/lib/tinyusb/src/tusb.c.o
                0x10007844                tu_edpt_stream_write_zlp_if_needed
 .text.tu_edpt_stream_write_xfer
                0x100078ac       0x64 CMakeFiles/LuaPicoTest.dir/home/benji/pico-sdk/lib/tinyusb/src/tusb.c.o
                0x100078ac                tu_edpt_stream_write_xfer
 .text.tu_edpt_stream_read_xfer
                0x10007910       0xdc CMakeFiles/LuaPicoTest.dir/home/benji/pico-sdk/lib/tinyusb/src/tusb.c.o
                0x10007910                tu_edpt_stream_read_xfer
 .text.tu_fifo_config
                0x100079ec       0x6c CMakeFiles/LuaPicoTest.dir/home/benji/pico-sdk/lib/tinyusb/src/common/tusb_fifo.c.o
                0x100079ec                tu_fifo_config
 .text.tu_fifo_count
                0x10007a58       0x2c CMakeFiles/LuaPicoTest.dir/home/benji/pico-sdk/lib/tinyusb/src/common/tusb_fifo.c.o
                0x10007a58                tu_fifo_count
 .text.tu_fifo_empty
                0x10007a84       0x10 CMakeFiles/LuaPicoTest.dir/home/benji/pico-sdk/lib/tinyusb/src/common/tusb_fifo.c.o
                0x10007a84                tu_fifo_empty
 .text.tu_fifo_remaining
                0x10007a94       0x2c CMakeFiles/LuaPicoTest.dir/home/benji/pico-sdk/lib/tinyusb/src/common/tusb_fifo.c.o
                0x10007a94                tu_fifo_remaining
 .text.tu_fifo_read
                0x10007ac0       0x9c CMakeFiles/LuaPicoTest.dir/home/benji/pico-sdk/lib/tinyusb/src/common/tusb_fifo.c.o
                0x10007ac0                tu_fifo_read
 .text.tu_fifo_read_n
                0x10007b5c       0xe8 CMakeFiles/LuaPicoTest.dir/home/benji/pico-sdk/lib/tinyusb/src/common/tusb_fifo.c.o
                0x10007b5c                tu_fifo_read_n
 .text.tu_fifo_write
                0x10007c44       0xa8 CMakeFiles/LuaPicoTest.dir/home/benji/pico-sdk/lib/tinyusb/src/common/tusb_fifo.c.o
                0x10007c44                tu_fifo_write
 .text.tu_fifo_write_n
                0x10007cec      0x178 CMakeFiles/LuaPicoTest.dir/home/benji/pico-sdk/lib/tinyusb/src/common/tusb_fifo.c.o
                0x10007cec                tu_fifo_write_n
 .text.tu_fifo_clear
                0x10007e64       0x40 CMakeFiles/LuaPicoTest.dir/home/benji/pico-sdk/lib/tinyusb/src/common/tusb_fifo.c.o
                0x10007e64                tu_fifo_clear
 .text.tu_fifo_set_overwritable
                0x10007ea4       0x48 CMakeFiles/LuaPicoTest.dir/home/benji/pico-sdk/lib/tinyusb/src/common/tusb_fifo.c.o
                0x10007ea4                tu_fifo_set_overwritable
 .text          0x10007eec     0x2440 liblua.a(lapi.c.o)
                0x10007ef8                lua_checkstack
                0x10007f2c                lua_xmove
                0x10007f74                lua_atpanic
                0x10007f80                lua_version
                0x10007f8c                lua_absindex
                0x10007fac                lua_gettop
                0x10007fbc                lua_settop
                0x10008014                lua_closeslot
                0x10008038                lua_rotate
                0x1000810c                lua_copy
                0x10008220                lua_pushvalue
                0x10008284                lua_type
                0x100082ec                lua_typename
                0x100082fc                lua_iscfunction
                0x10008368                lua_isinteger
                0x100083c4                lua_isnumber
                0x10008430                lua_isstring
                0x10008494                lua_isuserdata
                0x10008500                lua_rawequal
                0x100085b8                lua_arith
                0x100085f4                lua_compare
                0x100086d0                lua_numbertocstring
                0x10008750                lua_stringtonumber
                0x10008768                lua_tonumberx
                0x100087f4                lua_tointegerx
                0x10008880                lua_toboolean
                0x100088ec                lua_tolstring
                0x100089e8                lua_rawlen
                0x10008a88                lua_tocfunction
                0x10008af8                lua_touserdata
                0x10008b70                lua_tothread
                0x10008bd0                lua_topointer
                0x10008c68                lua_pushnil
                0x10008c74                lua_pushnumber
                0x10008c8c                lua_pushinteger
                0x10008ca4                lua_pushlstring
                0x10008cf0                lua_pushexternalstring
                0x10008d34                lua_pushstring
                0x10008d84                lua_pushvfstring
                0x10008da4                lua_pushfstring
                0x10008de0                lua_pushcclosure
                0x10008e58                lua_pushboolean
                0x10008e6c                lua_pushlightuserdata
                0x10008e7c                lua_pushthread
                0x10008e9c                lua_getglobal
                0x10008f0c                lua_gettable
                0x10008fa0                lua_getfield
                0x10009060                lua_geti
                0x1000916c                lua_rawget
                0x100091e4                lua_rawgeti
                0x100092a0                lua_rawgetp
                0x10009324                lua_createtable
                0x10009364                lua_getmetatable
                0x10009400                lua_getiuservalue
                0x1000948c                lua_setglobal
                0x10009518                lua_settable
                0x100095d8                lua_setfield
                0x100096b4                lua_seti
                0x100097dc                lua_rawset
                0x10009878                lua_rawsetp
                0x1000991c                lua_rawseti
                0x100099b0                lua_setmetatable
                0x10009a8c                lua_setiuservalue
                0x10009b30                lua_callk
                0x10009b7c                lua_pcallk
                0x10009c34                lua_load
                0x10009cb4                lua_dump
                0x10009ce0                lua_status
                0x10009ce4                lua_gc
                0x10009dfc                lua_error
                0x10009e20                lua_next
                0x10009e90                lua_toclose
                0x10009ebc                lua_concat
                0x10009efc                lua_len
                0x10009f60                lua_getallocf
                0x10009f70                lua_setallocf
                0x10009f78                lua_setwarnf
                0x10009f88                lua_warning
                0x10009f90                lua_newuserdatauv
                0x10009fc8                lua_getupvalue
                0x1000a0a4                lua_setupvalue
                0x1000a198                lua_upvalueid
                0x1000a234                lua_upvaluejoin
 .text          0x1000a32c     0x1c2c liblua.a(lauxlib.c.o)
                0x1000a470                luaL_alloc
                0x1000a684                luaL_where
                0x1000a6c8                luaL_error
                0x1000a878                luaL_argerror
                0x1000a93c                luaL_typeerror
                0x1000ab5c                luaL_fileresult
                0x1000abc4                luaL_execresult
                0x1000ac24                luaL_newmetatable
                0x1000ac84                luaL_setmetatable
                0x1000aca0                luaL_testudata
                0x1000acf4                luaL_checkudata
                0x1000ad54                luaL_checkoption
                0x1000add8                luaL_checkstack
                0x1000ae0c                luaL_checktype
                0x1000ae34                luaL_checkany
                0x1000ae54                luaL_checklstring
                0x1000ae7c                luaL_optlstring
                0x1000aecc                luaL_checknumber
                0x1000af00                luaL_optnumber
                0x1000af44                luaL_checkinteger
                0x1000af94                luaL_optinteger
                0x1000aff4                luaL_prepbuffsize
                0x1000b010                luaL_addlstring
                0x1000b044                luaL_addstring
                0x1000b080                luaL_pushresult
                0x1000b108                luaL_traceback
                0x1000b460                luaL_pushresultsize
                0x1000b470                luaL_addvalue
                0x1000b4c4                luaL_buffinit
                0x1000b4e0                luaL_buffinitsize
                0x1000b51c                luaL_ref
                0x1000b5cc                luaL_unref
                0x1000b60c                luaL_loadfilex
                0x1000b8dc                luaL_loadbufferx
                0x1000b8f8                luaL_loadstring
                0x1000b924                luaL_getmetafield
                0x1000b974                luaL_callmeta
                0x1000b9ec                luaL_len
                0x1000ba2c                luaL_tolstring
                0x1000bba4                luaL_setfuncs
                0x1000bc34                luaL_getsubtable
                0x1000bc80                luaL_requiref
                0x1000bd70                luaL_addgsub
                0x1000be40                luaL_gsub
                0x1000be90                luaL_makeseed
                0x1000beb4                luaL_newstate
                0x1000bf04                luaL_checkversion_
 .text          0x1000bf58     0x12a0 liblua.a(ldebug.c.o)
                0x1000c350                luaG_getfuncline
                0x1000c3b8                lua_sethook
                0x1000c400                lua_gethook
                0x1000c404                lua_gethookmask
                0x1000c408                lua_gethookcount
                0x1000c40c                lua_getstack
                0x1000c434                luaG_findlocal
                0x1000c4dc                lua_getlocal
                0x1000c5a0                lua_setlocal
                0x1000c644                lua_getinfo
                0x1000cb20                luaG_addinfo
                0x1000cb6c                luaG_errormsg
                0x1000cbd4                luaG_runerror
                0x1000ccb4                luaG_typeerror
                0x1000cce0                luaG_concaterror
                0x1000cd00                luaG_opinterror
                0x1000cd18                luaG_forerror
                0x1000cd34                luaG_tointerror
                0x1000cd64                luaG_ordererror
                0x1000cda4                luaG_errnnil
                0x1000cde0                luaG_callerror
                0x1000cf0c                luaG_tracecall
                0x1000cf3c                luaG_traceexec
 .text          0x1000d1f8     0x1d28 liblua.a(ldo.c.o)
                0x1000d2dc                luaD_seterrorobj
                0x1000d308                luaD_throw
                0x1000d414                luaD_throwbaselevel
                0x1000d430                luaD_rawrunprotected
                0x1000d478                luaD_errerr
                0x1000d4a0                luaD_checkminstack
                0x1000d4c4                luaD_reallocstack
                0x1000d78c                luaD_growstack
                0x1000d810                luaD_shrinkstack
                0x1000d890                luaD_inctop
                0x1000d904                luaD_hook
                0x1000da08                luaD_hookcall
                0x1000db48                luaD_poscall
                0x1000de80                luaD_pretailcall
                0x1000e0f4                luaD_precall
                0x1000e418                luaD_call
                0x1000e764                luaD_callnoyield
                0x1000eac0                lua_resume
                0x1000ebfc                lua_isyieldable
                0x1000ec0c                lua_yieldk
                0x1000ec5c                luaD_closeprotected
                0x1000ec9c                luaD_pcall
                0x1000eda4                luaD_protectedparser
 .text          0x1000ef20      0xf2c liblua.a(ldump.c.o)
                0x1000fc68                luaU_dump
 .text          0x1000fe4c      0x450 liblua.a(lfunc.c.o)
                0x1000fe4c                luaF_newCclosure
                0x1000fe60                luaF_newLclosure
                0x1000fe8c                luaF_initupvals
                0x1000fef8                luaF_findupval
                0x1000ff50                luaF_newtbcupval
                0x1000ffc0                luaF_unlinkupval
                0x1000ffd0                luaF_closeupval
                0x10010054                luaF_close
                0x10010184                luaF_newproto
                0x100101bc                luaF_protosize
                0x100101f0                luaF_freeproto
                0x10010260                luaF_getlocalname
 .text          0x1001029c     0x3258 liblua.a(lgc.c.o)
                0x1001231c                luaC_barrier_
                0x100124a8                luaC_barrierback_
                0x1001250c                luaC_fix
                0x10012528                luaC_newobjdt
                0x10012550                luaC_newobj
                0x10012574                luaC_checkfinalizer
                0x100126b0                luaC_changemode
                0x10012874                luaC_freeallobjects
                0x100129d0                luaC_runtilstate
                0x10012d3c                luaC_step
                0x10013318                luaC_fullgc
 .text          0x100134f4       0x84 liblua.a(linit.c.o)
                0x100134f4                luaL_openselectedlibs
 .text          0x10013578     0x1288 liblua.a(liolib.c.o)
                0x10014680                luaopen_io
 .text          0x10014800     0x13a4 liblua.a(lmathlib.c.o)
                0x100156e4                luaopen_math
 .text          0x10015ba4      0x2d4 liblua.a(lmem.c.o)
                0x10015ba4                luaM_growaux_
                0x10015c70                luaM_shrinkvector_
                0x10015d04                luaM_toobig
                0x10015d10                luaM_free_
                0x10015d28                luaM_realloc_
                0x10015d98                luaM_saferealloc_
                0x10015e0c                luaM_malloc_
 .text          0x10015e78      0xac4 liblua.a(loadlib.c.o)
                0x100167bc                luaopen_package
 .text          0x1001693c      0xe28 liblua.a(lobject.c.o)
                0x10016bb0                luaO_ceillog2
                0x10016bd0                luaO_codeparam
                0x10016c30                luaO_applyparam
                0x10016c8c                luaO_rawarith
                0x10016e08                luaO_arith
                0x10016f80                luaO_hexavalue
                0x10016fa0                luaO_str2num
                0x10017268                luaO_utf8esc
                0x100172a8                luaO_tostringbuff
                0x10017350                luaO_tostring
                0x10017424                luaO_pushvfstring
                0x10017688                luaO_pushfstring
                0x100176b0                luaO_chunkid
 .text          0x10017764       0x5c liblua.a(lopcodes.c.o)
                0x10017764                luaP_isOT
                0x10017788                luaP_isIT
 .text          0x100177c0      0x6b8 liblua.a(loslib.c.o)
                0x10017e44                luaopen_os
 .text          0x10017e78     0x3790 liblua.a(lparser.c.o)
                0x1001b3f4                luaY_checklimit
                0x1001b408                luaY_nvarstack
                0x1001b43c                luaY_parser
 .text          0x1001b608      0x678 liblua.a(lstate.c.o)
                0x1001b788                luaE_setdebt
                0x1001b7a4                luaE_extendCI
                0x1001b7c4                luaE_shrinkCI
                0x1001b7f4                luaE_checkcstack
                0x1001b814                luaE_incCstack
                0x1001b83c                luaE_threadsize
                0x1001b858                lua_newthread
                0x1001b918                luaE_freethread
                0x1001b970                luaE_resetthread
                0x1001b9d8                lua_closethread
                0x1001ba5c                lua_newstate
                0x1001bbb4                lua_close
                0x1001bbc8                luaE_warning
                0x1001bbe0                luaE_warnerror
 .text          0x1001bc80      0x75c liblua.a(lstring.c.o)
                0x1001bcb4                luaS_eqstr
                0x1001bcec                luaS_hashlongstr
                0x1001bd1c                luaS_resize
                0x1001bf64                luaS_clearcache
                0x1001bf98                luaS_init
                0x1001c188                luaS_sizelngstr
                0x1001c1a0                luaS_createlngstrobj
                0x1001c1cc                luaS_remove
                0x1001c1f8                luaS_newlstr
                0x1001c248                luaS_new
                0x1001c2f8                luaS_newudata
                0x1001c350                luaS_newextlstr
                0x1001c3c4                luaS_normstr
 .text          0x1001c3dc     0x3188 liblua.a(lstrlib.c.o)
                0x1001f4d0                luaopen_string
 .text          0x1001f564     0x17a8 liblua.a(ltable.c.o)
                0x1001fa40                luaH_next
                0x1001fb34                luaH_resize
                0x100200f0                luaH_resizearray
                0x10020108                luaH_new
                0x10020128                luaH_size
                0x10020154                luaH_free
                0x1002019c                luaH_getint
                0x10020258                luaH_Hgetshortstr
                0x10020294                luaH_getshortstr
                0x100202e4                luaH_getstr
                0x10020358                luaH_get
                0x10020404                luaH_psetint
                0x100204ac                luaH_psetshortstr
                0x10020574                luaH_psetstr
                0x100205dc                luaH_pset
                0x10020678                luaH_finishset
                0x10020760                luaH_set
                0x1002081c                luaH_setint
                0x100208f8                luaH_getn
 .text          0x10020d0c      0xd00 liblua.a(ltablib.c.o)
                0x100219d8                luaopen_table
 .text          0x10021a0c      0xb80 liblua.a(ltm.c.o)
                0x10021a0c                luaT_init
                0x10021a3c                luaT_gettm
                0x10021a60                luaT_gettmbyobj
                0x10021a9c                luaT_objtypename
                0x10021b00                luaT_callTM
                0x10021b64                luaT_callTMres
                0x10021bdc                luaT_trybinTM
                0x10021d24                luaT_tryconcatTM
                0x10021e1c                luaT_trybinassocTM
                0x10021e44                luaT_trybiniTM
                0x10021f88                luaT_callorderTM
                0x100220a4                luaT_callorderiTM
                0x10022208                luaT_adjustvarargs
                0x10022370                luaT_getvararg
                0x10022420                luaT_getvarargs
 .text          0x1002258c      0xff0 liblua.a(lundump.c.o)
                0x100231fc                luaU_undump
 .text          0x1002357c      0xb1c liblua.a(lutf8lib.c.o)
                0x10024044                luaopen_utf8
 .text          0x10024098     0x44c8 liblua.a(lvm.c.o)
                0x10024308                luaV_tonumber_
                0x10024370                luaV_flttointeger
                0x1002440c                luaV_tointegerns
                0x100244b0                luaV_tointeger
                0x10024588                luaV_finishget
                0x10024668                luaV_finishset
                0x100247c0                luaV_lessthan
                0x100249e8                luaV_lessequal
                0x10024c2c                luaV_equalobj
                0x10024e1c                luaV_concat
                0x10024e28                luaV_objlen
                0x10024ec8                luaV_idiv
                0x10024f38                luaV_mod
                0x10024f88                luaV_modf
                0x10024fec                luaV_shiftl
                0x10025054                luaV_finishOp
                0x10025120                luaV_execute
 .text          0x10028560       0xe0 liblua.a(lzio.c.o)
                0x10028560                luaZ_fill
                0x10028590                luaZ_init
                0x100285a0                luaZ_read
                0x10028600                luaZ_getaddr
 .text          0x10028640      0xb7c liblua.a(lbaselib.c.o)
                0x10029160                luaopen_base
 .text          0x100291bc     0x319c liblua.a(lcode.c.o)
                0x100299c8                luaK_semerror
                0x100299f8                luaK_exp2const
                0x10029a94                luaK_nil
                0x10029c10                luaK_concat
                0x10029c70                luaK_jump
                0x10029d64                luaK_ret
                0x10029e78                luaK_getlabel
                0x10029e80                luaK_patchlist
                0x10029e8c                luaK_patchtohere
                0x10029e9c                luaK_code
                0x10029f88                luaK_codeABCk
                0x1002a084                luaK_codevABCk
                0x1002a180                luaK_codeABx
                0x1002a270                luaK_checkstack
                0x1002a298                luaK_reserveregs
                0x1002a2cc                luaK_int
                0x1002a378                luaK_setreturns
                0x1002a3f0                luaK_setoneret
                0x1002a430                luaK_vapar2local
                0x1002a440                luaK_dischargevars
                0x1002aa9c                luaK_exp2nextreg
                0x1002ab0c                luaK_exp2anyreg
                0x1002abb0                luaK_codecheckglobal
                0x1002aee0                luaK_exp2anyregup
                0x1002af94                luaK_exp2val
                0x1002b044                luaK_storevar
                0x1002b1b8                luaK_goiftrue
                0x1002b238                luaK_self
                0x1002b31c                luaK_indexed
                0x1002b444                luaK_prefix
                0x1002b5d0                luaK_infix
                0x1002b738                luaK_posfix
                0x1002c04c                luaK_fixline
                0x1002c140                luaK_settablesize
                0x1002c1a8                luaK_setlist
                0x1002c1fc                luaK_finish
 .text          0x1002c358      0x3a4 liblua.a(lcorolib.c.o)
                0x1002c6c8                luaopen_coroutine
 .text          0x1002c6fc      0xbe4 liblua.a(ldblib.c.o)
                0x1002d2ac                luaopen_debug
 .text          0x1002d2e0     0x1788 liblua.a(llex.c.o)
                0x1002d2e0                luaX_init
                0x1002d31c                luaX_token2str
                0x1002e958                luaX_syntaxerror
                0x1002e960                luaX_newstring
                0x1002e9bc                luaX_setinput
                0x1002ea28                luaX_next
                0x1002ea58                luaX_lookahead
 .text          0x1002ea68       0x30 /usr/lib/gcc/arm-none-eabi/13.2.1/../../../arm-none-eabi/lib/thumb/v6-m/nofp/libg.a(libc_a-getenv.o)
                0x1002ea68                _findenv
                0x1002ea80                getenv
 .text          0x1002ea98      0x198 /usr/lib/gcc/arm-none-eabi/13.2.1/../../../arm-none-eabi/lib/thumb/v6-m/nofp/libg.a(libc_a-fread.o)
                0x1002ea98                _fread_r
                0x1002ec10                fread
 .text          0x1002ec30       0x70 /usr/lib/gcc/arm-none-eabi/13.2.1/../../../arm-none-eabi/lib/thumb/v6-m/nofp/libg.a(libc_a-getc.o)
                0x1002ec30                _getc_r
                0x1002ec64                getc
 .text          0x1002eca0       0x74 /usr/lib/gcc/arm-none-eabi/13.2.1/../../../arm-none-eabi/lib/thumb/v6-m/nofp/libg.a(libc_a-memchr-stub.o)
                0x1002eca0                memchr
 .text          0x1002ed14       0x14 /usr/lib/gcc/arm-none-eabi/13.2.1/../../../arm-none-eabi/lib/thumb/v6-m/nofp/libg.a(libc_a-localeconv.o)
                0x1002ed14                __localeconv_l
                0x1002ed18                _localeconv_r
                0x1002ed20                localeconv
 .text          0x1002ed28       0x1c /usr/lib/gcc/arm-none-eabi/13.2.1/../../../arm-none-eabi/lib/thumb/v6-m/nofp/libg.a(libc_a-ftell.o)
                0x1002ed28                _ftell_r
                0x1002ed30                ftell
 .text          0x1002ed44       0x30 /usr/lib/gcc/arm-none-eabi/13.2.1/../../../arm-none-eabi/lib/thumb/v6-m/nofp/libg.a(libc_a-system.o)
                0x1002ed44                _system_r
                0x1002ed5c                system
 .text          0x1002ed74     0x10b8 /usr/lib/gcc/arm-none-eabi/13.2.1/../../../arm-none-eabi/lib/thumb/v6-m/nofp/libg.a(libc_a-strtod.o)
                0x1002eda4                _strtod_l
                0x1002fc5c                _strtod_r
                0x1002fc6c                strtod_l
                0x1002fc84                strtod
                0x1002fca0                strtof_l
                0x1002fd58                strtof
 .text          0x1002fe2c       0x14 /usr/lib/gcc/arm-none-eabi/13.2.1/../../../arm-none-eabi/lib/thumb/v6-m/nofp/libg.a(libc_a-lcltime.o)
                0x1002fe2c                localtime
 .text          0x1002fe40       0x98 /usr/lib/gcc/arm-none-eabi/13.2.1/../../../arm-none-eabi/lib/thumb/v6-m/nofp/libg.a(libc_a-locale.o)
                0x1002fe40                _setlocale_r
                0x1002fe84                __locale_mb_cur_max
                0x1002fe94                setlocale
 .text          0x1002fed8       0xc4 /usr/lib/gcc/arm-none-eabi/13.2.1/../../../arm-none-eabi/lib/thumb/v6-m/nofp/libg.a(libc_a-strchr.o)
                0x1002fed8                strchr
 .text          0x1002ff9c       0x88 /usr/lib/gcc/arm-none-eabi/13.2.1/../../../arm-none-eabi/lib/thumb/v6-m/nofp/libg.a(libc_a-strcmp.o)
                0x1002ff9c                strcmp
 .text          0x10030024      0x658 /usr/lib/gcc/arm-none-eabi/13.2.1/../../../arm-none-eabi/lib/thumb/v6-m/nofp/libg.a(libc_a-gdtoa-gethex.o)
                0x100300d4                __gethex
 .text          0x1003067c      0x19c /usr/lib/gcc/arm-none-eabi/13.2.1/../../../arm-none-eabi/lib/thumb/v6-m/nofp/libg.a(libc_a-tmpnam.o)
                0x100306f0                _tmpnam_r
                0x10030738                _tempnam_r
                0x100307b0                tempnam
                0x100307c8                tmpnam
 .text          0x10030818      0x600 /usr/lib/gcc/arm-none-eabi/13.2.1/../../../arm-none-eabi/lib/thumb/v6-m/nofp/libg.a(libc_a-strstr.o)
                0x10030c9c                strstr
 .text          0x10030e18        0xc /usr/lib/gcc/arm-none-eabi/13.2.1/../../../arm-none-eabi/lib/thumb/v6-m/nofp/libg.a(libc_a-difftime.o)
                0x10030e18                difftime
 .text          0x10030e24       0x44 /usr/lib/gcc/arm-none-eabi/13.2.1/../../../arm-none-eabi/lib/thumb/v6-m/nofp/libg.a(libc_a-mbtowc_r.o)
                0x10030e24                _mbtowc_r
                0x10030e3c                __ascii_mbtowc
 .text          0x10030e68       0xac /usr/lib/gcc/arm-none-eabi/13.2.1/../../../arm-none-eabi/lib/thumb/v6-m/nofp/libg.a(libc_a-ftello.o)
                0x10030e68                _ftello_r
                0x10030f00                ftello
 .text          0x10030f14      0x1c4 /usr/lib/gcc/arm-none-eabi/13.2.1/../../../arm-none-eabi/lib/thumb/v6-m/nofp/libg.a(libc_a-fflush.o)
                0x10030f14                __sflush_r
                0x1003105c                _fflush_r
                0x10031088                fflush
 .text          0x100310d8      0x168 /usr/lib/gcc/arm-none-eabi/13.2.1/../../../arm-none-eabi/lib/thumb/v6-m/nofp/libg.a(libc_a-setvbuf.o)
                0x100310d8                setvbuf
 .text          0x10031240       0x74 /usr/lib/gcc/arm-none-eabi/13.2.1/../../../arm-none-eabi/lib/thumb/v6-m/nofp/libg.a(libc_a-strncmp.o)
                0x10031240                strncmp
 .text          0x100312b4        0x8 /usr/lib/gcc/arm-none-eabi/13.2.1/../../../arm-none-eabi/lib/thumb/v6-m/nofp/libg.a(libc_a-strcoll.o)
                0x100312b4                strcoll
 .text          0x100312bc       0xb0 /usr/lib/gcc/arm-none-eabi/13.2.1/../../../arm-none-eabi/lib/thumb/v6-m/nofp/libg.a(libc_a-memmove.o)
                0x100312bc                memmove
 .text          0x1003136c      0x194 /usr/lib/gcc/arm-none-eabi/13.2.1/../../../arm-none-eabi/lib/thumb/v6-m/nofp/libg.a(libc_a-freopen.o)
                0x1003136c                _freopen_r
                0x100314e8                freopen
 .text          0x10031500       0x34 /usr/lib/gcc/arm-none-eabi/13.2.1/../../../arm-none-eabi/lib/thumb/v6-m/nofp/libg.a(libc_a-setjmp.o)
                0x10031500                setjmp
                0x10031518                longjmp
 .text          0x10031534        0xc /usr/lib/gcc/arm-none-eabi/13.2.1/../../../arm-none-eabi/lib/thumb/v6-m/nofp/libg.a(libc_a-errno.o)
                0x10031534                __errno
 .text          0x10031540      0xc98 /usr/lib/gcc/arm-none-eabi/13.2.1/../../../arm-none-eabi/lib/thumb/v6-m/nofp/libg.a(libc_a-strftime.o)
                0x100321c8                strftime
                0x100321d0                strftime_l
 .text          0x100321d8        0x8 /usr/lib/gcc/arm-none-eabi/13.2.1/../../../arm-none-eabi/lib/thumb/v6-m/nofp/libg.a(libc_a-labs.o)
                0x100321d8                labs
 .text          0x100321e0       0xc4 /usr/lib/gcc/arm-none-eabi/13.2.1/../../../arm-none-eabi/lib/thumb/v6-m/nofp/libg.a(libc_a-fgets.o)
                0x100321e0                _fgets_r
                0x1003228c                fgets
 .text          0x100322a4       0x10 /usr/lib/gcc/arm-none-eabi/13.2.1/../../../arm-none-eabi/lib/thumb/v6-m/nofp/libg.a(libc_a-abort.o)
                0x100322a4                abort
 .text          0x100322b4       0x2c /usr/lib/gcc/arm-none-eabi/13.2.1/../../../arm-none-eabi/lib/thumb/v6-m/nofp/libg.a(libc_a-remove.o)
                0x100322b4                _remove_r
                0x100322c4                remove
 .text          0x100322e0       0x14 /usr/lib/gcc/arm-none-eabi/13.2.1/../../../arm-none-eabi/lib/thumb/v6-m/nofp/libg.a(libc_a-gmtime.o)
                0x100322e0                gmtime
 .text          0x100322f4       0xa8 /usr/lib/gcc/arm-none-eabi/13.2.1/../../../arm-none-eabi/lib/thumb/v6-m/nofp/libg.a(libc_a-callocr.o)
                0x100322f4                _calloc_r
 .text          0x1003239c       0x50 /usr/lib/gcc/arm-none-eabi/13.2.1/../../../arm-none-eabi/lib/thumb/v6-m/nofp/libg.a(libc_a-fputc.o)
                0x1003239c                _fputc_r
                0x100323c0                fputc
 .text          0x100323ec       0x18 /usr/lib/gcc/arm-none-eabi/13.2.1/../../../arm-none-eabi/lib/thumb/v6-m/nofp/libg.a(libc_a-realloc.o)
                0x100323ec                realloc
 .text          0x10032404       0xa0 /usr/lib/gcc/arm-none-eabi/13.2.1/../../../arm-none-eabi/lib/thumb/v6-m/nofp/libg.a(libc_a-flags.o)
                0x10032404                __sflags
 .text          0x100324a4       0x28 /usr/lib/gcc/arm-none-eabi/13.2.1/../../../arm-none-eabi/lib/thumb/v6-m/nofp/libg.a(libc_a-tzset.o)
                0x100324a4                _tzset_unlocked
                0x100324b4                tzset
 .text          0x100324cc       0xb8 /usr/lib/gcc/arm-none-eabi/13.2.1/../../../arm-none-eabi/lib/thumb/v6-m/nofp/libg.a(libc_a-rget.o)
                0x100324cc                __srget_r
                0x10032524                __srget
 .text          0x10032584      0x5b4 /usr/lib/gcc/arm-none-eabi/13.2.1/../../../arm-none-eabi/lib/thumb/v6-m/nofp/libg.a(libc_a-mallocr.o)
                0x10032584                _malloc_r
 .text          0x10032b38      0x288 /usr/lib/gcc/arm-none-eabi/13.2.1/../../../arm-none-eabi/lib/thumb/v6-m/nofp/libg.a(libc_a-freer.o)
                0x10032b38                _malloc_trim_r
                0x10032bec                _free_r
 .text          0x10032dc0       0x88 /usr/lib/gcc/arm-none-eabi/13.2.1/../../../arm-none-eabi/lib/thumb/v6-m/nofp/libg.a(libc_a-tmpfile.o)
                0x10032dc0                _tmpfile_r
                0x10032e38                tmpfile
 .text          0x10032e48       0x18 /usr/lib/gcc/arm-none-eabi/13.2.1/../../../arm-none-eabi/lib/thumb/v6-m/nofp/libg.a(libc_a-rename.o)
                0x10032e48                rename
 .text          0x10032e60       0x20 /usr/lib/gcc/arm-none-eabi/13.2.1/../../../arm-none-eabi/lib/thumb/v6-m/nofp/libg.a(libc_a-fseek.o)
                0x10032e60                _fseek_r
                0x10032e68                fseek
 .text          0x10032e80       0x48 /usr/lib/gcc/arm-none-eabi/13.2.1/../../../arm-none-eabi/lib/thumb/v6-m/nofp/libg.a(libc_a-memcmp.o)
                0x10032e80                memcmp
 .text          0x10032ec8       0xa4 /usr/lib/gcc/arm-none-eabi/13.2.1/../../../arm-none-eabi/lib/thumb/v6-m/nofp/libg.a(libc_a-fclose.o)
                0x10032ec8                _fclose_r
                0x10032f58                fclose
 .text          0x10032f6c        0x8 /usr/lib/gcc/arm-none-eabi/13.2.1/../../../arm-none-eabi/lib/thumb/v6-m/nofp/libg.a(libc_a-gettzinfo.o)
                0x10032f6c                __gettzinfo